COMMAND: /home/rongzeng/anaconda3/envs/scanbase/bin/python -u ode_inference.py --model_name TIMMQAT5b8aNT0p25mulTIMMPCNetNoBatchNorm_PCConvReLU6_0.0eps_ToggleODEXInitFFFB_dopri5Solver_1.75TEnd_0.0001Tol_0.001WD_128BS_0.01LR_C100_3K1S96C_0.25Dropout_16Layers4l5l4_2Pool_srrlDistill_a0p3_t2p0_scanGFI_1REP --ckpt best --model_dir saved_ckpt --task cifar100 --img_type scanGFI --test_bs 128 --pc_conv PCConvReLU6Noisy --ode_block TogglePulseODEXInitFFFB --ode_wrapper ToggleQATTester1State --method dopri5 --tol 1e-6 --n_steps 100 --ts_scale 1 --d_start 0 --d_end 1 --n_sweep_left 0 --n_sweep_right 1 --noise_level_list 0.0 --noisy_trials 5 --thermal_noise false --sde_noise_type mul --mismatch_type mul --sweep_eps false --R 10e3 --R_max 150e3 --C 49e-15 --k 1e3 --v_dd 0.1 --enob 8 --w_bits 5 --patch_node 8 --patch_stride 8 --patch_cycle 1 --patch_pad 0 --fold_scalar 1 --tie_cap false --one_over_q 1 --toggle_n_cycles 5 --toggle_time_split 0.5 --toggle_fast_path true --conv_only true --test_expanded true --expanded_w_dir expanded_weights --diff_mismatch false --nonlinear_R false --mul_mismatch_mode static_mismatch --enable_spin_variation true --sigma_spin 0.10 --spin_variation_seed 20260721 --enable_measured_activation false --activation_curve_path /home/rongzeng/_workspce_old/repos/pcn/collaboration/ScAN-PCN/hardware_data/relu_0p3mV.csv --activation_corner TT --activation_spline_parameters 10 --compile_measured_activation true --enable_summing_current_noise false --summing_current_p 12.73e-12 --summing_noise_seed 20260721 --return_init 0 --test_only false --ablation_single_case true --ablation_case_name spin_only --hardware_seed 20260721 --data_seed 20260721
WARNING:root:----- Using PC Conv layer: PCConvReLU6Noisy -----
Configuration saved to: /tmp/tmpbe_5k4e5/config.json
Edit the file to customize generation parameters
WARNING:root:Running ODE pcn inference, method: dopri5, tol: 1e-06
WARNING:root:Current t_end: 1.75, ground truth t_end: 1.75
----- Using :PCNetNoBatchNorm model -----
WARNING:root:Drop the first BN layer
Replacing all transposed conv with conv
WARNING:root:PcConv converted to ODEBlock, ode_params={'ode_block': <class 'ode_pc.TogglePulseODEXInitFFFB'>, 't_end': 1.75, 'method': 'dopri5', 'tol': 1e-06, 'ts_scale': 1, 'n_steps': 100.0, 'return_init': [False, False, False, False, False, False, False, False, False, False, False, False, False, False, False, False], 'switch_period': 7e-08, 'n_iters': 2, 'i_leak': 1e-09, 'sde_noise_type': 'mul', 'mismatch_type': 'mul', 'patch_node': 8, 'patch_stride': 8, 'patch_cycle': 1, 'patch_pad': 0, 'fold_scalar': 1, 'toggle_n_cycles': 5, 'toggle_time_split': 0.5, 'toggle_fast_path': True, 'enable_spin_variation': True, 'sigma_spin': 0.1, 'spin_variation_seed': 20260721, 'enable_summing_current_noise': False, 'summing_current_p': 1.273e-11, 'summing_noise_seed': 20260721}
WARNING:root:ODEBlock in network wrapped, ode_wrapper_params={'ode_wrapper': <class 'ode_pc.ToggleQATTester1State'>, 'calib_path': None, 'R': 10000.0, 'R_max': 150000.0, 'C': 4.9e-14, 'k': 1000.0, 'v_dd': 0.1, 'w_bits': 5, 'enob': 8, 'tie_cap': False, 'one_over_q': 1.0, 'nonlinear_R': False, 'mul_mismatch_mode': 'static_mismatch', 'enable_measured_activation': False, 'activation_curve_path': '/home/rongzeng/_workspce_old/repos/pcn/collaboration/ScAN-PCN/hardware_data/relu_0p3mV.csv', 'activation_corner': 'TT', 'activation_spline_parameters': 10, 'compile_measured_activation': True, 'w_quant_mode': 'min_max', 'thermal_noise': False, 'w_perc': 0.99999, 'offset_eps': None}
WARNING:root:name: PcConvs.0.FFconv.weight, clean params mean: -0.09537037461996078, median: -0.06666667014360428, min: -1.0, max: 0.2666666805744171
WARNING:root:name: PcConvs.0.FBconv.weight, clean params mean: -0.0431327149271965, median: -0.06666667014360428, min: -1.0, max: 0.800000011920929
WARNING:root:name: PcConvs.0.b0.0, clean params mean: 0.0, median: 0.0, min: 0.0, max: 0.0
WARNING:root:name: PcConvs.1.FFconv.weight, clean params mean: -0.019868826493620872, median: -0.0, min: -1.0, max: 0.6000000238418579
WARNING:root:name: PcConvs.1.FBconv.weight, clean params mean: -0.008551955223083496, median: -0.0, min: -0.8666666746139526, max: 1.0
WARNING:root:name: PcConvs.1.b0.0, clean params mean: 0.0, median: 0.0, min: 0.0, max: 0.0
WARNING:root:name: PcConvs.2.FFconv.weight, clean params mean: -0.00765174999833107, median: 0.0, min: -1.0, max: 0.8666666746139526
WARNING:root:name: PcConvs.2.FBconv.weight, clean params mean: 0.0006301437388174236, median: 0.0, min: -1.0, max: 0.8666666746139526
WARNING:root:name: PcConvs.2.b0.0, clean params mean: 0.0, median: 0.0, min: 0.0, max: 0.0
WARNING:root:name: PcConvs.3.FFconv.weight, clean params mean: -0.005426954943686724, median: 0.0, min: -0.9333333373069763, max: 1.0
WARNING:root:name: PcConvs.3.FBconv.weight, clean params mean: 0.007201645988970995, median: 0.0, min: -0.7333333492279053, max: 1.0
WARNING:root:name: PcConvs.3.b0.0, clean params mean: 0.0, median: 0.0, min: 0.0, max: 0.0
WARNING:root:name: PcConvs.4.FFconv.weight, clean params mean: -0.0029706794302910566, median: -0.0, min: -1.0, max: 0.6000000238418579
WARNING:root:name: PcConvs.4.FBconv.weight, clean params mean: 0.008461934514343739, median: 0.0, min: -0.8666666746139526, max: 1.0
WARNING:root:name: PcConvs.4.b0.0, clean params mean: 0.0, median: 0.0, min: 0.0, max: 0.0
WARNING:root:name: PcConvs.5.FFconv.weight, clean params mean: 0.001015946501865983, median: -0.0, min: -0.800000011920929, max: 1.0
WARNING:root:name: PcConvs.5.FBconv.weight, clean params mean: 0.0060056583024561405, median: -0.0, min: -1.0, max: 1.0
WARNING:root:name: PcConvs.5.b0.0, clean params mean: 0.0, median: 0.0, min: 0.0, max: 0.0
WARNING:root:name: PcConvs.6.FFconv.weight, clean params mean: 0.0006140687619335949, median: 0.0, min: -1.0, max: 0.9333333373069763
WARNING:root:name: PcConvs.6.FBconv.weight, clean params mean: 0.004793595522642136, median: 0.0, min: -0.8666666746139526, max: 1.0
WARNING:root:name: PcConvs.6.b0.0, clean params mean: 0.0, median: 0.0, min: 0.0, max: 0.0
WARNING:root:name: PcConvs.7.FFconv.weight, clean params mean: 0.002716692630201578, median: -0.0, min: -1.0, max: 0.9333333373069763
WARNING:root:name: PcConvs.7.FBconv.weight, clean params mean: 0.003954474814236164, median: 0.0, min: -0.800000011920929, max: 1.0
WARNING:root:name: PcConvs.7.b0.0, clean params mean: 0.0, median: 0.0, min: 0.0, max: 0.0
WARNING:root:name: PcConvs.8.FFconv.weight, clean params mean: -0.004128086380660534, median: -0.0, min: -0.800000011920929, max: 1.0
WARNING:root:name: PcConvs.8.FBconv.weight, clean params mean: 0.012638244777917862, median: 0.0, min: -0.8666666746139526, max: 1.0
WARNING:root:name: PcConvs.8.b0.0, clean params mean: 0.0, median: 0.0, min: 0.0, max: 0.0
WARNING:root:name: PcConvs.9.FFconv.weight, clean params mean: -0.007172711193561554, median: 0.0, min: -1.0, max: 1.0
WARNING:root:name: PcConvs.9.FBconv.weight, clean params mean: 0.010873199440538883, median: -0.0, min: -1.0, max: 0.9333333373069763
WARNING:root:name: PcConvs.9.b0.0, clean params mean: 0.0, median: 0.0, min: 0.0, max: 0.0
WARNING:root:name: PcConvs.10.FFconv.weight, clean params mean: -0.00072980992263183, median: -0.0, min: -1.0, max: 0.7333333492279053
WARNING:root:name: PcConvs.10.FBconv.weight, clean params mean: 0.010927855037152767, median: 0.0, min: -0.7333333492279053, max: 1.0
WARNING:root:name: PcConvs.10.b0.0, clean params mean: 0.0, median: 0.0, min: 0.0, max: 0.0
WARNING:root:name: PcConvs.11.FFconv.weight, clean params mean: 0.003681198228150606, median: -0.0, min: -0.8666666746139526, max: 1.0
WARNING:root:name: PcConvs.11.FBconv.weight, clean params mean: 0.005353009328246117, median: 0.0, min: -1.0, max: 0.9333333373069763
WARNING:root:name: PcConvs.11.b0.0, clean params mean: 0.0, median: 0.0, min: 0.0, max: 0.0
WARNING:root:name: PcConvs.12.FFconv.weight, clean params mean: -0.00041634502122178674, median: 0.0, min: -1.0, max: 0.8666666746139526
WARNING:root:name: PcConvs.12.FBconv.weight, clean params mean: 0.0049913194961845875, median: 0.0, min: -1.0, max: 1.0
WARNING:root:name: PcConvs.12.b0.0, clean params mean: 0.0, median: 0.0, min: 0.0, max: 0.0
WARNING:root:name: PcConvs.13.FFconv.weight, clean params mean: -0.009022955782711506, median: -0.0, min: -0.9333333373069763, max: 1.0
WARNING:root:name: PcConvs.13.FBconv.weight, clean params mean: 0.015862109139561653, median: 0.0, min: -1.0, max: 1.0
WARNING:root:name: PcConvs.13.b0.0, clean params mean: 0.0, median: 0.0, min: 0.0, max: 0.0
WARNING:root:name: PcConvs.14.FFconv.weight, clean params mean: -0.003322723787277937, median: 0.0, min: -1.0, max: 0.800000011920929
WARNING:root:name: PcConvs.14.FBconv.weight, clean params mean: 0.02038162387907505, median: -0.0, min: -0.9333333373069763, max: 1.0
WARNING:root:name: PcConvs.14.b0.0, clean params mean: 0.0, median: 0.0, min: 0.0, max: 0.0
WARNING:root:name: PcConvs.15.FFconv.weight, clean params mean: 0.008640368469059467, median: -0.0, min: -1.0, max: 0.6000000238418579
WARNING:root:name: PcConvs.15.FBconv.weight, clean params mean: -0.002095390111207962, median: -0.0, min: -0.9333333373069763, max: 1.0
WARNING:root:name: PcConvs.15.b0.0, clean params mean: 0.0, median: 0.0, min: 0.0, max: 0.0
WARNING:root:name: linear.weight, clean params mean: -0.0070163109339773655, median: -0.08245333284139633, min: -0.4270583391189575, max: 0.8377830982208252
WARNING:root:name: linear.bias, clean params mean: -0.002159359399229288, median: -0.011764620430767536, min: -0.23566970229148865, max: 0.19391556084156036
WARNING:root:----- Model loaded -----
WARNING:root:Unroll or load expanded weights finished

  0%|          | 0/79 [00:00<?, ?it/s]
  0%|          | 0/79 [00:02<?, ?it/s, acc=71.88%]
  1%|▏         | 1/79 [00:02<03:06,  2.39s/it, acc=71.88%]
  1%|▏         | 1/79 [00:05<03:06,  2.39s/it, acc=69.14%]
  3%|▎         | 2/79 [00:05<03:14,  2.52s/it, acc=69.14%]
  3%|▎         | 2/79 [00:08<03:14,  2.52s/it, acc=66.15%]
  4%|▍         | 3/79 [00:08<04:00,  3.16s/it, acc=66.15%]
  4%|▍         | 3/79 [00:12<04:00,  3.16s/it, acc=65.23%]
  5%|▌         | 4/79 [00:12<04:23,  3.52s/it, acc=65.23%]
  5%|▌         | 4/79 [00:17<04:23,  3.52s/it, acc=64.22%]
  6%|▋         | 5/79 [00:17<04:45,  3.85s/it, acc=64.22%]
  6%|▋         | 5/79 [00:21<04:45,  3.85s/it, acc=64.84%]
  8%|▊         | 6/79 [00:21<04:57,  4.08s/it, acc=64.84%]
  8%|▊         | 6/79 [00:26<04:57,  4.08s/it, acc=64.84%]
  9%|▉         | 7/79 [00:26<04:57,  4.13s/it, acc=64.84%]
  9%|▉         | 7/79 [00:30<04:57,  4.13s/it, acc=63.57%]
 10%|█         | 8/79 [00:30<05:04,  4.28s/it, acc=63.57%]
 10%|█         | 8/79 [00:35<05:04,  4.28s/it, acc=63.80%]
 11%|█▏        | 9/79 [00:35<05:02,  4.32s/it, acc=63.80%]
 11%|█▏        | 9/79 [00:39<05:02,  4.32s/it, acc=63.98%]
 13%|█▎        | 10/79 [00:39<05:01,  4.36s/it, acc=63.98%]
 13%|█▎        | 10/79 [00:44<05:01,  4.36s/it, acc=63.71%]
 14%|█▍        | 11/79 [00:44<05:01,  4.43s/it, acc=63.71%]
 14%|█▍        | 11/79 [00:48<05:01,  4.43s/it, acc=64.19%]
 15%|█▌        | 12/79 [00:48<04:55,  4.41s/it, acc=64.19%]
 15%|█▌        | 12/79 [00:53<04:55,  4.41s/it, acc=64.36%]
 16%|█▋        | 13/79 [00:53<04:53,  4.45s/it, acc=64.36%]
 16%|█▋        | 13/79 [00:57<04:53,  4.45s/it, acc=64.12%]
 18%|█▊        | 14/79 [00:57<04:48,  4.43s/it, acc=64.12%]
 18%|█▊        | 14/79 [01:01<04:48,  4.43s/it, acc=64.64%]
 19%|█▉        | 15/79 [01:01<04:42,  4.41s/it, acc=64.64%]
 19%|█▉        | 15/79 [01:06<04:42,  4.41s/it, acc=65.04%]
 20%|██        | 16/79 [01:06<04:41,  4.47s/it, acc=65.04%]
 20%|██        | 16/79 [01:10<04:41,  4.47s/it, acc=65.07%]
 22%|██▏       | 17/79 [01:10<04:35,  4.45s/it, acc=65.07%]
 22%|██▏       | 17/79 [01:15<04:35,  4.45s/it, acc=64.97%]
 23%|██▎       | 18/79 [01:15<04:33,  4.49s/it, acc=64.97%]
 23%|██▎       | 18/79 [01:19<04:33,  4.49s/it, acc=64.84%]
 24%|██▍       | 19/79 [01:19<04:28,  4.48s/it, acc=64.84%]
 24%|██▍       | 19/79 [01:24<04:28,  4.48s/it, acc=65.12%]
 25%|██▌       | 20/79 [01:24<04:21,  4.42s/it, acc=65.12%]
 25%|██▌       | 20/79 [01:28<04:21,  4.42s/it, acc=65.03%]
 27%|██▋       | 21/79 [01:28<04:21,  4.50s/it, acc=65.03%]
 27%|██▋       | 21/79 [01:33<04:21,  4.50s/it, acc=65.13%]
 28%|██▊       | 22/79 [01:33<04:15,  4.48s/it, acc=65.13%]
 28%|██▊       | 22/79 [01:37<04:15,  4.48s/it, acc=64.84%]
 29%|██▉       | 23/79 [01:37<04:12,  4.51s/it, acc=64.84%]
 29%|██▉       | 23/79 [01:42<04:12,  4.51s/it, acc=64.52%]
 30%|███       | 24/79 [01:42<04:08,  4.52s/it, acc=64.52%]
 30%|███       | 24/79 [01:46<04:08,  4.52s/it, acc=64.66%]
 32%|███▏      | 25/79 [01:46<03:59,  4.44s/it, acc=64.66%]
 32%|███▏      | 25/79 [01:51<03:59,  4.44s/it, acc=64.57%]
 33%|███▎      | 26/79 [01:51<03:58,  4.50s/it, acc=64.57%]
 33%|███▎      | 26/79 [01:55<03:58,  4.50s/it, acc=64.50%]
 34%|███▍      | 27/79 [01:55<03:53,  4.48s/it, acc=64.50%]
 34%|███▍      | 27/79 [02:00<03:53,  4.48s/it, acc=64.45%]
 35%|███▌      | 28/79 [02:00<03:49,  4.50s/it, acc=64.45%]
 35%|███▌      | 28/79 [02:04<03:49,  4.50s/it, acc=64.17%]
 37%|███▋      | 29/79 [02:04<03:46,  4.53s/it, acc=64.17%]
 37%|███▋      | 29/79 [02:09<03:46,  4.53s/it, acc=64.66%]
 38%|███▊      | 30/79 [02:09<03:38,  4.46s/it, acc=64.66%]
 38%|███▊      | 30/79 [02:13<03:38,  4.46s/it, acc=64.62%]
 39%|███▉      | 31/79 [02:13<03:36,  4.51s/it, acc=64.62%]
 39%|███▉      | 31/79 [02:18<03:36,  4.51s/it, acc=64.75%]
 41%|████      | 32/79 [02:18<03:30,  4.48s/it, acc=64.75%]
 41%|████      | 32/79 [02:22<03:30,  4.48s/it, acc=64.61%]
 42%|████▏     | 33/79 [02:22<03:25,  4.47s/it, acc=64.61%]
 42%|████▏     | 33/79 [02:27<03:25,  4.47s/it, acc=64.57%]
 43%|████▎     | 34/79 [02:27<03:23,  4.52s/it, acc=64.57%]
 43%|████▎     | 34/79 [02:31<03:23,  4.52s/it, acc=64.62%]
 44%|████▍     | 35/79 [02:31<03:17,  4.49s/it, acc=64.62%]
 44%|████▍     | 35/79 [02:36<03:17,  4.49s/it, acc=64.65%]
 46%|████▌     | 36/79 [02:36<03:14,  4.52s/it, acc=64.65%]
 46%|████▌     | 36/79 [02:40<03:14,  4.52s/it, acc=64.59%]
 47%|████▋     | 37/79 [02:40<03:08,  4.48s/it, acc=64.59%]
 47%|████▋     | 37/79 [02:45<03:08,  4.48s/it, acc=64.58%]
 48%|████▊     | 38/79 [02:45<03:02,  4.46s/it, acc=64.58%]
 48%|████▊     | 38/79 [02:49<03:02,  4.46s/it, acc=64.70%]
 49%|████▉     | 39/79 [02:49<03:00,  4.52s/it, acc=64.70%]
 49%|████▉     | 39/79 [02:54<03:00,  4.52s/it, acc=64.77%]
 51%|█████     | 40/79 [02:54<02:55,  4.49s/it, acc=64.77%]
 51%|█████     | 40/79 [02:58<02:55,  4.49s/it, acc=64.86%]
 52%|█████▏    | 41/79 [02:58<02:51,  4.52s/it, acc=64.86%]
 52%|█████▏    | 41/79 [03:03<02:51,  4.52s/it, acc=64.75%]
 53%|█████▎    | 42/79 [03:03<02:46,  4.49s/it, acc=64.75%]
 53%|█████▎    | 42/79 [03:07<02:46,  4.49s/it, acc=64.77%]
 54%|█████▍    | 43/79 [03:07<02:39,  4.44s/it, acc=64.77%]
 54%|█████▍    | 43/79 [03:12<02:39,  4.44s/it, acc=64.84%]
 56%|█████▌    | 44/79 [03:12<02:38,  4.52s/it, acc=64.84%]
 56%|█████▌    | 44/79 [03:16<02:38,  4.52s/it, acc=64.83%]
 57%|█████▋    | 45/79 [03:16<02:32,  4.49s/it, acc=64.83%]
 57%|█████▋    | 45/79 [03:21<02:32,  4.49s/it, acc=65.00%]
 58%|█████▊    | 46/79 [03:21<02:29,  4.52s/it, acc=65.00%]
 58%|█████▊    | 46/79 [03:25<02:29,  4.52s/it, acc=64.89%]
 59%|█████▉    | 47/79 [03:25<02:24,  4.53s/it, acc=64.89%]
 59%|█████▉    | 47/79 [03:30<02:24,  4.53s/it, acc=64.79%]
 61%|██████    | 48/79 [03:30<02:17,  4.44s/it, acc=64.79%]
 61%|██████    | 48/79 [03:34<02:17,  4.44s/it, acc=64.64%]
 62%|██████▏   | 49/79 [03:34<02:15,  4.50s/it, acc=64.64%]
 62%|██████▏   | 49/79 [03:39<02:15,  4.50s/it, acc=64.69%]
 63%|██████▎   | 50/79 [03:39<02:10,  4.49s/it, acc=64.69%]
 63%|██████▎   | 50/79 [03:43<02:10,  4.49s/it, acc=64.57%]
 65%|██████▍   | 51/79 [03:43<02:05,  4.50s/it, acc=64.57%]
 65%|██████▍   | 51/79 [03:48<02:05,  4.50s/it, acc=64.54%]
 66%|██████▌   | 52/79 [03:48<02:02,  4.52s/it, acc=64.54%]
 66%|██████▌   | 52/79 [03:52<02:02,  4.52s/it, acc=64.55%]
 67%|██████▋   | 53/79 [03:52<01:55,  4.46s/it, acc=64.55%]
 67%|██████▋   | 53/79 [03:57<01:55,  4.46s/it, acc=64.67%]
 68%|██████▊   | 54/79 [03:57<01:52,  4.51s/it, acc=64.67%]
 68%|██████▊   | 54/79 [04:01<01:52,  4.51s/it, acc=64.72%]
 70%|██████▉   | 55/79 [04:01<01:47,  4.48s/it, acc=64.72%]
 70%|██████▉   | 55/79 [04:06<01:47,  4.48s/it, acc=64.59%]
 71%|███████   | 56/79 [04:06<01:43,  4.48s/it, acc=64.59%]
 71%|███████   | 56/79 [04:10<01:43,  4.48s/it, acc=64.67%]
 72%|███████▏  | 57/79 [04:10<01:39,  4.53s/it, acc=64.67%]
 72%|███████▏  | 57/79 [04:15<01:39,  4.53s/it, acc=64.57%]
 73%|███████▎  | 58/79 [04:15<01:34,  4.49s/it, acc=64.57%]
 73%|███████▎  | 58/79 [04:19<01:34,  4.49s/it, acc=64.65%]
 75%|███████▍  | 59/79 [04:19<01:30,  4.53s/it, acc=64.65%]
 75%|███████▍  | 59/79 [04:24<01:30,  4.53s/it, acc=64.52%]
 76%|███████▌  | 60/79 [04:24<01:25,  4.48s/it, acc=64.52%]
 76%|███████▌  | 60/79 [04:28<01:25,  4.48s/it, acc=64.47%]
 77%|███████▋  | 61/79 [04:28<01:20,  4.45s/it, acc=64.47%]
 77%|███████▋  | 61/79 [04:33<01:20,  4.45s/it, acc=64.44%]
 78%|███████▊  | 62/79 [04:33<01:16,  4.52s/it, acc=64.44%]
 78%|███████▊  | 62/79 [04:37<01:16,  4.52s/it, acc=64.41%]
 80%|███████▉  | 63/79 [04:37<01:11,  4.49s/it, acc=64.41%]
 80%|███████▉  | 63/79 [04:42<01:11,  4.49s/it, acc=64.39%]
 81%|████████  | 64/79 [04:42<01:07,  4.52s/it, acc=64.39%]
 81%|████████  | 64/79 [04:46<01:07,  4.52s/it, acc=64.41%]
 82%|████████▏ | 65/79 [04:46<01:02,  4.49s/it, acc=64.41%]
 82%|████████▏ | 65/79 [04:50<01:02,  4.49s/it, acc=64.41%]
 84%|████████▎ | 66/79 [04:50<00:57,  4.44s/it, acc=64.41%]
 84%|████████▎ | 66/79 [04:55<00:57,  4.44s/it, acc=64.49%]
 85%|████████▍ | 67/79 [04:55<00:54,  4.51s/it, acc=64.49%]
 85%|████████▍ | 67/79 [05:00<00:54,  4.51s/it, acc=64.48%]
 86%|████████▌ | 68/79 [05:00<00:49,  4.48s/it, acc=64.48%]
 86%|████████▌ | 68/79 [05:04<00:49,  4.48s/it, acc=64.45%]
 87%|████████▋ | 69/79 [05:04<00:45,  4.52s/it, acc=64.45%]
 87%|████████▋ | 69/79 [05:09<00:45,  4.52s/it, acc=64.55%]
 89%|████████▊ | 70/79 [05:09<00:40,  4.52s/it, acc=64.55%]
 89%|████████▊ | 70/79 [05:13<00:40,  4.52s/it, acc=64.46%]
 90%|████████▉ | 71/79 [05:13<00:35,  4.44s/it, acc=64.46%]
 90%|████████▉ | 71/79 [05:18<00:35,  4.44s/it, acc=64.54%]
 91%|█████████ | 72/79 [05:18<00:31,  4.51s/it, acc=64.54%]
 91%|█████████ | 72/79 [05:22<00:31,  4.51s/it, acc=64.55%]
 92%|█████████▏| 73/79 [05:22<00:26,  4.49s/it, acc=64.55%]
 92%|█████████▏| 73/79 [05:27<00:26,  4.49s/it, acc=64.53%]
 94%|█████████▎| 74/79 [05:27<00:22,  4.49s/it, acc=64.53%]
 94%|█████████▎| 74/79 [05:31<00:22,  4.49s/it, acc=64.53%]
 95%|█████████▍| 75/79 [05:31<00:18,  4.52s/it, acc=64.53%]
 95%|█████████▍| 75/79 [05:35<00:18,  4.52s/it, acc=64.54%]
 96%|█████████▌| 76/79 [05:35<00:13,  4.46s/it, acc=64.54%]
 96%|█████████▌| 76/79 [05:40<00:13,  4.46s/it, acc=64.56%]
 97%|█████████▋| 77/79 [05:40<00:09,  4.51s/it, acc=64.56%]
 97%|█████████▋| 77/79 [05:44<00:09,  4.51s/it, acc=64.57%]
 99%|█████████▊| 78/79 [05:44<00:04,  4.48s/it, acc=64.57%]
 99%|█████████▊| 78/79 [05:45<00:04,  4.48s/it, acc=64.58%]
100%|██████████| 79/79 [05:45<00:00,  3.28s/it, acc=64.58%]
100%|██████████| 79/79 [05:45<00:00,  4.37s/it, acc=64.58%]
ABLATION_RESULT case=spin_only trial_index=0 accuracy=64.58000000
Test Accuracy at noise level 0.0 thermal noise eps None: 64.58%
----- Using :PCNetNoBatchNorm model -----
WARNING:root:Drop the first BN layer
Replacing all transposed conv with conv
WARNING:root:PcConv converted to ODEBlock, ode_params={'ode_block': <class 'ode_pc.TogglePulseODEXInitFFFB'>, 't_end': 1.75, 'method': 'dopri5', 'tol': 1e-06, 'ts_scale': 1, 'n_steps': 100.0, 'return_init': [False, False, False, False, False, False, False, False, False, False, False, False, False, False, False, False], 'switch_period': 7e-08, 'n_iters': 2, 'i_leak': 1e-09, 'sde_noise_type': 'mul', 'mismatch_type': 'mul', 'patch_node': 8, 'patch_stride': 8, 'patch_cycle': 1, 'patch_pad': 0, 'fold_scalar': 1, 'toggle_n_cycles': 5, 'toggle_time_split': 0.5, 'toggle_fast_path': True, 'enable_spin_variation': True, 'sigma_spin': 0.1, 'spin_variation_seed': 20260722, 'enable_summing_current_noise': False, 'summing_current_p': 1.273e-11, 'summing_noise_seed': 20260722}
WARNING:root:ODEBlock in network wrapped, ode_wrapper_params={'ode_wrapper': <class 'ode_pc.ToggleQATTester1State'>, 'calib_path': None, 'R': 10000.0, 'R_max': 150000.0, 'C': 4.9e-14, 'k': 1000.0, 'v_dd': 0.1, 'w_bits': 5, 'enob': 8, 'tie_cap': False, 'one_over_q': 1.0, 'nonlinear_R': False, 'mul_mismatch_mode': 'static_mismatch', 'enable_measured_activation': False, 'activation_curve_path': '/home/rongzeng/_workspce_old/repos/pcn/collaboration/ScAN-PCN/hardware_data/relu_0p3mV.csv', 'activation_corner': 'TT', 'activation_spline_parameters': 10, 'compile_measured_activation': True, 'w_quant_mode': 'min_max', 'thermal_noise': False, 'w_perc': 0.99999, 'offset_eps': None}
WARNING:root:name: PcConvs.0.FFconv.weight, clean params mean: -0.09537037461996078, median: -0.06666667014360428, min: -1.0, max: 0.2666666805744171
WARNING:root:name: PcConvs.0.FBconv.weight, clean params mean: -0.0431327149271965, median: -0.06666667014360428, min: -1.0, max: 0.800000011920929
WARNING:root:name: PcConvs.0.b0.0, clean params mean: 0.0, median: 0.0, min: 0.0, max: 0.0
WARNING:root:name: PcConvs.1.FFconv.weight, clean params mean: -0.019868826493620872, median: -0.0, min: -1.0, max: 0.6000000238418579
WARNING:root:name: PcConvs.1.FBconv.weight, clean params mean: -0.008551955223083496, median: -0.0, min: -0.8666666746139526, max: 1.0
WARNING:root:name: PcConvs.1.b0.0, clean params mean: 0.0, median: 0.0, min: 0.0, max: 0.0
WARNING:root:name: PcConvs.2.FFconv.weight, clean params mean: -0.00765174999833107, median: 0.0, min: -1.0, max: 0.8666666746139526
WARNING:root:name: PcConvs.2.FBconv.weight, clean params mean: 0.0006301437388174236, median: 0.0, min: -1.0, max: 0.8666666746139526
WARNING:root:name: PcConvs.2.b0.0, clean params mean: 0.0, median: 0.0, min: 0.0, max: 0.0
WARNING:root:name: PcConvs.3.FFconv.weight, clean params mean: -0.005426954943686724, median: 0.0, min: -0.9333333373069763, max: 1.0
WARNING:root:name: PcConvs.3.FBconv.weight, clean params mean: 0.007201645988970995, median: 0.0, min: -0.7333333492279053, max: 1.0
WARNING:root:name: PcConvs.3.b0.0, clean params mean: 0.0, median: 0.0, min: 0.0, max: 0.0
WARNING:root:name: PcConvs.4.FFconv.weight, clean params mean: -0.0029706794302910566, median: -0.0, min: -1.0, max: 0.6000000238418579
WARNING:root:name: PcConvs.4.FBconv.weight, clean params mean: 0.008461934514343739, median: 0.0, min: -0.8666666746139526, max: 1.0
WARNING:root:name: PcConvs.4.b0.0, clean params mean: 0.0, median: 0.0, min: 0.0, max: 0.0
WARNING:root:name: PcConvs.5.FFconv.weight, clean params mean: 0.001015946501865983, median: -0.0, min: -0.800000011920929, max: 1.0
WARNING:root:name: PcConvs.5.FBconv.weight, clean params mean: 0.0060056583024561405, median: -0.0, min: -1.0, max: 1.0
WARNING:root:name: PcConvs.5.b0.0, clean params mean: 0.0, median: 0.0, min: 0.0, max: 0.0
WARNING:root:name: PcConvs.6.FFconv.weight, clean params mean: 0.0006140687619335949, median: 0.0, min: -1.0, max: 0.9333333373069763
WARNING:root:name: PcConvs.6.FBconv.weight, clean params mean: 0.004793595522642136, median: 0.0, min: -0.8666666746139526, max: 1.0
WARNING:root:name: PcConvs.6.b0.0, clean params mean: 0.0, median: 0.0, min: 0.0, max: 0.0
WARNING:root:name: PcConvs.7.FFconv.weight, clean params mean: 0.002716692630201578, median: -0.0, min: -1.0, max: 0.9333333373069763
WARNING:root:name: PcConvs.7.FBconv.weight, clean params mean: 0.003954474814236164, median: 0.0, min: -0.800000011920929, max: 1.0
WARNING:root:name: PcConvs.7.b0.0, clean params mean: 0.0, median: 0.0, min: 0.0, max: 0.0
WARNING:root:name: PcConvs.8.FFconv.weight, clean params mean: -0.004128086380660534, median: -0.0, min: -0.800000011920929, max: 1.0
WARNING:root:name: PcConvs.8.FBconv.weight, clean params mean: 0.012638244777917862, median: 0.0, min: -0.8666666746139526, max: 1.0
WARNING:root:name: PcConvs.8.b0.0, clean params mean: 0.0, median: 0.0, min: 0.0, max: 0.0
WARNING:root:name: PcConvs.9.FFconv.weight, clean params mean: -0.007172711193561554, median: 0.0, min: -1.0, max: 1.0
WARNING:root:name: PcConvs.9.FBconv.weight, clean params mean: 0.010873199440538883, median: -0.0, min: -1.0, max: 0.9333333373069763
WARNING:root:name: PcConvs.9.b0.0, clean params mean: 0.0, median: 0.0, min: 0.0, max: 0.0
WARNING:root:name: PcConvs.10.FFconv.weight, clean params mean: -0.00072980992263183, median: -0.0, min: -1.0, max: 0.7333333492279053
WARNING:root:name: PcConvs.10.FBconv.weight, clean params mean: 0.010927855037152767, median: 0.0, min: -0.7333333492279053, max: 1.0
WARNING:root:name: PcConvs.10.b0.0, clean params mean: 0.0, median: 0.0, min: 0.0, max: 0.0
WARNING:root:name: PcConvs.11.FFconv.weight, clean params mean: 0.003681198228150606, median: -0.0, min: -0.8666666746139526, max: 1.0
WARNING:root:name: PcConvs.11.FBconv.weight, clean params mean: 0.005353009328246117, median: 0.0, min: -1.0, max: 0.9333333373069763
WARNING:root:name: PcConvs.11.b0.0, clean params mean: 0.0, median: 0.0, min: 0.0, max: 0.0
WARNING:root:name: PcConvs.12.FFconv.weight, clean params mean: -0.00041634502122178674, median: 0.0, min: -1.0, max: 0.8666666746139526
WARNING:root:name: PcConvs.12.FBconv.weight, clean params mean: 0.0049913194961845875, median: 0.0, min: -1.0, max: 1.0
WARNING:root:name: PcConvs.12.b0.0, clean params mean: 0.0, median: 0.0, min: 0.0, max: 0.0
WARNING:root:name: PcConvs.13.FFconv.weight, clean params mean: -0.009022955782711506, median: -0.0, min: -0.9333333373069763, max: 1.0
WARNING:root:name: PcConvs.13.FBconv.weight, clean params mean: 0.015862109139561653, median: 0.0, min: -1.0, max: 1.0
WARNING:root:name: PcConvs.13.b0.0, clean params mean: 0.0, median: 0.0, min: 0.0, max: 0.0
WARNING:root:name: PcConvs.14.FFconv.weight, clean params mean: -0.003322723787277937, median: 0.0, min: -1.0, max: 0.800000011920929
WARNING:root:name: PcConvs.14.FBconv.weight, clean params mean: 0.02038162387907505, median: -0.0, min: -0.9333333373069763, max: 1.0
WARNING:root:name: PcConvs.14.b0.0, clean params mean: 0.0, median: 0.0, min: 0.0, max: 0.0
WARNING:root:name: PcConvs.15.FFconv.weight, clean params mean: 0.008640368469059467, median: -0.0, min: -1.0, max: 0.6000000238418579
WARNING:root:name: PcConvs.15.FBconv.weight, clean params mean: -0.002095390111207962, median: -0.0, min: -0.9333333373069763, max: 1.0
WARNING:root:name: PcConvs.15.b0.0, clean params mean: 0.0, median: 0.0, min: 0.0, max: 0.0
WARNING:root:name: linear.weight, clean params mean: -0.0070163109339773655, median: -0.08245333284139633, min: -0.4270583391189575, max: 0.8377830982208252
WARNING:root:name: linear.bias, clean params mean: -0.002159359399229288, median: -0.011764620430767536, min: -0.23566970229148865, max: 0.19391556084156036
WARNING:root:----- Model loaded -----
WARNING:root:Unroll or load expanded weights finished

  0%|          | 0/79 [00:00<?, ?it/s]
  0%|          | 0/79 [00:04<?, ?it/s, acc=73.44%]
  1%|▏         | 1/79 [00:04<06:25,  4.94s/it, acc=73.44%]
  1%|▏         | 1/79 [00:09<06:25,  4.94s/it, acc=70.70%]
  3%|▎         | 2/79 [00:09<05:57,  4.64s/it, acc=70.70%]
  3%|▎         | 2/79 [00:13<05:57,  4.64s/it, acc=66.41%]
  4%|▍         | 3/79 [00:13<05:51,  4.62s/it, acc=66.41%]
  4%|▍         | 3/79 [00:18<05:51,  4.62s/it, acc=65.62%]
  5%|▌         | 4/79 [00:18<05:42,  4.57s/it, acc=65.62%]
  5%|▌         | 4/79 [00:22<05:42,  4.57s/it, acc=64.22%]
  6%|▋         | 5/79 [00:22<05:30,  4.46s/it, acc=64.22%]
  6%|▋         | 5/79 [00:27<05:30,  4.46s/it, acc=64.19%]
  8%|▊         | 6/79 [00:27<05:30,  4.53s/it, acc=64.19%]
  8%|▊         | 6/79 [00:31<05:30,  4.53s/it, acc=64.29%]
  9%|▉         | 7/79 [00:31<05:23,  4.50s/it, acc=64.29%]
  9%|▉         | 7/79 [00:36<05:23,  4.50s/it, acc=63.57%]
 10%|█         | 8/79 [00:36<05:20,  4.51s/it, acc=63.57%]
 10%|█         | 8/79 [00:40<05:20,  4.51s/it, acc=63.89%]
 11%|█▏        | 9/79 [00:40<05:17,  4.53s/it, acc=63.89%]
 11%|█▏        | 9/79 [00:45<05:17,  4.53s/it, acc=64.53%]
 13%|█▎        | 10/79 [00:45<05:07,  4.45s/it, acc=64.53%]
 13%|█▎        | 10/79 [00:49<05:07,  4.45s/it, acc=64.20%]
 14%|█▍        | 11/79 [00:49<05:06,  4.51s/it, acc=64.20%]
 14%|█▍        | 11/79 [00:54<05:06,  4.51s/it, acc=64.58%]
 15%|█▌        | 12/79 [00:54<05:00,  4.48s/it, acc=64.58%]
 15%|█▌        | 12/79 [00:58<05:00,  4.48s/it, acc=64.78%]
 16%|█▋        | 13/79 [00:58<04:56,  4.49s/it, acc=64.78%]
 16%|█▋        | 13/79 [01:03<04:56,  4.49s/it, acc=64.45%]
 18%|█▊        | 14/79 [01:03<04:54,  4.53s/it, acc=64.45%]
 18%|█▊        | 14/79 [01:07<04:54,  4.53s/it, acc=64.79%]
 19%|█▉        | 15/79 [01:07<04:47,  4.49s/it, acc=64.79%]
 19%|█▉        | 15/79 [01:12<04:47,  4.49s/it, acc=65.09%]
 20%|██        | 16/79 [01:12<04:44,  4.52s/it, acc=65.09%]
 20%|██        | 16/79 [01:16<04:44,  4.52s/it, acc=65.12%]
 22%|██▏       | 17/79 [01:16<04:37,  4.48s/it, acc=65.12%]
 22%|██▏       | 17/79 [01:21<04:37,  4.48s/it, acc=65.10%]
 23%|██▎       | 18/79 [01:21<04:31,  4.45s/it, acc=65.10%]
 23%|██▎       | 18/79 [01:25<04:31,  4.45s/it, acc=65.01%]
 24%|██▍       | 19/79 [01:25<04:31,  4.52s/it, acc=65.01%]
 24%|██▍       | 19/79 [01:30<04:31,  4.52s/it, acc=65.31%]
 25%|██▌       | 20/79 [01:30<04:24,  4.49s/it, acc=65.31%]
 25%|██▌       | 20/79 [01:34<04:24,  4.49s/it, acc=65.25%]
 27%|██▋       | 21/79 [01:34<04:21,  4.52s/it, acc=65.25%]
 27%|██▋       | 21/79 [01:39<04:21,  4.52s/it, acc=65.20%]
 28%|██▊       | 22/79 [01:39<04:15,  4.48s/it, acc=65.20%]
 28%|██▊       | 22/79 [01:43<04:15,  4.48s/it, acc=64.98%]
 29%|██▉       | 23/79 [01:43<04:08,  4.45s/it, acc=64.98%]
 29%|██▉       | 23/79 [01:48<04:08,  4.45s/it, acc=64.58%]
 30%|███       | 24/79 [01:48<04:08,  4.52s/it, acc=64.58%]
 30%|███       | 24/79 [01:52<04:08,  4.52s/it, acc=64.66%]
 32%|███▏      | 25/79 [01:52<04:02,  4.49s/it, acc=64.66%]
 32%|███▏      | 25/79 [01:57<04:02,  4.49s/it, acc=64.57%]
 33%|███▎      | 26/79 [01:57<03:59,  4.52s/it, acc=64.57%]
 33%|███▎      | 26/79 [02:01<03:59,  4.52s/it, acc=64.50%]
 34%|███▍      | 27/79 [02:01<03:54,  4.52s/it, acc=64.50%]
 34%|███▍      | 27/79 [02:06<03:54,  4.52s/it, acc=64.43%]
 35%|███▌      | 28/79 [02:06<03:46,  4.44s/it, acc=64.43%]
 35%|███▌      | 28/79 [02:10<03:46,  4.44s/it, acc=64.28%]
 37%|███▋      | 29/79 [02:10<03:45,  4.51s/it, acc=64.28%]
 37%|███▋      | 29/79 [02:15<03:45,  4.51s/it, acc=64.71%]
 38%|███▊      | 30/79 [02:15<03:39,  4.49s/it, acc=64.71%]
 38%|███▊      | 30/79 [02:19<03:39,  4.49s/it, acc=64.67%]
 39%|███▉      | 31/79 [02:19<03:35,  4.50s/it, acc=64.67%]
 39%|███▉      | 31/79 [02:24<03:35,  4.50s/it, acc=64.75%]
 41%|████      | 32/79 [02:24<03:32,  4.53s/it, acc=64.75%]
 41%|████      | 32/79 [02:28<03:32,  4.53s/it, acc=64.56%]
 42%|████▏     | 33/79 [02:28<03:24,  4.45s/it, acc=64.56%]
 42%|████▏     | 33/79 [02:33<03:24,  4.45s/it, acc=64.59%]
 43%|████▎     | 34/79 [02:33<03:22,  4.50s/it, acc=64.59%]
 43%|████▎     | 34/79 [02:37<03:22,  4.50s/it, acc=64.64%]
 44%|████▍     | 35/79 [02:37<03:17,  4.48s/it, acc=64.64%]
 44%|████▍     | 35/79 [02:42<03:17,  4.48s/it, acc=64.71%]
 46%|████▌     | 36/79 [02:42<03:13,  4.49s/it, acc=64.71%]
 46%|████▌     | 36/79 [02:46<03:13,  4.49s/it, acc=64.61%]
 47%|████▋     | 37/79 [02:46<03:10,  4.53s/it, acc=64.61%]
 47%|████▋     | 37/79 [02:51<03:10,  4.53s/it, acc=64.60%]
 48%|████▊     | 38/79 [02:51<03:03,  4.49s/it, acc=64.60%]
 48%|████▊     | 38/79 [02:55<03:03,  4.49s/it, acc=64.70%]
 49%|████▉     | 39/79 [02:55<03:00,  4.52s/it, acc=64.70%]
 49%|████▉     | 39/79 [03:00<03:00,  4.52s/it, acc=64.69%]
 51%|█████     | 40/79 [03:00<02:54,  4.48s/it, acc=64.69%]
 51%|█████     | 40/79 [03:04<02:54,  4.48s/it, acc=64.81%]
 52%|█████▏    | 41/79 [03:04<02:49,  4.46s/it, acc=64.81%]
 52%|█████▏    | 41/79 [03:09<02:49,  4.46s/it, acc=64.84%]
 53%|█████▎    | 42/79 [03:09<02:47,  4.53s/it, acc=64.84%]
 53%|█████▎    | 42/79 [03:13<02:47,  4.53s/it, acc=64.84%]
 54%|█████▍    | 43/79 [03:13<02:41,  4.49s/it, acc=64.84%]
 54%|█████▍    | 43/79 [03:18<02:41,  4.49s/it, acc=64.91%]
 56%|█████▌    | 44/79 [03:18<02:37,  4.51s/it, acc=64.91%]
 56%|█████▌    | 44/79 [03:22<02:37,  4.51s/it, acc=64.93%]
 57%|█████▋    | 45/79 [03:22<02:32,  4.49s/it, acc=64.93%]
 57%|█████▋    | 45/79 [03:26<02:32,  4.49s/it, acc=65.10%]
 58%|█████▊    | 46/79 [03:26<02:26,  4.44s/it, acc=65.10%]
 58%|█████▊    | 46/79 [03:31<02:26,  4.44s/it, acc=64.96%]
 59%|█████▉    | 47/79 [03:31<02:24,  4.51s/it, acc=64.96%]
 59%|█████▉    | 47/79 [03:36<02:24,  4.51s/it, acc=64.88%]
 61%|██████    | 48/79 [03:36<02:19,  4.49s/it, acc=64.88%]
 61%|██████    | 48/79 [03:40<02:19,  4.49s/it, acc=64.73%]
 62%|██████▏   | 49/79 [03:40<02:15,  4.52s/it, acc=64.73%]
 62%|██████▏   | 49/79 [03:45<02:15,  4.52s/it, acc=64.83%]
 63%|██████▎   | 50/79 [03:45<02:10,  4.51s/it, acc=64.83%]
 63%|██████▎   | 50/79 [03:49<02:10,  4.51s/it, acc=64.77%]
 65%|██████▍   | 51/79 [03:49<02:04,  4.44s/it, acc=64.77%]
 65%|██████▍   | 51/79 [03:54<02:04,  4.44s/it, acc=64.71%]
 66%|██████▌   | 52/79 [03:54<02:01,  4.51s/it, acc=64.71%]
 66%|██████▌   | 52/79 [03:58<02:01,  4.51s/it, acc=64.73%]
 67%|██████▋   | 53/79 [03:58<01:56,  4.49s/it, acc=64.73%]
 67%|██████▋   | 53/79 [04:03<01:56,  4.49s/it, acc=64.79%]
 68%|██████▊   | 54/79 [04:03<01:52,  4.50s/it, acc=64.79%]
 68%|██████▊   | 54/79 [04:07<01:52,  4.50s/it, acc=64.80%]
 70%|██████▉   | 55/79 [04:07<01:48,  4.53s/it, acc=64.80%]
 70%|██████▉   | 55/79 [04:11<01:48,  4.53s/it, acc=64.73%]
 71%|███████   | 56/79 [04:11<01:42,  4.45s/it, acc=64.73%]
 71%|███████   | 56/79 [04:16<01:42,  4.45s/it, acc=64.80%]
 72%|███████▏  | 57/79 [04:16<01:39,  4.51s/it, acc=64.80%]
 72%|███████▏  | 57/79 [04:21<01:39,  4.51s/it, acc=64.71%]
 73%|███████▎  | 58/79 [04:21<01:34,  4.49s/it, acc=64.71%]
 73%|███████▎  | 58/79 [04:25<01:34,  4.49s/it, acc=64.76%]
 75%|███████▍  | 59/79 [04:25<01:29,  4.49s/it, acc=64.76%]
 75%|███████▍  | 59/79 [04:30<01:29,  4.49s/it, acc=64.66%]
 76%|███████▌  | 60/79 [04:30<01:25,  4.52s/it, acc=64.66%]
 76%|███████▌  | 60/79 [04:34<01:25,  4.52s/it, acc=64.61%]
 77%|███████▋  | 61/79 [04:34<01:20,  4.48s/it, acc=64.61%]
 77%|███████▋  | 61/79 [04:39<01:20,  4.48s/it, acc=64.59%]
 78%|███████▊  | 62/79 [04:39<01:16,  4.52s/it, acc=64.59%]
 78%|███████▊  | 62/79 [04:43<01:16,  4.52s/it, acc=64.55%]
 80%|███████▉  | 63/79 [04:43<01:11,  4.48s/it, acc=64.55%]
 80%|███████▉  | 63/79 [04:47<01:11,  4.48s/it, acc=64.53%]
 81%|████████  | 64/79 [04:47<01:06,  4.46s/it, acc=64.53%]
 81%|████████  | 64/79 [04:52<01:06,  4.46s/it, acc=64.58%]
 82%|████████▏ | 65/79 [04:52<01:03,  4.52s/it, acc=64.58%]
 82%|████████▏ | 65/79 [04:57<01:03,  4.52s/it, acc=64.60%]
 84%|████████▎ | 66/79 [04:57<00:58,  4.49s/it, acc=64.60%]
 84%|████████▎ | 66/79 [05:01<00:58,  4.49s/it, acc=64.70%]
 85%|████████▍ | 67/79 [05:01<00:54,  4.52s/it, acc=64.70%]
 85%|████████▍ | 67/79 [05:06<00:54,  4.52s/it, acc=64.65%]
 86%|████████▌ | 68/79 [05:06<00:49,  4.49s/it, acc=64.65%]
 86%|████████▌ | 68/79 [05:10<00:49,  4.49s/it, acc=64.59%]
 87%|████████▋ | 69/79 [05:10<00:44,  4.44s/it, acc=64.59%]
 87%|████████▋ | 69/79 [05:15<00:44,  4.44s/it, acc=64.65%]
 89%|████████▊ | 70/79 [05:15<00:40,  4.52s/it, acc=64.65%]
 89%|████████▊ | 70/79 [05:19<00:40,  4.52s/it, acc=64.56%]
 90%|████████▉ | 71/79 [05:19<00:35,  4.49s/it, acc=64.56%]
 90%|████████▉ | 71/79 [05:24<00:35,  4.49s/it, acc=64.63%]
 91%|█████████ | 72/79 [05:24<00:31,  4.52s/it, acc=64.63%]
 91%|█████████ | 72/79 [05:28<00:31,  4.52s/it, acc=64.60%]
 92%|█████████▏| 73/79 [05:28<00:27,  4.51s/it, acc=64.60%]
 92%|█████████▏| 73/79 [05:32<00:27,  4.51s/it, acc=64.51%]
 94%|█████████▎| 74/79 [05:32<00:22,  4.44s/it, acc=64.51%]
 94%|█████████▎| 74/79 [05:37<00:22,  4.44s/it, acc=64.53%]
 95%|█████████▍| 75/79 [05:37<00:18,  4.51s/it, acc=64.53%]
 95%|█████████▍| 75/79 [05:41<00:18,  4.51s/it, acc=64.57%]
 96%|█████████▌| 76/79 [05:41<00:13,  4.48s/it, acc=64.57%]
 96%|█████████▌| 76/79 [05:46<00:13,  4.48s/it, acc=64.56%]
 97%|█████████▋| 77/79 [05:46<00:09,  4.50s/it, acc=64.56%]
 97%|█████████▋| 77/79 [05:51<00:09,  4.50s/it, acc=64.57%]
 99%|█████████▊| 78/79 [05:51<00:04,  4.53s/it, acc=64.57%]
 99%|█████████▊| 78/79 [05:51<00:04,  4.53s/it, acc=64.58%]
100%|██████████| 79/79 [05:51<00:00,  3.30s/it, acc=64.58%]
100%|██████████| 79/79 [05:51<00:00,  4.45s/it, acc=64.58%]
ABLATION_RESULT case=spin_only trial_index=1 accuracy=64.58000000
Test Accuracy at noise level 0.0 thermal noise eps None: 64.58%
----- Using :PCNetNoBatchNorm model -----
WARNING:root:Drop the first BN layer
Replacing all transposed conv with conv
WARNING:root:PcConv converted to ODEBlock, ode_params={'ode_block': <class 'ode_pc.TogglePulseODEXInitFFFB'>, 't_end': 1.75, 'method': 'dopri5', 'tol': 1e-06, 'ts_scale': 1, 'n_steps': 100.0, 'return_init': [False, False, False, False, False, False, False, False, False, False, False, False, False, False, False, False], 'switch_period': 7e-08, 'n_iters': 2, 'i_leak': 1e-09, 'sde_noise_type': 'mul', 'mismatch_type': 'mul', 'patch_node': 8, 'patch_stride': 8, 'patch_cycle': 1, 'patch_pad': 0, 'fold_scalar': 1, 'toggle_n_cycles': 5, 'toggle_time_split': 0.5, 'toggle_fast_path': True, 'enable_spin_variation': True, 'sigma_spin': 0.1, 'spin_variation_seed': 20260723, 'enable_summing_current_noise': False, 'summing_current_p': 1.273e-11, 'summing_noise_seed': 20260723}
WARNING:root:ODEBlock in network wrapped, ode_wrapper_params={'ode_wrapper': <class 'ode_pc.ToggleQATTester1State'>, 'calib_path': None, 'R': 10000.0, 'R_max': 150000.0, 'C': 4.9e-14, 'k': 1000.0, 'v_dd': 0.1, 'w_bits': 5, 'enob': 8, 'tie_cap': False, 'one_over_q': 1.0, 'nonlinear_R': False, 'mul_mismatch_mode': 'static_mismatch', 'enable_measured_activation': False, 'activation_curve_path': '/home/rongzeng/_workspce_old/repos/pcn/collaboration/ScAN-PCN/hardware_data/relu_0p3mV.csv', 'activation_corner': 'TT', 'activation_spline_parameters': 10, 'compile_measured_activation': True, 'w_quant_mode': 'min_max', 'thermal_noise': False, 'w_perc': 0.99999, 'offset_eps': None}
WARNING:root:name: PcConvs.0.FFconv.weight, clean params mean: -0.09537037461996078, median: -0.06666667014360428, min: -1.0, max: 0.2666666805744171
WARNING:root:name: PcConvs.0.FBconv.weight, clean params mean: -0.0431327149271965, median: -0.06666667014360428, min: -1.0, max: 0.800000011920929
WARNING:root:name: PcConvs.0.b0.0, clean params mean: 0.0, median: 0.0, min: 0.0, max: 0.0
WARNING:root:name: PcConvs.1.FFconv.weight, clean params mean: -0.019868826493620872, median: -0.0, min: -1.0, max: 0.6000000238418579
WARNING:root:name: PcConvs.1.FBconv.weight, clean params mean: -0.008551955223083496, median: -0.0, min: -0.8666666746139526, max: 1.0
WARNING:root:name: PcConvs.1.b0.0, clean params mean: 0.0, median: 0.0, min: 0.0, max: 0.0
WARNING:root:name: PcConvs.2.FFconv.weight, clean params mean: -0.00765174999833107, median: 0.0, min: -1.0, max: 0.8666666746139526
WARNING:root:name: PcConvs.2.FBconv.weight, clean params mean: 0.0006301437388174236, median: 0.0, min: -1.0, max: 0.8666666746139526
WARNING:root:name: PcConvs.2.b0.0, clean params mean: 0.0, median: 0.0, min: 0.0, max: 0.0
WARNING:root:name: PcConvs.3.FFconv.weight, clean params mean: -0.005426954943686724, median: 0.0, min: -0.9333333373069763, max: 1.0
WARNING:root:name: PcConvs.3.FBconv.weight, clean params mean: 0.007201645988970995, median: 0.0, min: -0.7333333492279053, max: 1.0
WARNING:root:name: PcConvs.3.b0.0, clean params mean: 0.0, median: 0.0, min: 0.0, max: 0.0
WARNING:root:name: PcConvs.4.FFconv.weight, clean params mean: -0.0029706794302910566, median: -0.0, min: -1.0, max: 0.6000000238418579
WARNING:root:name: PcConvs.4.FBconv.weight, clean params mean: 0.008461934514343739, median: 0.0, min: -0.8666666746139526, max: 1.0
WARNING:root:name: PcConvs.4.b0.0, clean params mean: 0.0, median: 0.0, min: 0.0, max: 0.0
WARNING:root:name: PcConvs.5.FFconv.weight, clean params mean: 0.001015946501865983, median: -0.0, min: -0.800000011920929, max: 1.0
WARNING:root:name: PcConvs.5.FBconv.weight, clean params mean: 0.0060056583024561405, median: -0.0, min: -1.0, max: 1.0
WARNING:root:name: PcConvs.5.b0.0, clean params mean: 0.0, median: 0.0, min: 0.0, max: 0.0
WARNING:root:name: PcConvs.6.FFconv.weight, clean params mean: 0.0006140687619335949, median: 0.0, min: -1.0, max: 0.9333333373069763
WARNING:root:name: PcConvs.6.FBconv.weight, clean params mean: 0.004793595522642136, median: 0.0, min: -0.8666666746139526, max: 1.0
WARNING:root:name: PcConvs.6.b0.0, clean params mean: 0.0, median: 0.0, min: 0.0, max: 0.0
WARNING:root:name: PcConvs.7.FFconv.weight, clean params mean: 0.002716692630201578, median: -0.0, min: -1.0, max: 0.9333333373069763
WARNING:root:name: PcConvs.7.FBconv.weight, clean params mean: 0.003954474814236164, median: 0.0, min: -0.800000011920929, max: 1.0
WARNING:root:name: PcConvs.7.b0.0, clean params mean: 0.0, median: 0.0, min: 0.0, max: 0.0
WARNING:root:name: PcConvs.8.FFconv.weight, clean params mean: -0.004128086380660534, median: -0.0, min: -0.800000011920929, max: 1.0
WARNING:root:name: PcConvs.8.FBconv.weight, clean params mean: 0.012638244777917862, median: 0.0, min: -0.8666666746139526, max: 1.0
WARNING:root:name: PcConvs.8.b0.0, clean params mean: 0.0, median: 0.0, min: 0.0, max: 0.0
WARNING:root:name: PcConvs.9.FFconv.weight, clean params mean: -0.007172711193561554, median: 0.0, min: -1.0, max: 1.0
WARNING:root:name: PcConvs.9.FBconv.weight, clean params mean: 0.010873199440538883, median: -0.0, min: -1.0, max: 0.9333333373069763
WARNING:root:name: PcConvs.9.b0.0, clean params mean: 0.0, median: 0.0, min: 0.0, max: 0.0
WARNING:root:name: PcConvs.10.FFconv.weight, clean params mean: -0.00072980992263183, median: -0.0, min: -1.0, max: 0.7333333492279053
WARNING:root:name: PcConvs.10.FBconv.weight, clean params mean: 0.010927855037152767, median: 0.0, min: -0.7333333492279053, max: 1.0
WARNING:root:name: PcConvs.10.b0.0, clean params mean: 0.0, median: 0.0, min: 0.0, max: 0.0
WARNING:root:name: PcConvs.11.FFconv.weight, clean params mean: 0.003681198228150606, median: -0.0, min: -0.8666666746139526, max: 1.0
WARNING:root:name: PcConvs.11.FBconv.weight, clean params mean: 0.005353009328246117, median: 0.0, min: -1.0, max: 0.9333333373069763
WARNING:root:name: PcConvs.11.b0.0, clean params mean: 0.0, median: 0.0, min: 0.0, max: 0.0
WARNING:root:name: PcConvs.12.FFconv.weight, clean params mean: -0.00041634502122178674, median: 0.0, min: -1.0, max: 0.8666666746139526
WARNING:root:name: PcConvs.12.FBconv.weight, clean params mean: 0.0049913194961845875, median: 0.0, min: -1.0, max: 1.0
WARNING:root:name: PcConvs.12.b0.0, clean params mean: 0.0, median: 0.0, min: 0.0, max: 0.0
WARNING:root:name: PcConvs.13.FFconv.weight, clean params mean: -0.009022955782711506, median: -0.0, min: -0.9333333373069763, max: 1.0
WARNING:root:name: PcConvs.13.FBconv.weight, clean params mean: 0.015862109139561653, median: 0.0, min: -1.0, max: 1.0
WARNING:root:name: PcConvs.13.b0.0, clean params mean: 0.0, median: 0.0, min: 0.0, max: 0.0
WARNING:root:name: PcConvs.14.FFconv.weight, clean params mean: -0.003322723787277937, median: 0.0, min: -1.0, max: 0.800000011920929
WARNING:root:name: PcConvs.14.FBconv.weight, clean params mean: 0.02038162387907505, median: -0.0, min: -0.9333333373069763, max: 1.0
WARNING:root:name: PcConvs.14.b0.0, clean params mean: 0.0, median: 0.0, min: 0.0, max: 0.0
WARNING:root:name: PcConvs.15.FFconv.weight, clean params mean: 0.008640368469059467, median: -0.0, min: -1.0, max: 0.6000000238418579
WARNING:root:name: PcConvs.15.FBconv.weight, clean params mean: -0.002095390111207962, median: -0.0, min: -0.9333333373069763, max: 1.0
WARNING:root:name: PcConvs.15.b0.0, clean params mean: 0.0, median: 0.0, min: 0.0, max: 0.0
WARNING:root:name: linear.weight, clean params mean: -0.0070163109339773655, median: -0.08245333284139633, min: -0.4270583391189575, max: 0.8377830982208252
WARNING:root:name: linear.bias, clean params mean: -0.002159359399229288, median: -0.011764620430767536, min: -0.23566970229148865, max: 0.19391556084156036
WARNING:root:----- Model loaded -----
WARNING:root:Unroll or load expanded weights finished

  0%|          | 0/79 [00:00<?, ?it/s]
  0%|          | 0/79 [00:04<?, ?it/s, acc=71.88%]
  1%|▏         | 1/79 [00:04<06:20,  4.87s/it, acc=71.88%]
  1%|▏         | 1/79 [00:09<06:20,  4.87s/it, acc=67.19%]
  3%|▎         | 2/79 [00:09<05:53,  4.59s/it, acc=67.19%]
  3%|▎         | 2/79 [00:13<05:53,  4.59s/it, acc=65.10%]
  4%|▍         | 3/79 [00:13<05:40,  4.49s/it, acc=65.10%]
  4%|▍         | 3/79 [00:18<05:40,  4.49s/it, acc=64.65%]
  5%|▌         | 4/79 [00:18<05:42,  4.57s/it, acc=64.65%]
  5%|▌         | 4/79 [00:22<05:42,  4.57s/it, acc=63.59%]
  6%|▋         | 5/79 [00:22<05:34,  4.52s/it, acc=63.59%]
  6%|▋         | 5/79 [00:27<05:34,  4.52s/it, acc=64.06%]
  8%|▊         | 6/79 [00:27<05:31,  4.54s/it, acc=64.06%]
  8%|▊         | 6/79 [00:31<05:31,  4.54s/it, acc=64.29%]
  9%|▉         | 7/79 [00:31<05:25,  4.52s/it, acc=64.29%]
  9%|▉         | 7/79 [00:36<05:25,  4.52s/it, acc=63.57%]
 10%|█         | 8/79 [00:36<05:16,  4.45s/it, acc=63.57%]
 10%|█         | 8/79 [00:40<05:16,  4.45s/it, acc=63.98%]
 11%|█▏        | 9/79 [00:40<05:16,  4.52s/it, acc=63.98%]
 11%|█▏        | 9/79 [00:45<05:16,  4.52s/it, acc=64.14%]
 13%|█▎        | 10/79 [00:45<05:10,  4.49s/it, acc=64.14%]
 13%|█▎        | 10/79 [00:49<05:10,  4.49s/it, acc=63.71%]
 14%|█▍        | 11/79 [00:49<05:07,  4.52s/it, acc=63.71%]
 14%|█▍        | 11/79 [00:54<05:07,  4.52s/it, acc=64.19%]
 15%|█▌        | 12/79 [00:54<05:03,  4.53s/it, acc=64.19%]
 15%|█▌        | 12/79 [00:58<05:03,  4.53s/it, acc=64.36%]
 16%|█▋        | 13/79 [00:58<04:53,  4.44s/it, acc=64.36%]
 16%|█▋        | 13/79 [01:03<04:53,  4.44s/it, acc=63.95%]
 18%|█▊        | 14/79 [01:03<04:52,  4.51s/it, acc=63.95%]
 18%|█▊        | 14/79 [01:07<04:52,  4.51s/it, acc=64.32%]
 19%|█▉        | 15/79 [01:07<04:46,  4.48s/it, acc=64.32%]
 19%|█▉        | 15/79 [01:12<04:46,  4.48s/it, acc=64.60%]
 20%|██        | 16/79 [01:12<04:42,  4.49s/it, acc=64.60%]
 20%|██        | 16/79 [01:16<04:42,  4.49s/it, acc=64.66%]
 22%|██▏       | 17/79 [01:16<04:40,  4.53s/it, acc=64.66%]
 22%|██▏       | 17/79 [01:21<04:40,  4.53s/it, acc=64.50%]
 23%|██▎       | 18/79 [01:21<04:32,  4.47s/it, acc=64.50%]
 23%|██▎       | 18/79 [01:25<04:32,  4.47s/it, acc=64.39%]
 24%|██▍       | 19/79 [01:25<04:30,  4.51s/it, acc=64.39%]
 24%|██▍       | 19/79 [01:30<04:30,  4.51s/it, acc=64.73%]
 25%|██▌       | 20/79 [01:30<04:24,  4.48s/it, acc=64.73%]
 25%|██▌       | 20/79 [01:34<04:24,  4.48s/it, acc=64.55%]
 27%|██▋       | 21/79 [01:34<04:19,  4.47s/it, acc=64.55%]
 27%|██▋       | 21/79 [01:39<04:19,  4.47s/it, acc=64.60%]
 28%|██▊       | 22/79 [01:39<04:17,  4.53s/it, acc=64.60%]
 28%|██▊       | 22/79 [01:43<04:17,  4.53s/it, acc=64.30%]
 29%|██▉       | 23/79 [01:43<04:11,  4.50s/it, acc=64.30%]
 29%|██▉       | 23/79 [01:48<04:11,  4.50s/it, acc=64.00%]
 30%|███       | 24/79 [01:48<04:08,  4.52s/it, acc=64.00%]
 30%|███       | 24/79 [01:52<04:08,  4.52s/it, acc=64.06%]
 32%|███▏      | 25/79 [01:52<04:02,  4.49s/it, acc=64.06%]
 32%|███▏      | 25/79 [01:57<04:02,  4.49s/it, acc=63.88%]
 33%|███▎      | 26/79 [01:57<03:55,  4.45s/it, acc=63.88%]
 33%|███▎      | 26/79 [02:01<03:55,  4.45s/it, acc=63.77%]
 34%|███▍      | 27/79 [02:01<03:55,  4.52s/it, acc=63.77%]
 34%|███▍      | 27/79 [02:06<03:55,  4.52s/it, acc=63.76%]
 35%|███▌      | 28/79 [02:06<03:49,  4.49s/it, acc=63.76%]
 35%|███▌      | 28/79 [02:10<03:49,  4.49s/it, acc=63.52%]
 37%|███▋      | 29/79 [02:10<03:45,  4.52s/it, acc=63.52%]
 37%|███▋      | 29/79 [02:15<03:45,  4.52s/it, acc=63.98%]
 38%|███▊      | 30/79 [02:15<03:40,  4.51s/it, acc=63.98%]
 38%|███▊      | 30/79 [02:19<03:40,  4.51s/it, acc=64.01%]
 39%|███▉      | 31/79 [02:19<03:33,  4.45s/it, acc=64.01%]
 39%|███▉      | 31/79 [02:24<03:33,  4.45s/it, acc=64.18%]
 41%|████      | 32/79 [02:24<03:32,  4.51s/it, acc=64.18%]
 41%|████      | 32/79 [02:28<03:32,  4.51s/it, acc=64.04%]
 42%|████▏     | 33/79 [02:28<03:26,  4.49s/it, acc=64.04%]
 42%|████▏     | 33/79 [02:33<03:26,  4.49s/it, acc=64.04%]
 43%|████▎     | 34/79 [02:33<03:23,  4.52s/it, acc=64.04%]
 43%|████▎     | 34/79 [02:37<03:23,  4.52s/it, acc=64.04%]
 44%|████▍     | 35/79 [02:37<03:19,  4.53s/it, acc=64.04%]
 44%|████▍     | 35/79 [02:42<03:19,  4.53s/it, acc=64.11%]
 46%|████▌     | 36/79 [02:42<03:11,  4.45s/it, acc=64.11%]
 46%|████▌     | 36/79 [02:46<03:11,  4.45s/it, acc=64.10%]
 47%|████▋     | 37/79 [02:46<03:09,  4.51s/it, acc=64.10%]
 47%|████▋     | 37/79 [02:51<03:09,  4.51s/it, acc=64.12%]
 48%|████▊     | 38/79 [02:51<03:03,  4.49s/it, acc=64.12%]
 48%|████▊     | 38/79 [02:55<03:03,  4.49s/it, acc=64.16%]
 49%|████▉     | 39/79 [02:55<02:59,  4.50s/it, acc=64.16%]
 49%|████▉     | 39/79 [03:00<02:59,  4.50s/it, acc=64.20%]
 51%|█████     | 40/79 [03:00<02:56,  4.53s/it, acc=64.20%]
 51%|█████     | 40/79 [03:04<02:56,  4.53s/it, acc=64.35%]
 52%|█████▏    | 41/79 [03:04<02:49,  4.47s/it, acc=64.35%]
 52%|█████▏    | 41/79 [03:09<02:49,  4.47s/it, acc=64.29%]
 53%|█████▎    | 42/79 [03:09<02:46,  4.51s/it, acc=64.29%]
 53%|█████▎    | 42/79 [03:13<02:46,  4.51s/it, acc=64.35%]
 54%|█████▍    | 43/79 [03:13<02:41,  4.48s/it, acc=64.35%]
 54%|█████▍    | 43/79 [03:17<02:41,  4.48s/it, acc=64.42%]
 56%|█████▌    | 44/79 [03:17<02:31,  4.32s/it, acc=64.42%]
 56%|█████▌    | 44/79 [03:20<02:31,  4.32s/it, acc=64.41%]
 57%|█████▋    | 45/79 [03:20<02:14,  3.96s/it, acc=64.41%]
 57%|█████▋    | 45/79 [03:23<02:14,  3.96s/it, acc=64.47%]
 58%|█████▊    | 46/79 [03:23<01:57,  3.56s/it, acc=64.47%]
 58%|█████▊    | 46/79 [03:25<01:57,  3.56s/it, acc=64.31%]
 59%|█████▉    | 47/79 [03:25<01:42,  3.20s/it, acc=64.31%]
 59%|█████▉    | 47/79 [03:28<01:42,  3.20s/it, acc=64.26%]
 61%|██████    | 48/79 [03:28<01:31,  2.96s/it, acc=64.26%]
 61%|██████    | 48/79 [03:30<01:31,  2.96s/it, acc=64.17%]
 62%|██████▏   | 49/79 [03:30<01:23,  2.79s/it, acc=64.17%]
 62%|██████▏   | 49/79 [03:33<01:23,  2.79s/it, acc=64.27%]
 63%|██████▎   | 50/79 [03:33<01:27,  3.00s/it, acc=64.27%]
 63%|██████▎   | 50/79 [03:37<01:27,  3.00s/it, acc=64.19%]
 65%|██████▍   | 51/79 [03:37<01:31,  3.26s/it, acc=64.19%]
 65%|██████▍   | 51/79 [03:41<01:31,  3.26s/it, acc=64.12%]
 66%|██████▌   | 52/79 [03:41<01:34,  3.50s/it, acc=64.12%]
 66%|██████▌   | 52/79 [03:46<01:34,  3.50s/it, acc=64.11%]
 67%|██████▋   | 53/79 [03:46<01:40,  3.85s/it, acc=64.11%]
 67%|██████▋   | 53/79 [03:50<01:40,  3.85s/it, acc=64.24%]
 68%|██████▊   | 54/79 [03:50<01:39,  3.99s/it, acc=64.24%]
 68%|██████▊   | 54/79 [03:55<01:39,  3.99s/it, acc=64.23%]
 70%|██████▉   | 55/79 [03:55<01:39,  4.15s/it, acc=64.23%]
 70%|██████▉   | 55/79 [04:00<01:39,  4.15s/it, acc=64.13%]
 71%|███████   | 56/79 [04:00<01:39,  4.31s/it, acc=64.13%]
 71%|███████   | 56/79 [04:04<01:39,  4.31s/it, acc=64.21%]
 72%|███████▏  | 57/79 [04:04<01:34,  4.29s/it, acc=64.21%]
 72%|███████▏  | 57/79 [04:08<01:34,  4.29s/it, acc=64.13%]
 73%|███████▎  | 58/79 [04:08<01:32,  4.40s/it, acc=64.13%]
 73%|███████▎  | 58/79 [04:13<01:32,  4.40s/it, acc=64.23%]
 75%|███████▍  | 59/79 [04:13<01:28,  4.42s/it, acc=64.23%]
 75%|███████▍  | 59/79 [04:17<01:28,  4.42s/it, acc=64.11%]
 76%|███████▌  | 60/79 [04:17<01:23,  4.41s/it, acc=64.11%]
 76%|███████▌  | 60/79 [04:22<01:23,  4.41s/it, acc=64.02%]
 77%|███████▋  | 61/79 [04:22<01:20,  4.50s/it, acc=64.02%]
 77%|███████▋  | 61/79 [04:26<01:20,  4.50s/it, acc=63.99%]
 78%|███████▊  | 62/79 [04:26<01:15,  4.44s/it, acc=63.99%]
 78%|███████▊  | 62/79 [04:31<01:15,  4.44s/it, acc=63.98%]
 80%|███████▉  | 63/79 [04:31<01:12,  4.50s/it, acc=63.98%]
 80%|███████▉  | 63/79 [04:35<01:12,  4.50s/it, acc=64.00%]
 81%|████████  | 64/79 [04:35<01:07,  4.50s/it, acc=64.00%]
 81%|████████  | 64/79 [04:40<01:07,  4.50s/it, acc=64.07%]
 82%|████████▏ | 65/79 [04:40<01:02,  4.44s/it, acc=64.07%]
 82%|████████▏ | 65/79 [04:44<01:02,  4.44s/it, acc=64.07%]
 84%|████████▎ | 66/79 [04:44<00:58,  4.52s/it, acc=64.07%]
 84%|████████▎ | 66/79 [04:49<00:58,  4.52s/it, acc=64.20%]
 85%|████████▍ | 67/79 [04:49<00:53,  4.47s/it, acc=64.20%]
 85%|████████▍ | 67/79 [04:53<00:53,  4.47s/it, acc=64.20%]
 86%|████████▌ | 68/79 [04:53<00:49,  4.51s/it, acc=64.20%]
 86%|████████▌ | 68/79 [04:58<00:49,  4.51s/it, acc=64.15%]
 87%|████████▋ | 69/79 [04:58<00:45,  4.52s/it, acc=64.15%]
 87%|████████▋ | 69/79 [05:02<00:45,  4.52s/it, acc=64.23%]
 89%|████████▊ | 70/79 [05:02<00:40,  4.45s/it, acc=64.23%]
 89%|████████▊ | 70/79 [05:07<00:40,  4.45s/it, acc=64.18%]
 90%|████████▉ | 71/79 [05:07<00:36,  4.54s/it, acc=64.18%]
 90%|████████▉ | 71/79 [05:11<00:36,  4.54s/it, acc=64.21%]
 91%|█████████ | 72/79 [05:11<00:31,  4.47s/it, acc=64.21%]
 91%|█████████ | 72/79 [05:16<00:31,  4.47s/it, acc=64.20%]
 92%|█████████▏| 73/79 [05:16<00:27,  4.51s/it, acc=64.20%]
 92%|█████████▏| 73/79 [05:20<00:27,  4.51s/it, acc=64.14%]
 94%|█████████▎| 74/79 [05:20<00:22,  4.54s/it, acc=64.14%]
 94%|█████████▎| 74/79 [05:25<00:22,  4.54s/it, acc=64.16%]
 95%|█████████▍| 75/79 [05:25<00:17,  4.45s/it, acc=64.16%]
 95%|█████████▍| 75/79 [05:29<00:17,  4.45s/it, acc=64.16%]
 96%|█████████▌| 76/79 [05:29<00:13,  4.52s/it, acc=64.16%]
 96%|█████████▌| 76/79 [05:34<00:13,  4.52s/it, acc=64.15%]
 97%|█████████▋| 77/79 [05:34<00:08,  4.47s/it, acc=64.15%]
 97%|█████████▋| 77/79 [05:38<00:08,  4.47s/it, acc=64.13%]
 99%|█████████▊| 78/79 [05:38<00:04,  4.50s/it, acc=64.13%]
 99%|█████████▊| 78/79 [05:39<00:04,  4.50s/it, acc=64.14%]
100%|██████████| 79/79 [05:39<00:00,  3.31s/it, acc=64.14%]
100%|██████████| 79/79 [05:39<00:00,  4.30s/it, acc=64.14%]
ABLATION_RESULT case=spin_only trial_index=2 accuracy=64.14000000
Test Accuracy at noise level 0.0 thermal noise eps None: 64.14%
----- Using :PCNetNoBatchNorm model -----
WARNING:root:Drop the first BN layer
Replacing all transposed conv with conv
WARNING:root:PcConv converted to ODEBlock, ode_params={'ode_block': <class 'ode_pc.TogglePulseODEXInitFFFB'>, 't_end': 1.75, 'method': 'dopri5', 'tol': 1e-06, 'ts_scale': 1, 'n_steps': 100.0, 'return_init': [False, False, False, False, False, False, False, False, False, False, False, False, False, False, False, False], 'switch_period': 7e-08, 'n_iters': 2, 'i_leak': 1e-09, 'sde_noise_type': 'mul', 'mismatch_type': 'mul', 'patch_node': 8, 'patch_stride': 8, 'patch_cycle': 1, 'patch_pad': 0, 'fold_scalar': 1, 'toggle_n_cycles': 5, 'toggle_time_split': 0.5, 'toggle_fast_path': True, 'enable_spin_variation': True, 'sigma_spin': 0.1, 'spin_variation_seed': 20260724, 'enable_summing_current_noise': False, 'summing_current_p': 1.273e-11, 'summing_noise_seed': 20260724}
WARNING:root:ODEBlock in network wrapped, ode_wrapper_params={'ode_wrapper': <class 'ode_pc.ToggleQATTester1State'>, 'calib_path': None, 'R': 10000.0, 'R_max': 150000.0, 'C': 4.9e-14, 'k': 1000.0, 'v_dd': 0.1, 'w_bits': 5, 'enob': 8, 'tie_cap': False, 'one_over_q': 1.0, 'nonlinear_R': False, 'mul_mismatch_mode': 'static_mismatch', 'enable_measured_activation': False, 'activation_curve_path': '/home/rongzeng/_workspce_old/repos/pcn/collaboration/ScAN-PCN/hardware_data/relu_0p3mV.csv', 'activation_corner': 'TT', 'activation_spline_parameters': 10, 'compile_measured_activation': True, 'w_quant_mode': 'min_max', 'thermal_noise': False, 'w_perc': 0.99999, 'offset_eps': None}
WARNING:root:name: PcConvs.0.FFconv.weight, clean params mean: -0.09537037461996078, median: -0.06666667014360428, min: -1.0, max: 0.2666666805744171
WARNING:root:name: PcConvs.0.FBconv.weight, clean params mean: -0.0431327149271965, median: -0.06666667014360428, min: -1.0, max: 0.800000011920929
WARNING:root:name: PcConvs.0.b0.0, clean params mean: 0.0, median: 0.0, min: 0.0, max: 0.0
WARNING:root:name: PcConvs.1.FFconv.weight, clean params mean: -0.019868826493620872, median: -0.0, min: -1.0, max: 0.6000000238418579
WARNING:root:name: PcConvs.1.FBconv.weight, clean params mean: -0.008551955223083496, median: -0.0, min: -0.8666666746139526, max: 1.0
WARNING:root:name: PcConvs.1.b0.0, clean params mean: 0.0, median: 0.0, min: 0.0, max: 0.0
WARNING:root:name: PcConvs.2.FFconv.weight, clean params mean: -0.00765174999833107, median: 0.0, min: -1.0, max: 0.8666666746139526
WARNING:root:name: PcConvs.2.FBconv.weight, clean params mean: 0.0006301437388174236, median: 0.0, min: -1.0, max: 0.8666666746139526
WARNING:root:name: PcConvs.2.b0.0, clean params mean: 0.0, median: 0.0, min: 0.0, max: 0.0
WARNING:root:name: PcConvs.3.FFconv.weight, clean params mean: -0.005426954943686724, median: 0.0, min: -0.9333333373069763, max: 1.0
WARNING:root:name: PcConvs.3.FBconv.weight, clean params mean: 0.007201645988970995, median: 0.0, min: -0.7333333492279053, max: 1.0
WARNING:root:name: PcConvs.3.b0.0, clean params mean: 0.0, median: 0.0, min: 0.0, max: 0.0
WARNING:root:name: PcConvs.4.FFconv.weight, clean params mean: -0.0029706794302910566, median: -0.0, min: -1.0, max: 0.6000000238418579
WARNING:root:name: PcConvs.4.FBconv.weight, clean params mean: 0.008461934514343739, median: 0.0, min: -0.8666666746139526, max: 1.0
WARNING:root:name: PcConvs.4.b0.0, clean params mean: 0.0, median: 0.0, min: 0.0, max: 0.0
WARNING:root:name: PcConvs.5.FFconv.weight, clean params mean: 0.001015946501865983, median: -0.0, min: -0.800000011920929, max: 1.0
WARNING:root:name: PcConvs.5.FBconv.weight, clean params mean: 0.0060056583024561405, median: -0.0, min: -1.0, max: 1.0
WARNING:root:name: PcConvs.5.b0.0, clean params mean: 0.0, median: 0.0, min: 0.0, max: 0.0
WARNING:root:name: PcConvs.6.FFconv.weight, clean params mean: 0.0006140687619335949, median: 0.0, min: -1.0, max: 0.9333333373069763
WARNING:root:name: PcConvs.6.FBconv.weight, clean params mean: 0.004793595522642136, median: 0.0, min: -0.8666666746139526, max: 1.0
WARNING:root:name: PcConvs.6.b0.0, clean params mean: 0.0, median: 0.0, min: 0.0, max: 0.0
WARNING:root:name: PcConvs.7.FFconv.weight, clean params mean: 0.002716692630201578, median: -0.0, min: -1.0, max: 0.9333333373069763
WARNING:root:name: PcConvs.7.FBconv.weight, clean params mean: 0.003954474814236164, median: 0.0, min: -0.800000011920929, max: 1.0
WARNING:root:name: PcConvs.7.b0.0, clean params mean: 0.0, median: 0.0, min: 0.0, max: 0.0
WARNING:root:name: PcConvs.8.FFconv.weight, clean params mean: -0.004128086380660534, median: -0.0, min: -0.800000011920929, max: 1.0
WARNING:root:name: PcConvs.8.FBconv.weight, clean params mean: 0.012638244777917862, median: 0.0, min: -0.8666666746139526, max: 1.0
WARNING:root:name: PcConvs.8.b0.0, clean params mean: 0.0, median: 0.0, min: 0.0, max: 0.0
WARNING:root:name: PcConvs.9.FFconv.weight, clean params mean: -0.007172711193561554, median: 0.0, min: -1.0, max: 1.0
WARNING:root:name: PcConvs.9.FBconv.weight, clean params mean: 0.010873199440538883, median: -0.0, min: -1.0, max: 0.9333333373069763
WARNING:root:name: PcConvs.9.b0.0, clean params mean: 0.0, median: 0.0, min: 0.0, max: 0.0
WARNING:root:name: PcConvs.10.FFconv.weight, clean params mean: -0.00072980992263183, median: -0.0, min: -1.0, max: 0.7333333492279053
WARNING:root:name: PcConvs.10.FBconv.weight, clean params mean: 0.010927855037152767, median: 0.0, min: -0.7333333492279053, max: 1.0
WARNING:root:name: PcConvs.10.b0.0, clean params mean: 0.0, median: 0.0, min: 0.0, max: 0.0
WARNING:root:name: PcConvs.11.FFconv.weight, clean params mean: 0.003681198228150606, median: -0.0, min: -0.8666666746139526, max: 1.0
WARNING:root:name: PcConvs.11.FBconv.weight, clean params mean: 0.005353009328246117, median: 0.0, min: -1.0, max: 0.9333333373069763
WARNING:root:name: PcConvs.11.b0.0, clean params mean: 0.0, median: 0.0, min: 0.0, max: 0.0
WARNING:root:name: PcConvs.12.FFconv.weight, clean params mean: -0.00041634502122178674, median: 0.0, min: -1.0, max: 0.8666666746139526
WARNING:root:name: PcConvs.12.FBconv.weight, clean params mean: 0.0049913194961845875, median: 0.0, min: -1.0, max: 1.0
WARNING:root:name: PcConvs.12.b0.0, clean params mean: 0.0, median: 0.0, min: 0.0, max: 0.0
WARNING:root:name: PcConvs.13.FFconv.weight, clean params mean: -0.009022955782711506, median: -0.0, min: -0.9333333373069763, max: 1.0
WARNING:root:name: PcConvs.13.FBconv.weight, clean params mean: 0.015862109139561653, median: 0.0, min: -1.0, max: 1.0
WARNING:root:name: PcConvs.13.b0.0, clean params mean: 0.0, median: 0.0, min: 0.0, max: 0.0
WARNING:root:name: PcConvs.14.FFconv.weight, clean params mean: -0.003322723787277937, median: 0.0, min: -1.0, max: 0.800000011920929
WARNING:root:name: PcConvs.14.FBconv.weight, clean params mean: 0.02038162387907505, median: -0.0, min: -0.9333333373069763, max: 1.0
WARNING:root:name: PcConvs.14.b0.0, clean params mean: 0.0, median: 0.0, min: 0.0, max: 0.0
WARNING:root:name: PcConvs.15.FFconv.weight, clean params mean: 0.008640368469059467, median: -0.0, min: -1.0, max: 0.6000000238418579
WARNING:root:name: PcConvs.15.FBconv.weight, clean params mean: -0.002095390111207962, median: -0.0, min: -0.9333333373069763, max: 1.0
WARNING:root:name: PcConvs.15.b0.0, clean params mean: 0.0, median: 0.0, min: 0.0, max: 0.0
WARNING:root:name: linear.weight, clean params mean: -0.0070163109339773655, median: -0.08245333284139633, min: -0.4270583391189575, max: 0.8377830982208252
WARNING:root:name: linear.bias, clean params mean: -0.002159359399229288, median: -0.011764620430767536, min: -0.23566970229148865, max: 0.19391556084156036
WARNING:root:----- Model loaded -----
WARNING:root:Unroll or load expanded weights finished

  0%|          | 0/79 [00:00<?, ?it/s]
  0%|          | 0/79 [00:04<?, ?it/s, acc=70.31%]
  1%|▏         | 1/79 [00:04<05:58,  4.60s/it, acc=70.31%]
  1%|▏         | 1/79 [00:09<05:58,  4.60s/it, acc=67.19%]
  3%|▎         | 2/79 [00:09<05:54,  4.61s/it, acc=67.19%]
  3%|▎         | 2/79 [00:13<05:54,  4.61s/it, acc=65.36%]
  4%|▍         | 3/79 [00:13<05:47,  4.58s/it, acc=65.36%]
  4%|▍         | 3/79 [00:18<05:47,  4.58s/it, acc=64.84%]
  5%|▌         | 4/79 [00:18<05:34,  4.45s/it, acc=64.84%]
  5%|▌         | 4/79 [00:22<05:34,  4.45s/it, acc=62.97%]
  6%|▋         | 5/79 [00:22<05:37,  4.56s/it, acc=62.97%]
  6%|▋         | 5/79 [00:27<05:37,  4.56s/it, acc=63.28%]
  8%|▊         | 6/79 [00:27<05:26,  4.47s/it, acc=63.28%]
  8%|▊         | 6/79 [00:31<05:26,  4.47s/it, acc=63.50%]
  9%|▉         | 7/79 [00:31<05:25,  4.52s/it, acc=63.50%]
  9%|▉         | 7/79 [00:36<05:25,  4.52s/it, acc=62.40%]
 10%|█         | 8/79 [00:36<05:22,  4.54s/it, acc=62.40%]
 10%|█         | 8/79 [00:40<05:22,  4.54s/it, acc=63.28%]
 11%|█▏        | 9/79 [00:40<05:11,  4.45s/it, acc=63.28%]
 11%|█▏        | 9/79 [00:45<05:11,  4.45s/it, acc=63.83%]
 13%|█▎        | 10/79 [00:45<05:12,  4.53s/it, acc=63.83%]
 13%|█▎        | 10/79 [00:49<05:12,  4.53s/it, acc=63.49%]
 14%|█▍        | 11/79 [00:49<05:03,  4.46s/it, acc=63.49%]
 14%|█▍        | 11/79 [00:54<05:03,  4.46s/it, acc=64.32%]
 15%|█▌        | 12/79 [00:54<05:01,  4.50s/it, acc=64.32%]
 15%|█▌        | 12/79 [00:58<05:01,  4.50s/it, acc=64.42%]
 16%|█▋        | 13/79 [00:58<04:59,  4.54s/it, acc=64.42%]
 16%|█▋        | 13/79 [01:03<04:59,  4.54s/it, acc=64.01%]
 18%|█▊        | 14/79 [01:03<04:49,  4.45s/it, acc=64.01%]
 18%|█▊        | 14/79 [01:07<04:49,  4.45s/it, acc=64.43%]
 19%|█▉        | 15/79 [01:07<04:49,  4.52s/it, acc=64.43%]
 19%|█▉        | 15/79 [01:12<04:49,  4.52s/it, acc=64.84%]
 20%|██        | 16/79 [01:12<04:42,  4.49s/it, acc=64.84%]
 20%|██        | 16/79 [01:16<04:42,  4.49s/it, acc=64.89%]
 22%|██▏       | 17/79 [01:16<04:37,  4.48s/it, acc=64.89%]
 22%|██▏       | 17/79 [01:21<04:37,  4.48s/it, acc=64.84%]
 23%|██▎       | 18/79 [01:21<04:36,  4.54s/it, acc=64.84%]
 23%|██▎       | 18/79 [01:25<04:36,  4.54s/it, acc=64.76%]
 24%|██▍       | 19/79 [01:25<04:27,  4.46s/it, acc=64.76%]
 24%|██▍       | 19/79 [01:30<04:27,  4.46s/it, acc=65.08%]
 25%|██▌       | 20/79 [01:30<04:26,  4.52s/it, acc=65.08%]
 25%|██▌       | 20/79 [01:34<04:26,  4.52s/it, acc=65.10%]
 27%|██▋       | 21/79 [01:34<04:21,  4.51s/it, acc=65.10%]
 27%|██▋       | 21/79 [01:38<04:21,  4.51s/it, acc=65.09%]
 28%|██▊       | 22/79 [01:38<04:13,  4.46s/it, acc=65.09%]
 28%|██▊       | 22/79 [01:43<04:13,  4.46s/it, acc=64.74%]
 29%|██▉       | 23/79 [01:43<04:14,  4.54s/it, acc=64.74%]
 29%|██▉       | 23/79 [01:48<04:14,  4.54s/it, acc=64.36%]
 30%|███       | 24/79 [01:48<04:05,  4.47s/it, acc=64.36%]
 30%|███       | 24/79 [01:52<04:05,  4.47s/it, acc=64.53%]
 32%|███▏      | 25/79 [01:52<04:03,  4.51s/it, acc=64.53%]
 32%|███▏      | 25/79 [01:57<04:03,  4.51s/it, acc=64.45%]
 33%|███▎      | 26/79 [01:57<03:59,  4.52s/it, acc=64.45%]
 33%|███▎      | 26/79 [02:01<03:59,  4.52s/it, acc=64.38%]
 34%|███▍      | 27/79 [02:01<03:51,  4.45s/it, acc=64.38%]
 34%|███▍      | 27/79 [02:06<03:51,  4.45s/it, acc=64.34%]
 35%|███▌      | 28/79 [02:06<03:51,  4.54s/it, acc=64.34%]
 35%|███▌      | 28/79 [02:10<03:51,  4.54s/it, acc=64.14%]
 37%|███▋      | 29/79 [02:10<03:43,  4.47s/it, acc=64.14%]
 37%|███▋      | 29/79 [02:15<03:43,  4.47s/it, acc=64.58%]
 38%|███▊      | 30/79 [02:15<03:41,  4.51s/it, acc=64.58%]
 38%|███▊      | 30/79 [02:19<03:41,  4.51s/it, acc=64.49%]
 39%|███▉      | 31/79 [02:19<03:37,  4.53s/it, acc=64.49%]
 39%|███▉      | 31/79 [02:23<03:37,  4.53s/it, acc=64.55%]
 41%|████      | 32/79 [02:23<03:29,  4.45s/it, acc=64.55%]
 41%|████      | 32/79 [02:28<03:29,  4.45s/it, acc=64.35%]
 42%|████▏     | 33/79 [02:28<03:28,  4.54s/it, acc=64.35%]
 42%|████▏     | 33/79 [02:33<03:28,  4.54s/it, acc=64.38%]
 43%|████▎     | 34/79 [02:33<03:20,  4.46s/it, acc=64.38%]
 43%|████▎     | 34/79 [02:37<03:20,  4.46s/it, acc=64.49%]
 44%|████▍     | 35/79 [02:37<03:18,  4.50s/it, acc=64.49%]
 44%|████▍     | 35/79 [02:42<03:18,  4.50s/it, acc=64.56%]
 46%|████▌     | 36/79 [02:42<03:15,  4.55s/it, acc=64.56%]
 46%|████▌     | 36/79 [02:46<03:15,  4.55s/it, acc=64.53%]
 47%|████▋     | 37/79 [02:46<03:06,  4.45s/it, acc=64.53%]
 47%|████▋     | 37/79 [02:51<03:06,  4.45s/it, acc=64.47%]
 48%|████▊     | 38/79 [02:51<03:05,  4.52s/it, acc=64.47%]
 48%|████▊     | 38/79 [02:55<03:05,  4.52s/it, acc=64.56%]
 49%|████▉     | 39/79 [02:55<02:59,  4.48s/it, acc=64.56%]
 49%|████▉     | 39/79 [03:00<02:59,  4.48s/it, acc=64.59%]
 51%|█████     | 40/79 [03:00<02:54,  4.48s/it, acc=64.59%]
 51%|█████     | 40/79 [03:04<02:54,  4.48s/it, acc=64.75%]
 52%|█████▏    | 41/79 [03:04<02:52,  4.54s/it, acc=64.75%]
 52%|█████▏    | 41/79 [03:08<02:52,  4.54s/it, acc=64.66%]
 53%|█████▎    | 42/79 [03:08<02:45,  4.46s/it, acc=64.66%]
 53%|█████▎    | 42/79 [03:13<02:45,  4.46s/it, acc=64.68%]
 54%|█████▍    | 43/79 [03:13<02:42,  4.52s/it, acc=64.68%]
 54%|█████▍    | 43/79 [03:18<02:42,  4.52s/it, acc=64.70%]
 56%|█████▌    | 44/79 [03:18<02:37,  4.51s/it, acc=64.70%]
 56%|█████▌    | 44/79 [03:22<02:37,  4.51s/it, acc=64.77%]
 57%|█████▋    | 45/79 [03:22<02:31,  4.45s/it, acc=64.77%]
 57%|█████▋    | 45/79 [03:27<02:31,  4.45s/it, acc=64.93%]
 58%|█████▊    | 46/79 [03:27<02:29,  4.54s/it, acc=64.93%]
 58%|█████▊    | 46/79 [03:31<02:29,  4.54s/it, acc=64.79%]
 59%|█████▉    | 47/79 [03:31<02:23,  4.47s/it, acc=64.79%]
 59%|█████▉    | 47/79 [03:36<02:23,  4.47s/it, acc=64.73%]
 61%|██████    | 48/79 [03:36<02:19,  4.51s/it, acc=64.73%]
 61%|██████    | 48/79 [03:40<02:19,  4.51s/it, acc=64.65%]
 62%|██████▏   | 49/79 [03:40<02:15,  4.52s/it, acc=64.65%]
 62%|██████▏   | 49/79 [03:44<02:15,  4.52s/it, acc=64.72%]
 63%|██████▎   | 50/79 [03:44<02:09,  4.45s/it, acc=64.72%]
 63%|██████▎   | 50/79 [03:49<02:09,  4.45s/it, acc=64.57%]
 65%|██████▍   | 51/79 [03:49<02:06,  4.53s/it, acc=64.57%]
 65%|██████▍   | 51/79 [03:53<02:06,  4.53s/it, acc=64.50%]
 66%|██████▌   | 52/79 [03:53<02:00,  4.47s/it, acc=64.50%]
 66%|██████▌   | 52/79 [03:58<02:00,  4.47s/it, acc=64.45%]
 67%|██████▋   | 53/79 [03:58<01:57,  4.52s/it, acc=64.45%]
 67%|██████▋   | 53/79 [04:03<01:57,  4.52s/it, acc=64.53%]
 68%|██████▊   | 54/79 [04:03<01:53,  4.53s/it, acc=64.53%]
 68%|██████▊   | 54/79 [04:07<01:53,  4.53s/it, acc=64.56%]
 70%|██████▉   | 55/79 [04:07<01:46,  4.45s/it, acc=64.56%]
 70%|██████▉   | 55/79 [04:12<01:46,  4.45s/it, acc=64.40%]
 71%|███████   | 56/79 [04:12<01:44,  4.54s/it, acc=64.40%]
 71%|███████   | 56/79 [04:16<01:44,  4.54s/it, acc=64.46%]
 72%|███████▏  | 57/79 [04:16<01:38,  4.47s/it, acc=64.46%]
 72%|███████▏  | 57/79 [04:21<01:38,  4.47s/it, acc=64.36%]
 73%|███████▎  | 58/79 [04:21<01:34,  4.51s/it, acc=64.36%]
 73%|███████▎  | 58/79 [04:25<01:34,  4.51s/it, acc=64.47%]
 75%|███████▍  | 59/79 [04:25<01:30,  4.55s/it, acc=64.47%]
 75%|███████▍  | 59/79 [04:29<01:30,  4.55s/it, acc=64.39%]
 76%|███████▌  | 60/79 [04:29<01:24,  4.45s/it, acc=64.39%]
 76%|███████▌  | 60/79 [04:34<01:24,  4.45s/it, acc=64.31%]
 77%|███████▋  | 61/79 [04:34<01:21,  4.52s/it, acc=64.31%]
 77%|███████▋  | 61/79 [04:39<01:21,  4.52s/it, acc=64.28%]
 78%|███████▊  | 62/79 [04:39<01:16,  4.49s/it, acc=64.28%]
 78%|███████▊  | 62/79 [04:43<01:16,  4.49s/it, acc=64.25%]
 80%|███████▉  | 63/79 [04:43<01:11,  4.48s/it, acc=64.25%]
 80%|███████▉  | 63/79 [04:48<01:11,  4.48s/it, acc=64.26%]
 81%|████████  | 64/79 [04:48<01:08,  4.54s/it, acc=64.26%]
 81%|████████  | 64/79 [04:52<01:08,  4.54s/it, acc=64.27%]
 82%|████████▏ | 65/79 [04:52<01:02,  4.46s/it, acc=64.27%]
 82%|████████▏ | 65/79 [04:57<01:02,  4.46s/it, acc=64.25%]
 84%|████████▎ | 66/79 [04:57<00:58,  4.52s/it, acc=64.25%]
 84%|████████▎ | 66/79 [05:01<00:58,  4.52s/it, acc=64.37%]
 85%|████████▍ | 67/79 [05:01<00:54,  4.50s/it, acc=64.37%]
 85%|████████▍ | 67/79 [05:05<00:54,  4.50s/it, acc=64.35%]
 86%|████████▌ | 68/79 [05:05<00:49,  4.46s/it, acc=64.35%]
 86%|████████▌ | 68/79 [05:10<00:49,  4.46s/it, acc=64.31%]
 87%|████████▋ | 69/79 [05:10<00:45,  4.54s/it, acc=64.31%]
 87%|████████▋ | 69/79 [05:14<00:45,  4.54s/it, acc=64.39%]
 89%|████████▊ | 70/79 [05:14<00:40,  4.47s/it, acc=64.39%]
 89%|████████▊ | 70/79 [05:19<00:40,  4.47s/it, acc=64.30%]
 90%|████████▉ | 71/79 [05:19<00:36,  4.51s/it, acc=64.30%]
 90%|████████▉ | 71/79 [05:24<00:36,  4.51s/it, acc=64.37%]
 91%|█████████ | 72/79 [05:24<00:31,  4.52s/it, acc=64.37%]
 91%|█████████ | 72/79 [05:28<00:31,  4.52s/it, acc=64.37%]
 92%|█████████▏| 73/79 [05:28<00:26,  4.45s/it, acc=64.37%]
 92%|█████████▏| 73/79 [05:33<00:26,  4.45s/it, acc=64.36%]
 94%|█████████▎| 74/79 [05:33<00:22,  4.53s/it, acc=64.36%]
 94%|█████████▎| 74/79 [05:37<00:22,  4.53s/it, acc=64.39%]
 95%|█████████▍| 75/79 [05:37<00:17,  4.47s/it, acc=64.39%]
 95%|█████████▍| 75/79 [05:42<00:17,  4.47s/it, acc=64.37%]
 96%|█████████▌| 76/79 [05:42<00:13,  4.51s/it, acc=64.37%]
 96%|█████████▌| 76/79 [05:46<00:13,  4.51s/it, acc=64.37%]
 97%|█████████▋| 77/79 [05:46<00:09,  4.53s/it, acc=64.37%]
 97%|█████████▋| 77/79 [05:50<00:09,  4.53s/it, acc=64.35%]
 99%|█████████▊| 78/79 [05:50<00:04,  4.45s/it, acc=64.35%]
 99%|█████████▊| 78/79 [05:51<00:04,  4.45s/it, acc=64.36%]
100%|██████████| 79/79 [05:51<00:00,  3.25s/it, acc=64.36%]
100%|██████████| 79/79 [05:51<00:00,  4.45s/it, acc=64.36%]
ABLATION_RESULT case=spin_only trial_index=3 accuracy=64.36000000
Test Accuracy at noise level 0.0 thermal noise eps None: 64.36%
----- Using :PCNetNoBatchNorm model -----
WARNING:root:Drop the first BN layer
Replacing all transposed conv with conv
WARNING:root:PcConv converted to ODEBlock, ode_params={'ode_block': <class 'ode_pc.TogglePulseODEXInitFFFB'>, 't_end': 1.75, 'method': 'dopri5', 'tol': 1e-06, 'ts_scale': 1, 'n_steps': 100.0, 'return_init': [False, False, False, False, False, False, False, False, False, False, False, False, False, False, False, False], 'switch_period': 7e-08, 'n_iters': 2, 'i_leak': 1e-09, 'sde_noise_type': 'mul', 'mismatch_type': 'mul', 'patch_node': 8, 'patch_stride': 8, 'patch_cycle': 1, 'patch_pad': 0, 'fold_scalar': 1, 'toggle_n_cycles': 5, 'toggle_time_split': 0.5, 'toggle_fast_path': True, 'enable_spin_variation': True, 'sigma_spin': 0.1, 'spin_variation_seed': 20260725, 'enable_summing_current_noise': False, 'summing_current_p': 1.273e-11, 'summing_noise_seed': 20260725}
WARNING:root:ODEBlock in network wrapped, ode_wrapper_params={'ode_wrapper': <class 'ode_pc.ToggleQATTester1State'>, 'calib_path': None, 'R': 10000.0, 'R_max': 150000.0, 'C': 4.9e-14, 'k': 1000.0, 'v_dd': 0.1, 'w_bits': 5, 'enob': 8, 'tie_cap': False, 'one_over_q': 1.0, 'nonlinear_R': False, 'mul_mismatch_mode': 'static_mismatch', 'enable_measured_activation': False, 'activation_curve_path': '/home/rongzeng/_workspce_old/repos/pcn/collaboration/ScAN-PCN/hardware_data/relu_0p3mV.csv', 'activation_corner': 'TT', 'activation_spline_parameters': 10, 'compile_measured_activation': True, 'w_quant_mode': 'min_max', 'thermal_noise': False, 'w_perc': 0.99999, 'offset_eps': None}
WARNING:root:name: PcConvs.0.FFconv.weight, clean params mean: -0.09537037461996078, median: -0.06666667014360428, min: -1.0, max: 0.2666666805744171
WARNING:root:name: PcConvs.0.FBconv.weight, clean params mean: -0.0431327149271965, median: -0.06666667014360428, min: -1.0, max: 0.800000011920929
WARNING:root:name: PcConvs.0.b0.0, clean params mean: 0.0, median: 0.0, min: 0.0, max: 0.0
WARNING:root:name: PcConvs.1.FFconv.weight, clean params mean: -0.019868826493620872, median: -0.0, min: -1.0, max: 0.6000000238418579
WARNING:root:name: PcConvs.1.FBconv.weight, clean params mean: -0.008551955223083496, median: -0.0, min: -0.8666666746139526, max: 1.0
WARNING:root:name: PcConvs.1.b0.0, clean params mean: 0.0, median: 0.0, min: 0.0, max: 0.0
WARNING:root:name: PcConvs.2.FFconv.weight, clean params mean: -0.00765174999833107, median: 0.0, min: -1.0, max: 0.8666666746139526
WARNING:root:name: PcConvs.2.FBconv.weight, clean params mean: 0.0006301437388174236, median: 0.0, min: -1.0, max: 0.8666666746139526
WARNING:root:name: PcConvs.2.b0.0, clean params mean: 0.0, median: 0.0, min: 0.0, max: 0.0
WARNING:root:name: PcConvs.3.FFconv.weight, clean params mean: -0.005426954943686724, median: 0.0, min: -0.9333333373069763, max: 1.0
WARNING:root:name: PcConvs.3.FBconv.weight, clean params mean: 0.007201645988970995, median: 0.0, min: -0.7333333492279053, max: 1.0
WARNING:root:name: PcConvs.3.b0.0, clean params mean: 0.0, median: 0.0, min: 0.0, max: 0.0
WARNING:root:name: PcConvs.4.FFconv.weight, clean params mean: -0.0029706794302910566, median: -0.0, min: -1.0, max: 0.6000000238418579
WARNING:root:name: PcConvs.4.FBconv.weight, clean params mean: 0.008461934514343739, median: 0.0, min: -0.8666666746139526, max: 1.0
WARNING:root:name: PcConvs.4.b0.0, clean params mean: 0.0, median: 0.0, min: 0.0, max: 0.0
WARNING:root:name: PcConvs.5.FFconv.weight, clean params mean: 0.001015946501865983, median: -0.0, min: -0.800000011920929, max: 1.0
WARNING:root:name: PcConvs.5.FBconv.weight, clean params mean: 0.0060056583024561405, median: -0.0, min: -1.0, max: 1.0
WARNING:root:name: PcConvs.5.b0.0, clean params mean: 0.0, median: 0.0, min: 0.0, max: 0.0
WARNING:root:name: PcConvs.6.FFconv.weight, clean params mean: 0.0006140687619335949, median: 0.0, min: -1.0, max: 0.9333333373069763
WARNING:root:name: PcConvs.6.FBconv.weight, clean params mean: 0.004793595522642136, median: 0.0, min: -0.8666666746139526, max: 1.0
WARNING:root:name: PcConvs.6.b0.0, clean params mean: 0.0, median: 0.0, min: 0.0, max: 0.0
WARNING:root:name: PcConvs.7.FFconv.weight, clean params mean: 0.002716692630201578, median: -0.0, min: -1.0, max: 0.9333333373069763
WARNING:root:name: PcConvs.7.FBconv.weight, clean params mean: 0.003954474814236164, median: 0.0, min: -0.800000011920929, max: 1.0
WARNING:root:name: PcConvs.7.b0.0, clean params mean: 0.0, median: 0.0, min: 0.0, max: 0.0
WARNING:root:name: PcConvs.8.FFconv.weight, clean params mean: -0.004128086380660534, median: -0.0, min: -0.800000011920929, max: 1.0
WARNING:root:name: PcConvs.8.FBconv.weight, clean params mean: 0.012638244777917862, median: 0.0, min: -0.8666666746139526, max: 1.0
WARNING:root:name: PcConvs.8.b0.0, clean params mean: 0.0, median: 0.0, min: 0.0, max: 0.0
WARNING:root:name: PcConvs.9.FFconv.weight, clean params mean: -0.007172711193561554, median: 0.0, min: -1.0, max: 1.0
WARNING:root:name: PcConvs.9.FBconv.weight, clean params mean: 0.010873199440538883, median: -0.0, min: -1.0, max: 0.9333333373069763
WARNING:root:name: PcConvs.9.b0.0, clean params mean: 0.0, median: 0.0, min: 0.0, max: 0.0
WARNING:root:name: PcConvs.10.FFconv.weight, clean params mean: -0.00072980992263183, median: -0.0, min: -1.0, max: 0.7333333492279053
WARNING:root:name: PcConvs.10.FBconv.weight, clean params mean: 0.010927855037152767, median: 0.0, min: -0.7333333492279053, max: 1.0
WARNING:root:name: PcConvs.10.b0.0, clean params mean: 0.0, median: 0.0, min: 0.0, max: 0.0
WARNING:root:name: PcConvs.11.FFconv.weight, clean params mean: 0.003681198228150606, median: -0.0, min: -0.8666666746139526, max: 1.0
WARNING:root:name: PcConvs.11.FBconv.weight, clean params mean: 0.005353009328246117, median: 0.0, min: -1.0, max: 0.9333333373069763
WARNING:root:name: PcConvs.11.b0.0, clean params mean: 0.0, median: 0.0, min: 0.0, max: 0.0
WARNING:root:name: PcConvs.12.FFconv.weight, clean params mean: -0.00041634502122178674, median: 0.0, min: -1.0, max: 0.8666666746139526
WARNING:root:name: PcConvs.12.FBconv.weight, clean params mean: 0.0049913194961845875, median: 0.0, min: -1.0, max: 1.0
WARNING:root:name: PcConvs.12.b0.0, clean params mean: 0.0, median: 0.0, min: 0.0, max: 0.0
WARNING:root:name: PcConvs.13.FFconv.weight, clean params mean: -0.009022955782711506, median: -0.0, min: -0.9333333373069763, max: 1.0
WARNING:root:name: PcConvs.13.FBconv.weight, clean params mean: 0.015862109139561653, median: 0.0, min: -1.0, max: 1.0
WARNING:root:name: PcConvs.13.b0.0, clean params mean: 0.0, median: 0.0, min: 0.0, max: 0.0
WARNING:root:name: PcConvs.14.FFconv.weight, clean params mean: -0.003322723787277937, median: 0.0, min: -1.0, max: 0.800000011920929
WARNING:root:name: PcConvs.14.FBconv.weight, clean params mean: 0.02038162387907505, median: -0.0, min: -0.9333333373069763, max: 1.0
WARNING:root:name: PcConvs.14.b0.0, clean params mean: 0.0, median: 0.0, min: 0.0, max: 0.0
WARNING:root:name: PcConvs.15.FFconv.weight, clean params mean: 0.008640368469059467, median: -0.0, min: -1.0, max: 0.6000000238418579
WARNING:root:name: PcConvs.15.FBconv.weight, clean params mean: -0.002095390111207962, median: -0.0, min: -0.9333333373069763, max: 1.0
WARNING:root:name: PcConvs.15.b0.0, clean params mean: 0.0, median: 0.0, min: 0.0, max: 0.0
WARNING:root:name: linear.weight, clean params mean: -0.0070163109339773655, median: -0.08245333284139633, min: -0.4270583391189575, max: 0.8377830982208252
WARNING:root:name: linear.bias, clean params mean: -0.002159359399229288, median: -0.011764620430767536, min: -0.23566970229148865, max: 0.19391556084156036
WARNING:root:----- Model loaded -----
WARNING:root:Unroll or load expanded weights finished

  0%|          | 0/79 [00:00<?, ?it/s]
  0%|          | 0/79 [00:04<?, ?it/s, acc=75.00%]
  1%|▏         | 1/79 [00:04<06:09,  4.74s/it, acc=75.00%]
  1%|▏         | 1/79 [00:09<06:09,  4.74s/it, acc=68.36%]
  3%|▎         | 2/79 [00:09<05:47,  4.52s/it, acc=68.36%]
  3%|▎         | 2/79 [00:13<05:47,  4.52s/it, acc=65.62%]
  4%|▍         | 3/79 [00:13<05:49,  4.60s/it, acc=65.62%]
  4%|▍         | 3/79 [00:18<05:49,  4.60s/it, acc=64.45%]
  5%|▌         | 4/79 [00:18<05:36,  4.49s/it, acc=64.45%]
  5%|▌         | 4/79 [00:22<05:36,  4.49s/it, acc=62.97%]
  6%|▋         | 5/79 [00:22<05:35,  4.54s/it, acc=62.97%]
  6%|▋         | 5/79 [00:27<05:35,  4.54s/it, acc=63.80%]
  8%|▊         | 6/79 [00:27<05:31,  4.54s/it, acc=63.80%]
  8%|▊         | 6/79 [00:31<05:31,  4.54s/it, acc=64.06%]
  9%|▉         | 7/79 [00:31<05:20,  4.45s/it, acc=64.06%]
  9%|▉         | 7/79 [00:36<05:20,  4.45s/it, acc=62.99%]
 10%|█         | 8/79 [00:36<05:22,  4.54s/it, acc=62.99%]
 10%|█         | 8/79 [00:40<05:22,  4.54s/it, acc=63.80%]
 11%|█▏        | 9/79 [00:40<05:12,  4.47s/it, acc=63.80%]
 11%|█▏        | 9/79 [00:45<05:12,  4.47s/it, acc=64.69%]
 13%|█▎        | 10/79 [00:45<05:11,  4.51s/it, acc=64.69%]
 13%|█▎        | 10/79 [00:49<05:11,  4.51s/it, acc=64.56%]
 14%|█▍        | 11/79 [00:49<05:08,  4.53s/it, acc=64.56%]
 14%|█▍        | 11/79 [00:54<05:08,  4.53s/it, acc=65.10%]
 15%|█▌        | 12/79 [00:54<04:58,  4.45s/it, acc=65.10%]
 15%|█▌        | 12/79 [00:58<04:58,  4.45s/it, acc=65.20%]
 16%|█▋        | 13/79 [00:58<04:59,  4.53s/it, acc=65.20%]
 16%|█▋        | 13/79 [01:03<04:59,  4.53s/it, acc=65.01%]
 18%|█▊        | 14/79 [01:03<04:49,  4.46s/it, acc=65.01%]
 18%|█▊        | 14/79 [01:07<04:49,  4.46s/it, acc=65.31%]
 19%|█▉        | 15/79 [01:07<04:48,  4.50s/it, acc=65.31%]
 19%|█▉        | 15/79 [01:12<04:48,  4.50s/it, acc=65.58%]
 20%|██        | 16/79 [01:12<04:46,  4.54s/it, acc=65.58%]
 20%|██        | 16/79 [01:16<04:46,  4.54s/it, acc=65.72%]
 22%|██▏       | 17/79 [01:16<04:35,  4.45s/it, acc=65.72%]
 22%|██▏       | 17/79 [01:21<04:35,  4.45s/it, acc=65.67%]
 23%|██▎       | 18/79 [01:21<04:35,  4.52s/it, acc=65.67%]
 23%|██▎       | 18/79 [01:25<04:35,  4.52s/it, acc=65.67%]
 24%|██▍       | 19/79 [01:25<04:28,  4.48s/it, acc=65.67%]
 24%|██▍       | 19/79 [01:30<04:28,  4.48s/it, acc=65.90%]
 25%|██▌       | 20/79 [01:30<04:24,  4.48s/it, acc=65.90%]
 25%|██▌       | 20/79 [01:34<04:24,  4.48s/it, acc=65.66%]
 27%|██▋       | 21/79 [01:34<04:23,  4.54s/it, acc=65.66%]
 27%|██▋       | 21/79 [01:39<04:23,  4.54s/it, acc=65.62%]
 28%|██▊       | 22/79 [01:39<04:13,  4.46s/it, acc=65.62%]
 28%|██▊       | 22/79 [01:43<04:13,  4.46s/it, acc=65.29%]
 29%|██▉       | 23/79 [01:43<04:13,  4.52s/it, acc=65.29%]
 29%|██▉       | 23/79 [01:48<04:13,  4.52s/it, acc=64.91%]
 30%|███       | 24/79 [01:48<04:07,  4.51s/it, acc=64.91%]
 30%|███       | 24/79 [01:52<04:07,  4.51s/it, acc=65.09%]
 32%|███▏      | 25/79 [01:52<04:00,  4.46s/it, acc=65.09%]
 32%|███▏      | 25/79 [01:57<04:00,  4.46s/it, acc=64.93%]
 33%|███▎      | 26/79 [01:57<04:00,  4.54s/it, acc=64.93%]
 33%|███▎      | 26/79 [02:01<04:00,  4.54s/it, acc=64.90%]
 34%|███▍      | 27/79 [02:01<03:52,  4.47s/it, acc=64.90%]
 34%|███▍      | 27/79 [02:06<03:52,  4.47s/it, acc=64.84%]
 35%|███▌      | 28/79 [02:06<03:50,  4.52s/it, acc=64.84%]
 35%|███▌      | 28/79 [02:10<03:50,  4.52s/it, acc=64.66%]
 37%|███▋      | 29/79 [02:10<03:46,  4.52s/it, acc=64.66%]
 37%|███▋      | 29/79 [02:14<03:46,  4.52s/it, acc=65.08%]
 38%|███▊      | 30/79 [02:14<03:37,  4.45s/it, acc=65.08%]
 38%|███▊      | 30/79 [02:19<03:37,  4.45s/it, acc=65.05%]
 39%|███▉      | 31/79 [02:19<03:37,  4.53s/it, acc=65.05%]
 39%|███▉      | 31/79 [02:24<03:37,  4.53s/it, acc=65.06%]
 41%|████      | 32/79 [02:24<03:29,  4.47s/it, acc=65.06%]
 41%|████      | 32/79 [02:28<03:29,  4.47s/it, acc=64.89%]
 42%|████▏     | 33/79 [02:28<03:27,  4.51s/it, acc=64.89%]
 42%|████▏     | 33/79 [02:33<03:27,  4.51s/it, acc=64.98%]
 43%|████▎     | 34/79 [02:33<03:23,  4.53s/it, acc=64.98%]
 43%|████▎     | 34/79 [02:37<03:23,  4.53s/it, acc=65.07%]
 44%|████▍     | 35/79 [02:37<03:15,  4.45s/it, acc=65.07%]
 44%|████▍     | 35/79 [02:42<03:15,  4.45s/it, acc=65.04%]
 46%|████▌     | 36/79 [02:42<03:15,  4.54s/it, acc=65.04%]
 46%|████▌     | 36/79 [02:46<03:15,  4.54s/it, acc=65.01%]
 47%|████▋     | 37/79 [02:46<03:07,  4.46s/it, acc=65.01%]
 47%|████▋     | 37/79 [02:51<03:07,  4.46s/it, acc=64.93%]
 48%|████▊     | 38/79 [02:51<03:04,  4.51s/it, acc=64.93%]
 48%|████▊     | 38/79 [02:55<03:04,  4.51s/it, acc=64.96%]
 49%|████▉     | 39/79 [02:55<03:01,  4.54s/it, acc=64.96%]
 49%|████▉     | 39/79 [02:59<03:01,  4.54s/it, acc=65.00%]
 51%|█████     | 40/79 [02:59<02:53,  4.45s/it, acc=65.00%]
 51%|█████     | 40/79 [03:04<02:53,  4.45s/it, acc=65.11%]
 52%|█████▏    | 41/79 [03:04<02:51,  4.52s/it, acc=65.11%]
 52%|█████▏    | 41/79 [03:09<02:51,  4.52s/it, acc=65.10%]
 53%|█████▎    | 42/79 [03:09<02:45,  4.48s/it, acc=65.10%]
 53%|█████▎    | 42/79 [03:13<02:45,  4.48s/it, acc=65.10%]
 54%|█████▍    | 43/79 [03:13<02:41,  4.49s/it, acc=65.10%]
 54%|█████▍    | 43/79 [03:18<02:41,  4.49s/it, acc=65.16%]
 56%|█████▌    | 44/79 [03:18<02:38,  4.54s/it, acc=65.16%]
 56%|█████▌    | 44/79 [03:22<02:38,  4.54s/it, acc=65.16%]
 57%|█████▋    | 45/79 [03:22<02:31,  4.46s/it, acc=65.16%]
 57%|█████▋    | 45/79 [03:27<02:31,  4.46s/it, acc=65.29%]
 58%|█████▊    | 46/79 [03:27<02:29,  4.52s/it, acc=65.29%]
 58%|█████▊    | 46/79 [03:31<02:29,  4.52s/it, acc=65.21%]
 59%|█████▉    | 47/79 [03:31<02:24,  4.51s/it, acc=65.21%]
 59%|█████▉    | 47/79 [03:35<02:24,  4.51s/it, acc=65.12%]
 61%|██████    | 48/79 [03:35<02:18,  4.46s/it, acc=65.12%]
 61%|██████    | 48/79 [03:40<02:18,  4.46s/it, acc=64.99%]
 62%|██████▏   | 49/79 [03:40<02:16,  4.53s/it, acc=64.99%]
 62%|██████▏   | 49/79 [03:45<02:16,  4.53s/it, acc=65.06%]
 63%|██████▎   | 50/79 [03:45<02:09,  4.47s/it, acc=65.06%]
 63%|██████▎   | 50/79 [03:49<02:09,  4.47s/it, acc=64.98%]
 65%|██████▍   | 51/79 [03:49<02:06,  4.52s/it, acc=64.98%]
 65%|██████▍   | 51/79 [03:54<02:06,  4.52s/it, acc=64.95%]
 66%|██████▌   | 52/79 [03:54<02:02,  4.52s/it, acc=64.95%]
 66%|██████▌   | 52/79 [03:58<02:02,  4.52s/it, acc=64.95%]
 67%|██████▋   | 53/79 [03:58<01:55,  4.45s/it, acc=64.95%]
 67%|██████▋   | 53/79 [04:03<01:55,  4.45s/it, acc=64.99%]
 68%|██████▊   | 54/79 [04:03<01:53,  4.54s/it, acc=64.99%]
 68%|██████▊   | 54/79 [04:07<01:53,  4.54s/it, acc=64.97%]
 70%|██████▉   | 55/79 [04:07<01:47,  4.47s/it, acc=64.97%]
 70%|██████▉   | 55/79 [04:12<01:47,  4.47s/it, acc=64.87%]
 71%|███████   | 56/79 [04:12<01:43,  4.52s/it, acc=64.87%]
 71%|███████   | 56/79 [04:16<01:43,  4.52s/it, acc=64.93%]
 72%|███████▏  | 57/79 [04:16<01:39,  4.53s/it, acc=64.93%]
 72%|███████▏  | 57/79 [04:20<01:39,  4.53s/it, acc=64.79%]
 73%|███████▎  | 58/79 [04:20<01:33,  4.46s/it, acc=64.79%]
 73%|███████▎  | 58/79 [04:25<01:33,  4.46s/it, acc=64.90%]
 75%|███████▍  | 59/79 [04:25<01:30,  4.54s/it, acc=64.90%]
 75%|███████▍  | 59/79 [04:29<01:30,  4.54s/it, acc=64.80%]
 76%|███████▌  | 60/79 [04:29<01:24,  4.46s/it, acc=64.80%]
 76%|███████▌  | 60/79 [04:34<01:24,  4.46s/it, acc=64.77%]
 77%|███████▋  | 61/79 [04:34<01:21,  4.51s/it, acc=64.77%]
 77%|███████▋  | 61/79 [04:39<01:21,  4.51s/it, acc=64.72%]
 78%|███████▊  | 62/79 [04:39<01:17,  4.54s/it, acc=64.72%]
 78%|███████▊  | 62/79 [04:43<01:17,  4.54s/it, acc=64.68%]
 80%|███████▉  | 63/79 [04:43<01:11,  4.46s/it, acc=64.68%]
 80%|███████▉  | 63/79 [04:48<01:11,  4.46s/it, acc=64.62%]
 81%|████████  | 64/79 [04:48<01:07,  4.52s/it, acc=64.62%]
 81%|████████  | 64/79 [04:52<01:07,  4.52s/it, acc=64.65%]
 82%|████████▏ | 65/79 [04:52<01:02,  4.47s/it, acc=64.65%]
 82%|████████▏ | 65/79 [04:57<01:02,  4.47s/it, acc=64.67%]
 84%|████████▎ | 66/79 [04:57<00:58,  4.48s/it, acc=64.67%]
 84%|████████▎ | 66/79 [05:01<00:58,  4.48s/it, acc=64.79%]
 85%|████████▍ | 67/79 [05:01<00:54,  4.54s/it, acc=64.79%]
 85%|████████▍ | 67/79 [05:05<00:54,  4.54s/it, acc=64.74%]
 86%|████████▌ | 68/79 [05:05<00:49,  4.46s/it, acc=64.74%]
 86%|████████▌ | 68/79 [05:10<00:49,  4.46s/it, acc=64.67%]
 87%|████████▋ | 69/79 [05:10<00:45,  4.52s/it, acc=64.67%]
 87%|████████▋ | 69/79 [05:15<00:45,  4.52s/it, acc=64.72%]
 89%|████████▊ | 70/79 [05:15<00:40,  4.51s/it, acc=64.72%]
 89%|████████▊ | 70/79 [05:19<00:40,  4.51s/it, acc=64.69%]
 90%|████████▉ | 71/79 [05:19<00:35,  4.46s/it, acc=64.69%]
 90%|████████▉ | 71/79 [05:24<00:35,  4.46s/it, acc=64.76%]
 91%|█████████ | 72/79 [05:24<00:31,  4.54s/it, acc=64.76%]
 91%|█████████ | 72/79 [05:28<00:31,  4.54s/it, acc=64.73%]
 92%|█████████▏| 73/79 [05:28<00:26,  4.47s/it, acc=64.73%]
 92%|█████████▏| 73/79 [05:33<00:26,  4.47s/it, acc=64.69%]
 94%|█████████▎| 74/79 [05:33<00:22,  4.52s/it, acc=64.69%]
 94%|█████████▎| 74/79 [05:37<00:22,  4.52s/it, acc=64.72%]
 95%|█████████▍| 75/79 [05:37<00:18,  4.52s/it, acc=64.72%]
 95%|█████████▍| 75/79 [05:41<00:18,  4.52s/it, acc=64.71%]
 96%|█████████▌| 76/79 [05:41<00:13,  4.45s/it, acc=64.71%]
 96%|█████████▌| 76/79 [05:46<00:13,  4.45s/it, acc=64.70%]
 97%|█████████▋| 77/79 [05:46<00:09,  4.53s/it, acc=64.70%]
 97%|█████████▋| 77/79 [05:50<00:09,  4.53s/it, acc=64.69%]
 99%|█████████▊| 78/79 [05:50<00:04,  4.47s/it, acc=64.69%]
 99%|█████████▊| 78/79 [05:51<00:04,  4.47s/it, acc=64.70%]
100%|██████████| 79/79 [05:51<00:00,  3.28s/it, acc=64.70%]
100%|██████████| 79/79 [05:51<00:00,  4.45s/it, acc=64.70%]
ABLATION_RESULT case=spin_only trial_index=4 accuracy=64.70000000
Test Accuracy at noise level 0.0 thermal noise eps None: 64.70%
Average test acc over 5 trials is 64.47200000000001
-------- Final Result ODEBlock with t_end: 1.75, real_t_end: 1.75 --------
-------- Model name: TIMMQAT5b8aNT0p25mulTIMMPCNetNoBatchNorm_PCConvReLU6_0.0eps_ToggleODEXInitFFFB_dopri5Solver_1.75TEnd_0.0001Tol_0.001WD_128BS_0.01LR_C100_3K1S96C_0.25Dropout_16Layers4l5l4_2Pool_srrlDistill_a0p3_t2p0_scanGFI_1REP --------
wrapper params: {'ode_wrapper': <class 'ode_pc.ToggleQATTester1State'>, 'calib_path': None, 'R': 10000.0, 'R_max': 150000.0, 'C': 4.9e-14, 'k': 1000.0, 'v_dd': 0.1, 'w_bits': 5, 'enob': 8, 'tie_cap': False, 'one_over_q': 1.0, 'nonlinear_R': False, 'mul_mismatch_mode': 'static_mismatch', 'enable_measured_activation': False, 'activation_curve_path': '/home/rongzeng/_workspce_old/repos/pcn/collaboration/ScAN-PCN/hardware_data/relu_0p3mV.csv', 'activation_corner': 'TT', 'activation_spline_parameters': 10, 'compile_measured_activation': True, 'w_quant_mode': 'min_max', 'thermal_noise': False, 'w_perc': 0.99999, 'offset_eps': None}
Thermal noise eps: Johnson
t_end: 1.75, real_t_end: 1.75, Noise level: 0.0, Acc:64.47±0.20%
