COMMAND: /home/rongzeng/anaconda3/envs/scanbase/bin/python -u ode_inference.py --model_name TIMMQAT5b8aNT0p25mulTIMMPCNetNoBatchNorm_PCConvReLU6_0.0eps_ToggleODEXInitFFFB_dopri5Solver_1.75TEnd_0.0001Tol_0.001WD_128BS_0.01LR_C100_3K1S96C_0.25Dropout_16Layers4l5l4_2Pool_srrlDistill_a0p3_t2p0_scanGFI_1REP --ckpt best --model_dir saved_ckpt --task cifar100 --img_type scanGFI --test_bs 128 --pc_conv PCConvReLU6Noisy --ode_block TogglePulseODEXInitFFFB --ode_wrapper ToggleQATTester1State --method dopri5 --tol 1e-6 --n_steps 100 --ts_scale 1 --d_start 0 --d_end 1 --n_sweep_left 0 --n_sweep_right 1 --noise_level_list 0.0 --noisy_trials 5 --thermal_noise false --sde_noise_type mul --mismatch_type mul --sweep_eps false --R 10e3 --R_max 150e3 --C 49e-15 --k 1e3 --v_dd 0.1 --enob 8 --w_bits 5 --patch_node 8 --patch_stride 8 --patch_cycle 1 --patch_pad 0 --fold_scalar 1 --tie_cap false --one_over_q 1 --toggle_n_cycles 5 --toggle_time_split 0.5 --toggle_fast_path true --conv_only true --test_expanded true --expanded_w_dir expanded_weights --diff_mismatch false --nonlinear_R false --mul_mismatch_mode static_mismatch --enable_spin_variation false --sigma_spin 0.10 --spin_variation_seed 20260721 --enable_measured_activation false --activation_curve_path /home/rongzeng/_workspce_old/repos/pcn/collaboration/ScAN-PCN/hardware_data/relu_0p3mV.csv --activation_corner TT --activation_spline_parameters 10 --compile_measured_activation true --enable_summing_current_noise true --summing_current_p 12.73e-12 --summing_noise_seed 20260721 --return_init 0 --test_only false --ablation_single_case true --ablation_case_name summing_current_noise_only --hardware_seed 20260721 --data_seed 20260721
WARNING:root:----- Using PC Conv layer: PCConvReLU6Noisy -----
Configuration saved to: /tmp/tmpm5tndm3_/config.json
Edit the file to customize generation parameters
WARNING:root:Running ODE pcn inference, method: dopri5, tol: 1e-06
WARNING:root:Current t_end: 1.75, ground truth t_end: 1.75
----- Using :PCNetNoBatchNorm model -----
WARNING:root:Drop the first BN layer
Replacing all transposed conv with conv
WARNING:root:PcConv converted to ODEBlock, ode_params={'ode_block': <class 'ode_pc.TogglePulseODEXInitFFFB'>, 't_end': 1.75, 'method': 'dopri5', 'tol': 1e-06, 'ts_scale': 1, 'n_steps': 100.0, 'return_init': [False, False, False, False, False, False, False, False, False, False, False, False, False, False, False, False], 'switch_period': 7e-08, 'n_iters': 2, 'i_leak': 1e-09, 'sde_noise_type': 'mul', 'mismatch_type': 'mul', 'patch_node': 8, 'patch_stride': 8, 'patch_cycle': 1, 'patch_pad': 0, 'fold_scalar': 1, 'toggle_n_cycles': 5, 'toggle_time_split': 0.5, 'toggle_fast_path': True, 'enable_spin_variation': False, 'sigma_spin': 0.1, 'spin_variation_seed': 20260721, 'enable_summing_current_noise': True, 'summing_current_p': 1.273e-11, 'summing_noise_seed': 20260721}
WARNING:root:ODEBlock in network wrapped, ode_wrapper_params={'ode_wrapper': <class 'ode_pc.ToggleQATTester1State'>, 'calib_path': None, 'R': 10000.0, 'R_max': 150000.0, 'C': 4.9e-14, 'k': 1000.0, 'v_dd': 0.1, 'w_bits': 5, 'enob': 8, 'tie_cap': False, 'one_over_q': 1.0, 'nonlinear_R': False, 'mul_mismatch_mode': 'static_mismatch', 'enable_measured_activation': False, 'activation_curve_path': '/home/rongzeng/_workspce_old/repos/pcn/collaboration/ScAN-PCN/hardware_data/relu_0p3mV.csv', 'activation_corner': 'TT', 'activation_spline_parameters': 10, 'compile_measured_activation': True, 'w_quant_mode': 'min_max', 'thermal_noise': False, 'w_perc': 0.99999, 'offset_eps': None}
WARNING:root:name: PcConvs.0.FFconv.weight, clean params mean: -0.09537037461996078, median: -0.06666667014360428, min: -1.0, max: 0.2666666805744171
WARNING:root:name: PcConvs.0.FBconv.weight, clean params mean: -0.0431327149271965, median: -0.06666667014360428, min: -1.0, max: 0.800000011920929
WARNING:root:name: PcConvs.0.b0.0, clean params mean: 0.0, median: 0.0, min: 0.0, max: 0.0
WARNING:root:name: PcConvs.1.FFconv.weight, clean params mean: -0.019868826493620872, median: -0.0, min: -1.0, max: 0.6000000238418579
WARNING:root:name: PcConvs.1.FBconv.weight, clean params mean: -0.008551955223083496, median: -0.0, min: -0.8666666746139526, max: 1.0
WARNING:root:name: PcConvs.1.b0.0, clean params mean: 0.0, median: 0.0, min: 0.0, max: 0.0
WARNING:root:name: PcConvs.2.FFconv.weight, clean params mean: -0.00765174999833107, median: 0.0, min: -1.0, max: 0.8666666746139526
WARNING:root:name: PcConvs.2.FBconv.weight, clean params mean: 0.0006301437388174236, median: 0.0, min: -1.0, max: 0.8666666746139526
WARNING:root:name: PcConvs.2.b0.0, clean params mean: 0.0, median: 0.0, min: 0.0, max: 0.0
WARNING:root:name: PcConvs.3.FFconv.weight, clean params mean: -0.005426954943686724, median: 0.0, min: -0.9333333373069763, max: 1.0
WARNING:root:name: PcConvs.3.FBconv.weight, clean params mean: 0.007201645988970995, median: 0.0, min: -0.7333333492279053, max: 1.0
WARNING:root:name: PcConvs.3.b0.0, clean params mean: 0.0, median: 0.0, min: 0.0, max: 0.0
WARNING:root:name: PcConvs.4.FFconv.weight, clean params mean: -0.0029706794302910566, median: -0.0, min: -1.0, max: 0.6000000238418579
WARNING:root:name: PcConvs.4.FBconv.weight, clean params mean: 0.008461934514343739, median: 0.0, min: -0.8666666746139526, max: 1.0
WARNING:root:name: PcConvs.4.b0.0, clean params mean: 0.0, median: 0.0, min: 0.0, max: 0.0
WARNING:root:name: PcConvs.5.FFconv.weight, clean params mean: 0.001015946501865983, median: -0.0, min: -0.800000011920929, max: 1.0
WARNING:root:name: PcConvs.5.FBconv.weight, clean params mean: 0.0060056583024561405, median: -0.0, min: -1.0, max: 1.0
WARNING:root:name: PcConvs.5.b0.0, clean params mean: 0.0, median: 0.0, min: 0.0, max: 0.0
WARNING:root:name: PcConvs.6.FFconv.weight, clean params mean: 0.0006140687619335949, median: 0.0, min: -1.0, max: 0.9333333373069763
WARNING:root:name: PcConvs.6.FBconv.weight, clean params mean: 0.004793595522642136, median: 0.0, min: -0.8666666746139526, max: 1.0
WARNING:root:name: PcConvs.6.b0.0, clean params mean: 0.0, median: 0.0, min: 0.0, max: 0.0
WARNING:root:name: PcConvs.7.FFconv.weight, clean params mean: 0.002716692630201578, median: -0.0, min: -1.0, max: 0.9333333373069763
WARNING:root:name: PcConvs.7.FBconv.weight, clean params mean: 0.003954474814236164, median: 0.0, min: -0.800000011920929, max: 1.0
WARNING:root:name: PcConvs.7.b0.0, clean params mean: 0.0, median: 0.0, min: 0.0, max: 0.0
WARNING:root:name: PcConvs.8.FFconv.weight, clean params mean: -0.004128086380660534, median: -0.0, min: -0.800000011920929, max: 1.0
WARNING:root:name: PcConvs.8.FBconv.weight, clean params mean: 0.012638244777917862, median: 0.0, min: -0.8666666746139526, max: 1.0
WARNING:root:name: PcConvs.8.b0.0, clean params mean: 0.0, median: 0.0, min: 0.0, max: 0.0
WARNING:root:name: PcConvs.9.FFconv.weight, clean params mean: -0.007172711193561554, median: 0.0, min: -1.0, max: 1.0
WARNING:root:name: PcConvs.9.FBconv.weight, clean params mean: 0.010873199440538883, median: -0.0, min: -1.0, max: 0.9333333373069763
WARNING:root:name: PcConvs.9.b0.0, clean params mean: 0.0, median: 0.0, min: 0.0, max: 0.0
WARNING:root:name: PcConvs.10.FFconv.weight, clean params mean: -0.00072980992263183, median: -0.0, min: -1.0, max: 0.7333333492279053
WARNING:root:name: PcConvs.10.FBconv.weight, clean params mean: 0.010927855037152767, median: 0.0, min: -0.7333333492279053, max: 1.0
WARNING:root:name: PcConvs.10.b0.0, clean params mean: 0.0, median: 0.0, min: 0.0, max: 0.0
WARNING:root:name: PcConvs.11.FFconv.weight, clean params mean: 0.003681198228150606, median: -0.0, min: -0.8666666746139526, max: 1.0
WARNING:root:name: PcConvs.11.FBconv.weight, clean params mean: 0.005353009328246117, median: 0.0, min: -1.0, max: 0.9333333373069763
WARNING:root:name: PcConvs.11.b0.0, clean params mean: 0.0, median: 0.0, min: 0.0, max: 0.0
WARNING:root:name: PcConvs.12.FFconv.weight, clean params mean: -0.00041634502122178674, median: 0.0, min: -1.0, max: 0.8666666746139526
WARNING:root:name: PcConvs.12.FBconv.weight, clean params mean: 0.0049913194961845875, median: 0.0, min: -1.0, max: 1.0
WARNING:root:name: PcConvs.12.b0.0, clean params mean: 0.0, median: 0.0, min: 0.0, max: 0.0
WARNING:root:name: PcConvs.13.FFconv.weight, clean params mean: -0.009022955782711506, median: -0.0, min: -0.9333333373069763, max: 1.0
WARNING:root:name: PcConvs.13.FBconv.weight, clean params mean: 0.015862109139561653, median: 0.0, min: -1.0, max: 1.0
WARNING:root:name: PcConvs.13.b0.0, clean params mean: 0.0, median: 0.0, min: 0.0, max: 0.0
WARNING:root:name: PcConvs.14.FFconv.weight, clean params mean: -0.003322723787277937, median: 0.0, min: -1.0, max: 0.800000011920929
WARNING:root:name: PcConvs.14.FBconv.weight, clean params mean: 0.02038162387907505, median: -0.0, min: -0.9333333373069763, max: 1.0
WARNING:root:name: PcConvs.14.b0.0, clean params mean: 0.0, median: 0.0, min: 0.0, max: 0.0
WARNING:root:name: PcConvs.15.FFconv.weight, clean params mean: 0.008640368469059467, median: -0.0, min: -1.0, max: 0.6000000238418579
WARNING:root:name: PcConvs.15.FBconv.weight, clean params mean: -0.002095390111207962, median: -0.0, min: -0.9333333373069763, max: 1.0
WARNING:root:name: PcConvs.15.b0.0, clean params mean: 0.0, median: 0.0, min: 0.0, max: 0.0
WARNING:root:name: linear.weight, clean params mean: -0.0070163109339773655, median: -0.08245333284139633, min: -0.4270583391189575, max: 0.8377830982208252
WARNING:root:name: linear.bias, clean params mean: -0.002159359399229288, median: -0.011764620430767536, min: -0.23566970229148865, max: 0.19391556084156036
WARNING:root:----- Model loaded -----
WARNING:root:Unroll or load expanded weights finished

  0%|          | 0/79 [00:00<?, ?it/s]
  0%|          | 0/79 [00:04<?, ?it/s, acc=25.00%]
  1%|▏         | 1/79 [00:04<05:47,  4.45s/it, acc=25.00%]
  1%|▏         | 1/79 [00:08<05:47,  4.45s/it, acc=25.00%]
  3%|▎         | 2/79 [00:08<05:27,  4.26s/it, acc=25.00%]
  3%|▎         | 2/79 [00:12<05:27,  4.26s/it, acc=24.74%]
  4%|▍         | 3/79 [00:12<05:10,  4.09s/it, acc=24.74%]
  4%|▍         | 3/79 [00:16<05:10,  4.09s/it, acc=23.24%]
  5%|▌         | 4/79 [00:16<05:00,  4.00s/it, acc=23.24%]
  5%|▌         | 4/79 [00:20<05:00,  4.00s/it, acc=23.44%]
  6%|▋         | 5/79 [00:20<04:55,  3.99s/it, acc=23.44%]
  6%|▋         | 5/79 [00:24<04:55,  3.99s/it, acc=23.57%]
  8%|▊         | 6/79 [00:24<04:52,  4.01s/it, acc=23.57%]
  8%|▊         | 6/79 [00:28<04:52,  4.01s/it, acc=24.22%]
  9%|▉         | 7/79 [00:28<04:44,  3.95s/it, acc=24.22%]
  9%|▉         | 7/79 [00:32<04:44,  3.95s/it, acc=24.51%]
 10%|█         | 8/79 [00:32<04:38,  3.92s/it, acc=24.51%]
 10%|█         | 8/79 [00:36<04:38,  3.92s/it, acc=24.83%]
 11%|█▏        | 9/79 [00:36<04:35,  3.94s/it, acc=24.83%]
 11%|█▏        | 9/79 [00:40<04:35,  3.94s/it, acc=24.84%]
 13%|█▎        | 10/79 [00:40<04:34,  3.97s/it, acc=24.84%]
 13%|█▎        | 10/79 [00:43<04:34,  3.97s/it, acc=24.64%]
 14%|█▍        | 11/79 [00:43<04:28,  3.94s/it, acc=24.64%]
 14%|█▍        | 11/79 [00:47<04:28,  3.94s/it, acc=25.65%]
 15%|█▌        | 12/79 [00:47<04:22,  3.92s/it, acc=25.65%]
 15%|█▌        | 12/79 [00:51<04:22,  3.92s/it, acc=25.24%]
 16%|█▋        | 13/79 [00:51<04:20,  3.94s/it, acc=25.24%]
 16%|█▋        | 13/79 [00:55<04:20,  3.94s/it, acc=25.22%]
 18%|█▊        | 14/79 [00:55<04:18,  3.97s/it, acc=25.22%]
 18%|█▊        | 14/79 [00:59<04:18,  3.97s/it, acc=25.21%]
 19%|█▉        | 15/79 [00:59<04:12,  3.94s/it, acc=25.21%]
 19%|█▉        | 15/79 [01:03<04:12,  3.94s/it, acc=25.20%]
 20%|██        | 16/79 [01:03<04:06,  3.92s/it, acc=25.20%]
 20%|██        | 16/79 [01:07<04:06,  3.92s/it, acc=25.14%]
 22%|██▏       | 17/79 [01:07<04:04,  3.94s/it, acc=25.14%]
 22%|██▏       | 17/79 [01:11<04:04,  3.94s/it, acc=25.17%]
 23%|██▎       | 18/79 [01:11<04:01,  3.95s/it, acc=25.17%]
 23%|██▎       | 18/79 [01:15<04:01,  3.95s/it, acc=25.29%]
 24%|██▍       | 19/79 [01:15<03:55,  3.92s/it, acc=25.29%]
 24%|██▍       | 19/79 [01:19<03:55,  3.92s/it, acc=25.47%]
 25%|██▌       | 20/79 [01:19<03:49,  3.90s/it, acc=25.47%]
 25%|██▌       | 20/79 [01:23<03:49,  3.90s/it, acc=25.26%]
 27%|██▋       | 21/79 [01:23<03:48,  3.93s/it, acc=25.26%]
 27%|██▋       | 21/79 [01:27<03:48,  3.93s/it, acc=25.21%]
 28%|██▊       | 22/79 [01:27<03:44,  3.94s/it, acc=25.21%]
 28%|██▊       | 22/79 [01:31<03:44,  3.94s/it, acc=24.93%]
 29%|██▉       | 23/79 [01:31<03:40,  3.94s/it, acc=24.93%]
 29%|██▉       | 23/79 [01:34<03:40,  3.94s/it, acc=24.84%]
 30%|███       | 24/79 [01:34<03:33,  3.89s/it, acc=24.84%]
 30%|███       | 24/79 [01:38<03:33,  3.89s/it, acc=24.72%]
 32%|███▏      | 25/79 [01:38<03:32,  3.94s/it, acc=24.72%]
 32%|███▏      | 25/79 [01:42<03:32,  3.94s/it, acc=24.67%]
 33%|███▎      | 26/79 [01:42<03:29,  3.95s/it, acc=24.67%]
 33%|███▎      | 26/79 [01:46<03:29,  3.95s/it, acc=24.59%]
 34%|███▍      | 27/79 [01:46<03:24,  3.94s/it, acc=24.59%]
 34%|███▍      | 27/79 [01:50<03:24,  3.94s/it, acc=24.67%]
 35%|███▌      | 28/79 [01:50<03:18,  3.90s/it, acc=24.67%]
 35%|███▌      | 28/79 [01:54<03:18,  3.90s/it, acc=24.92%]
 37%|███▋      | 29/79 [01:54<03:17,  3.94s/it, acc=24.92%]
 37%|███▋      | 29/79 [01:58<03:17,  3.94s/it, acc=25.03%]
 38%|███▊      | 30/79 [01:58<03:13,  3.95s/it, acc=25.03%]
 38%|███▊      | 30/79 [02:02<03:13,  3.95s/it, acc=25.08%]
 39%|███▉      | 31/79 [02:02<03:09,  3.94s/it, acc=25.08%]
 39%|███▉      | 31/79 [02:06<03:09,  3.94s/it, acc=25.10%]
 41%|████      | 32/79 [02:06<03:03,  3.91s/it, acc=25.10%]
 41%|████      | 32/79 [02:10<03:03,  3.91s/it, acc=24.93%]
 42%|████▏     | 33/79 [02:10<03:01,  3.95s/it, acc=24.93%]
 42%|████▏     | 33/79 [02:14<03:01,  3.95s/it, acc=24.77%]
 43%|████▎     | 34/79 [02:14<02:57,  3.95s/it, acc=24.77%]
 43%|████▎     | 34/79 [02:18<02:57,  3.95s/it, acc=24.78%]
 44%|████▍     | 35/79 [02:18<02:53,  3.94s/it, acc=24.78%]
 44%|████▍     | 35/79 [02:22<02:53,  3.94s/it, acc=24.78%]
 46%|████▌     | 36/79 [02:22<02:48,  3.92s/it, acc=24.78%]
 46%|████▌     | 36/79 [02:26<02:48,  3.92s/it, acc=24.66%]
 47%|████▋     | 37/79 [02:26<02:45,  3.94s/it, acc=24.66%]
 47%|████▋     | 37/79 [02:30<02:45,  3.94s/it, acc=24.65%]
 48%|████▊     | 38/79 [02:30<02:41,  3.94s/it, acc=24.65%]
 48%|████▊     | 38/79 [02:34<02:41,  3.94s/it, acc=24.54%]
 49%|████▉     | 39/79 [02:34<02:37,  3.93s/it, acc=24.54%]
 49%|████▉     | 39/79 [02:37<02:37,  3.93s/it, acc=24.43%]
 51%|█████     | 40/79 [02:37<02:33,  3.92s/it, acc=24.43%]
 51%|█████     | 40/79 [02:41<02:33,  3.92s/it, acc=24.49%]
 52%|█████▏    | 41/79 [02:41<02:30,  3.95s/it, acc=24.49%]
 52%|█████▏    | 41/79 [02:45<02:30,  3.95s/it, acc=24.27%]
 53%|█████▎    | 42/79 [02:45<02:25,  3.93s/it, acc=24.27%]
 53%|█████▎    | 42/79 [02:49<02:25,  3.93s/it, acc=24.26%]
 54%|█████▍    | 43/79 [02:49<02:20,  3.91s/it, acc=24.26%]
 54%|█████▍    | 43/79 [02:53<02:20,  3.91s/it, acc=24.29%]
 56%|█████▌    | 44/79 [02:53<02:17,  3.92s/it, acc=24.29%]
 56%|█████▌    | 44/79 [02:57<02:17,  3.92s/it, acc=24.29%]
 57%|█████▋    | 45/79 [02:57<02:14,  3.95s/it, acc=24.29%]
 57%|█████▋    | 45/79 [03:01<02:14,  3.95s/it, acc=24.25%]
 58%|█████▊    | 46/79 [03:01<02:09,  3.93s/it, acc=24.25%]
 58%|█████▊    | 46/79 [03:05<02:09,  3.93s/it, acc=24.20%]
 59%|█████▉    | 47/79 [03:05<02:02,  3.82s/it, acc=24.20%]
 59%|█████▉    | 47/79 [03:07<02:02,  3.82s/it, acc=24.32%]
 61%|██████    | 48/79 [03:07<01:46,  3.45s/it, acc=24.32%]
 61%|██████    | 48/79 [03:10<01:46,  3.45s/it, acc=24.23%]
 62%|██████▏   | 49/79 [03:10<01:33,  3.13s/it, acc=24.23%]
 62%|██████▏   | 49/79 [03:12<01:33,  3.13s/it, acc=24.20%]
 63%|██████▎   | 50/79 [03:12<01:26,  2.99s/it, acc=24.20%]
 63%|██████▎   | 50/79 [03:16<01:26,  2.99s/it, acc=24.14%]
 65%|██████▍   | 51/79 [03:16<01:30,  3.25s/it, acc=24.14%]
 65%|██████▍   | 51/79 [03:20<01:30,  3.25s/it, acc=24.01%]
 66%|██████▌   | 52/79 [03:20<01:31,  3.38s/it, acc=24.01%]
 66%|██████▌   | 52/79 [03:24<01:31,  3.38s/it, acc=24.09%]
 67%|██████▋   | 53/79 [03:24<01:31,  3.53s/it, acc=24.09%]
 67%|██████▋   | 53/79 [03:28<01:31,  3.53s/it, acc=24.23%]
 68%|██████▊   | 54/79 [03:28<01:32,  3.69s/it, acc=24.23%]
 68%|██████▊   | 54/79 [03:32<01:32,  3.69s/it, acc=24.16%]
 70%|██████▉   | 55/79 [03:32<01:30,  3.77s/it, acc=24.16%]
 70%|██████▉   | 55/79 [03:36<01:30,  3.77s/it, acc=24.19%]
 71%|███████   | 56/79 [03:36<01:27,  3.82s/it, acc=24.19%]
 71%|███████   | 56/79 [03:39<01:27,  3.82s/it, acc=24.18%]
 72%|███████▏  | 57/79 [03:39<01:24,  3.83s/it, acc=24.18%]
 72%|███████▏  | 57/79 [03:44<01:24,  3.83s/it, acc=24.16%]
 73%|███████▎  | 58/79 [03:44<01:21,  3.89s/it, acc=24.16%]
 73%|███████▎  | 58/79 [03:47<01:21,  3.89s/it, acc=24.18%]
 75%|███████▍  | 59/79 [03:47<01:18,  3.91s/it, acc=24.18%]
 75%|███████▍  | 59/79 [03:51<01:18,  3.91s/it, acc=24.13%]
 76%|███████▌  | 60/79 [03:51<01:14,  3.91s/it, acc=24.13%]
 76%|███████▌  | 60/79 [03:55<01:14,  3.91s/it, acc=24.09%]
 77%|███████▋  | 61/79 [03:55<01:10,  3.89s/it, acc=24.09%]
 77%|███████▋  | 61/79 [03:59<01:10,  3.89s/it, acc=24.16%]
 78%|███████▊  | 62/79 [03:59<01:06,  3.93s/it, acc=24.16%]
 78%|███████▊  | 62/79 [04:03<01:06,  3.93s/it, acc=24.21%]
 80%|███████▉  | 63/79 [04:03<01:03,  3.94s/it, acc=24.21%]
 80%|███████▉  | 63/79 [04:07<01:03,  3.94s/it, acc=24.26%]
 81%|████████  | 64/79 [04:07<00:59,  3.94s/it, acc=24.26%]
 81%|████████  | 64/79 [04:11<00:59,  3.94s/it, acc=24.19%]
 82%|████████▏ | 65/79 [04:11<00:54,  3.91s/it, acc=24.19%]
 82%|████████▏ | 65/79 [04:15<00:54,  3.91s/it, acc=24.17%]
 84%|████████▎ | 66/79 [04:15<00:51,  3.94s/it, acc=24.17%]
 84%|████████▎ | 66/79 [04:19<00:51,  3.94s/it, acc=24.17%]
 85%|████████▍ | 67/79 [04:19<00:47,  3.95s/it, acc=24.17%]
 85%|████████▍ | 67/79 [04:23<00:47,  3.95s/it, acc=24.21%]
 86%|████████▌ | 68/79 [04:23<00:43,  3.94s/it, acc=24.21%]
 86%|████████▌ | 68/79 [04:27<00:43,  3.94s/it, acc=24.25%]
 87%|████████▋ | 69/79 [04:27<00:38,  3.88s/it, acc=24.25%]
 87%|████████▋ | 69/79 [04:31<00:38,  3.88s/it, acc=24.33%]
 89%|████████▊ | 70/79 [04:31<00:35,  3.92s/it, acc=24.33%]
 89%|████████▊ | 70/79 [04:35<00:35,  3.92s/it, acc=24.36%]
 90%|████████▉ | 71/79 [04:35<00:31,  3.91s/it, acc=24.36%]
 90%|████████▉ | 71/79 [04:38<00:31,  3.91s/it, acc=24.34%]
 91%|█████████ | 72/79 [04:38<00:27,  3.90s/it, acc=24.34%]
 91%|█████████ | 72/79 [04:42<00:27,  3.90s/it, acc=24.36%]
 92%|█████████▏| 73/79 [04:42<00:23,  3.91s/it, acc=24.36%]
 92%|█████████▏| 73/79 [04:46<00:23,  3.91s/it, acc=24.35%]
 94%|█████████▎| 74/79 [04:46<00:19,  3.95s/it, acc=24.35%]
 94%|█████████▎| 74/79 [04:50<00:19,  3.95s/it, acc=24.31%]
 95%|█████████▍| 75/79 [04:50<00:15,  3.93s/it, acc=24.31%]
 95%|█████████▍| 75/79 [04:54<00:15,  3.93s/it, acc=24.36%]
 96%|█████████▌| 76/79 [04:54<00:11,  3.91s/it, acc=24.36%]
 96%|█████████▌| 76/79 [04:58<00:11,  3.91s/it, acc=24.29%]
 97%|█████████▋| 77/79 [04:58<00:07,  3.92s/it, acc=24.29%]
 97%|█████████▋| 77/79 [05:02<00:07,  3.92s/it, acc=24.27%]
 99%|█████████▊| 78/79 [05:02<00:03,  3.96s/it, acc=24.27%]
 99%|█████████▊| 78/79 [05:04<00:03,  3.96s/it, acc=24.27%]
100%|██████████| 79/79 [05:04<00:00,  3.41s/it, acc=24.27%]
100%|██████████| 79/79 [05:04<00:00,  3.86s/it, acc=24.27%]
ABLATION_RESULT case=summing_current_noise_only trial_index=0 accuracy=24.27000000
Test Accuracy at noise level 0.0 thermal noise eps None: 24.27%
----- Using :PCNetNoBatchNorm model -----
WARNING:root:Drop the first BN layer
Replacing all transposed conv with conv
WARNING:root:PcConv converted to ODEBlock, ode_params={'ode_block': <class 'ode_pc.TogglePulseODEXInitFFFB'>, 't_end': 1.75, 'method': 'dopri5', 'tol': 1e-06, 'ts_scale': 1, 'n_steps': 100.0, 'return_init': [False, False, False, False, False, False, False, False, False, False, False, False, False, False, False, False], 'switch_period': 7e-08, 'n_iters': 2, 'i_leak': 1e-09, 'sde_noise_type': 'mul', 'mismatch_type': 'mul', 'patch_node': 8, 'patch_stride': 8, 'patch_cycle': 1, 'patch_pad': 0, 'fold_scalar': 1, 'toggle_n_cycles': 5, 'toggle_time_split': 0.5, 'toggle_fast_path': True, 'enable_spin_variation': False, 'sigma_spin': 0.1, 'spin_variation_seed': 20260722, 'enable_summing_current_noise': True, 'summing_current_p': 1.273e-11, 'summing_noise_seed': 20260722}
WARNING:root:ODEBlock in network wrapped, ode_wrapper_params={'ode_wrapper': <class 'ode_pc.ToggleQATTester1State'>, 'calib_path': None, 'R': 10000.0, 'R_max': 150000.0, 'C': 4.9e-14, 'k': 1000.0, 'v_dd': 0.1, 'w_bits': 5, 'enob': 8, 'tie_cap': False, 'one_over_q': 1.0, 'nonlinear_R': False, 'mul_mismatch_mode': 'static_mismatch', 'enable_measured_activation': False, 'activation_curve_path': '/home/rongzeng/_workspce_old/repos/pcn/collaboration/ScAN-PCN/hardware_data/relu_0p3mV.csv', 'activation_corner': 'TT', 'activation_spline_parameters': 10, 'compile_measured_activation': True, 'w_quant_mode': 'min_max', 'thermal_noise': False, 'w_perc': 0.99999, 'offset_eps': None}
WARNING:root:name: PcConvs.0.FFconv.weight, clean params mean: -0.09537037461996078, median: -0.06666667014360428, min: -1.0, max: 0.2666666805744171
WARNING:root:name: PcConvs.0.FBconv.weight, clean params mean: -0.0431327149271965, median: -0.06666667014360428, min: -1.0, max: 0.800000011920929
WARNING:root:name: PcConvs.0.b0.0, clean params mean: 0.0, median: 0.0, min: 0.0, max: 0.0
WARNING:root:name: PcConvs.1.FFconv.weight, clean params mean: -0.019868826493620872, median: -0.0, min: -1.0, max: 0.6000000238418579
WARNING:root:name: PcConvs.1.FBconv.weight, clean params mean: -0.008551955223083496, median: -0.0, min: -0.8666666746139526, max: 1.0
WARNING:root:name: PcConvs.1.b0.0, clean params mean: 0.0, median: 0.0, min: 0.0, max: 0.0
WARNING:root:name: PcConvs.2.FFconv.weight, clean params mean: -0.00765174999833107, median: 0.0, min: -1.0, max: 0.8666666746139526
WARNING:root:name: PcConvs.2.FBconv.weight, clean params mean: 0.0006301437388174236, median: 0.0, min: -1.0, max: 0.8666666746139526
WARNING:root:name: PcConvs.2.b0.0, clean params mean: 0.0, median: 0.0, min: 0.0, max: 0.0
WARNING:root:name: PcConvs.3.FFconv.weight, clean params mean: -0.005426954943686724, median: 0.0, min: -0.9333333373069763, max: 1.0
WARNING:root:name: PcConvs.3.FBconv.weight, clean params mean: 0.007201645988970995, median: 0.0, min: -0.7333333492279053, max: 1.0
WARNING:root:name: PcConvs.3.b0.0, clean params mean: 0.0, median: 0.0, min: 0.0, max: 0.0
WARNING:root:name: PcConvs.4.FFconv.weight, clean params mean: -0.0029706794302910566, median: -0.0, min: -1.0, max: 0.6000000238418579
WARNING:root:name: PcConvs.4.FBconv.weight, clean params mean: 0.008461934514343739, median: 0.0, min: -0.8666666746139526, max: 1.0
WARNING:root:name: PcConvs.4.b0.0, clean params mean: 0.0, median: 0.0, min: 0.0, max: 0.0
WARNING:root:name: PcConvs.5.FFconv.weight, clean params mean: 0.001015946501865983, median: -0.0, min: -0.800000011920929, max: 1.0
WARNING:root:name: PcConvs.5.FBconv.weight, clean params mean: 0.0060056583024561405, median: -0.0, min: -1.0, max: 1.0
WARNING:root:name: PcConvs.5.b0.0, clean params mean: 0.0, median: 0.0, min: 0.0, max: 0.0
WARNING:root:name: PcConvs.6.FFconv.weight, clean params mean: 0.0006140687619335949, median: 0.0, min: -1.0, max: 0.9333333373069763
WARNING:root:name: PcConvs.6.FBconv.weight, clean params mean: 0.004793595522642136, median: 0.0, min: -0.8666666746139526, max: 1.0
WARNING:root:name: PcConvs.6.b0.0, clean params mean: 0.0, median: 0.0, min: 0.0, max: 0.0
WARNING:root:name: PcConvs.7.FFconv.weight, clean params mean: 0.002716692630201578, median: -0.0, min: -1.0, max: 0.9333333373069763
WARNING:root:name: PcConvs.7.FBconv.weight, clean params mean: 0.003954474814236164, median: 0.0, min: -0.800000011920929, max: 1.0
WARNING:root:name: PcConvs.7.b0.0, clean params mean: 0.0, median: 0.0, min: 0.0, max: 0.0
WARNING:root:name: PcConvs.8.FFconv.weight, clean params mean: -0.004128086380660534, median: -0.0, min: -0.800000011920929, max: 1.0
WARNING:root:name: PcConvs.8.FBconv.weight, clean params mean: 0.012638244777917862, median: 0.0, min: -0.8666666746139526, max: 1.0
WARNING:root:name: PcConvs.8.b0.0, clean params mean: 0.0, median: 0.0, min: 0.0, max: 0.0
WARNING:root:name: PcConvs.9.FFconv.weight, clean params mean: -0.007172711193561554, median: 0.0, min: -1.0, max: 1.0
WARNING:root:name: PcConvs.9.FBconv.weight, clean params mean: 0.010873199440538883, median: -0.0, min: -1.0, max: 0.9333333373069763
WARNING:root:name: PcConvs.9.b0.0, clean params mean: 0.0, median: 0.0, min: 0.0, max: 0.0
WARNING:root:name: PcConvs.10.FFconv.weight, clean params mean: -0.00072980992263183, median: -0.0, min: -1.0, max: 0.7333333492279053
WARNING:root:name: PcConvs.10.FBconv.weight, clean params mean: 0.010927855037152767, median: 0.0, min: -0.7333333492279053, max: 1.0
WARNING:root:name: PcConvs.10.b0.0, clean params mean: 0.0, median: 0.0, min: 0.0, max: 0.0
WARNING:root:name: PcConvs.11.FFconv.weight, clean params mean: 0.003681198228150606, median: -0.0, min: -0.8666666746139526, max: 1.0
WARNING:root:name: PcConvs.11.FBconv.weight, clean params mean: 0.005353009328246117, median: 0.0, min: -1.0, max: 0.9333333373069763
WARNING:root:name: PcConvs.11.b0.0, clean params mean: 0.0, median: 0.0, min: 0.0, max: 0.0
WARNING:root:name: PcConvs.12.FFconv.weight, clean params mean: -0.00041634502122178674, median: 0.0, min: -1.0, max: 0.8666666746139526
WARNING:root:name: PcConvs.12.FBconv.weight, clean params mean: 0.0049913194961845875, median: 0.0, min: -1.0, max: 1.0
WARNING:root:name: PcConvs.12.b0.0, clean params mean: 0.0, median: 0.0, min: 0.0, max: 0.0
WARNING:root:name: PcConvs.13.FFconv.weight, clean params mean: -0.009022955782711506, median: -0.0, min: -0.9333333373069763, max: 1.0
WARNING:root:name: PcConvs.13.FBconv.weight, clean params mean: 0.015862109139561653, median: 0.0, min: -1.0, max: 1.0
WARNING:root:name: PcConvs.13.b0.0, clean params mean: 0.0, median: 0.0, min: 0.0, max: 0.0
WARNING:root:name: PcConvs.14.FFconv.weight, clean params mean: -0.003322723787277937, median: 0.0, min: -1.0, max: 0.800000011920929
WARNING:root:name: PcConvs.14.FBconv.weight, clean params mean: 0.02038162387907505, median: -0.0, min: -0.9333333373069763, max: 1.0
WARNING:root:name: PcConvs.14.b0.0, clean params mean: 0.0, median: 0.0, min: 0.0, max: 0.0
WARNING:root:name: PcConvs.15.FFconv.weight, clean params mean: 0.008640368469059467, median: -0.0, min: -1.0, max: 0.6000000238418579
WARNING:root:name: PcConvs.15.FBconv.weight, clean params mean: -0.002095390111207962, median: -0.0, min: -0.9333333373069763, max: 1.0
WARNING:root:name: PcConvs.15.b0.0, clean params mean: 0.0, median: 0.0, min: 0.0, max: 0.0
WARNING:root:name: linear.weight, clean params mean: -0.0070163109339773655, median: -0.08245333284139633, min: -0.4270583391189575, max: 0.8377830982208252
WARNING:root:name: linear.bias, clean params mean: -0.002159359399229288, median: -0.011764620430767536, min: -0.23566970229148865, max: 0.19391556084156036
WARNING:root:----- Model loaded -----
WARNING:root:Unroll or load expanded weights finished

  0%|          | 0/79 [00:00<?, ?it/s]
  0%|          | 0/79 [00:03<?, ?it/s, acc=32.03%]
  1%|▏         | 1/79 [00:03<04:59,  3.84s/it, acc=32.03%]
  1%|▏         | 1/79 [00:07<04:59,  3.84s/it, acc=27.34%]
  3%|▎         | 2/79 [00:07<05:04,  3.95s/it, acc=27.34%]
  3%|▎         | 2/79 [00:11<05:04,  3.95s/it, acc=26.56%]
  4%|▍         | 3/79 [00:11<05:02,  3.98s/it, acc=26.56%]
  4%|▍         | 3/79 [00:15<05:02,  3.98s/it, acc=25.20%]
  5%|▌         | 4/79 [00:15<04:55,  3.94s/it, acc=25.20%]
  5%|▌         | 4/79 [00:19<04:55,  3.94s/it, acc=24.53%]
  6%|▋         | 5/79 [00:19<04:48,  3.90s/it, acc=24.53%]
  6%|▋         | 5/79 [00:23<04:48,  3.90s/it, acc=24.09%]
  8%|▊         | 6/79 [00:23<04:47,  3.94s/it, acc=24.09%]
  8%|▊         | 6/79 [00:27<04:47,  3.94s/it, acc=25.11%]
  9%|▉         | 7/79 [00:27<04:45,  3.96s/it, acc=25.11%]
  9%|▉         | 7/79 [00:31<04:45,  3.96s/it, acc=24.61%]
 10%|█         | 8/79 [00:31<04:39,  3.94s/it, acc=24.61%]
 10%|█         | 8/79 [00:35<04:39,  3.94s/it, acc=24.57%]
 11%|█▏        | 9/79 [00:35<04:33,  3.91s/it, acc=24.57%]
 11%|█▏        | 9/79 [00:39<04:33,  3.91s/it, acc=24.45%]
 13%|█▎        | 10/79 [00:39<04:32,  3.94s/it, acc=24.45%]
 13%|█▎        | 10/79 [00:43<04:32,  3.94s/it, acc=24.29%]
 14%|█▍        | 11/79 [00:43<04:29,  3.96s/it, acc=24.29%]
 14%|█▍        | 11/79 [00:47<04:29,  3.96s/it, acc=25.07%]
 15%|█▌        | 12/79 [00:47<04:23,  3.94s/it, acc=25.07%]
 15%|█▌        | 12/79 [00:51<04:23,  3.94s/it, acc=24.70%]
 16%|█▋        | 13/79 [00:51<04:17,  3.90s/it, acc=24.70%]
 16%|█▋        | 13/79 [00:55<04:17,  3.90s/it, acc=24.94%]
 18%|█▊        | 14/79 [00:55<04:16,  3.94s/it, acc=24.94%]
 18%|█▊        | 14/79 [00:59<04:16,  3.94s/it, acc=25.21%]
 19%|█▉        | 15/79 [00:59<04:13,  3.96s/it, acc=25.21%]
 19%|█▉        | 15/79 [01:02<04:13,  3.96s/it, acc=25.29%]
 20%|██        | 16/79 [01:02<04:07,  3.94s/it, acc=25.29%]
 20%|██        | 16/79 [01:06<04:07,  3.94s/it, acc=25.28%]
 22%|██▏       | 17/79 [01:06<04:02,  3.90s/it, acc=25.28%]
 22%|██▏       | 17/79 [01:10<04:02,  3.90s/it, acc=25.26%]
 23%|██▎       | 18/79 [01:10<04:00,  3.94s/it, acc=25.26%]
 23%|██▎       | 18/79 [01:14<04:00,  3.94s/it, acc=25.08%]
 24%|██▍       | 19/79 [01:14<03:57,  3.96s/it, acc=25.08%]
 24%|██▍       | 19/79 [01:18<03:57,  3.96s/it, acc=25.08%]
 25%|██▌       | 20/79 [01:18<03:52,  3.94s/it, acc=25.08%]
 25%|██▌       | 20/79 [01:22<03:52,  3.94s/it, acc=24.93%]
 27%|██▋       | 21/79 [01:22<03:46,  3.91s/it, acc=24.93%]
 27%|██▋       | 21/79 [01:26<03:46,  3.91s/it, acc=24.86%]
 28%|██▊       | 22/79 [01:26<03:44,  3.94s/it, acc=24.86%]
 28%|██▊       | 22/79 [01:30<03:44,  3.94s/it, acc=24.73%]
 29%|██▉       | 23/79 [01:30<03:41,  3.96s/it, acc=24.73%]
 29%|██▉       | 23/79 [01:34<03:41,  3.96s/it, acc=24.54%]
 30%|███       | 24/79 [01:34<03:36,  3.94s/it, acc=24.54%]
 30%|███       | 24/79 [01:38<03:36,  3.94s/it, acc=24.59%]
 32%|███▏      | 25/79 [01:38<03:30,  3.91s/it, acc=24.59%]
 32%|███▏      | 25/79 [01:42<03:30,  3.91s/it, acc=24.40%]
 33%|███▎      | 26/79 [01:42<03:29,  3.94s/it, acc=24.40%]
 33%|███▎      | 26/79 [01:46<03:29,  3.94s/it, acc=24.28%]
 34%|███▍      | 27/79 [01:46<03:25,  3.96s/it, acc=24.28%]
 34%|███▍      | 27/79 [01:50<03:25,  3.96s/it, acc=24.22%]
 35%|███▌      | 28/79 [01:50<03:21,  3.94s/it, acc=24.22%]
 35%|███▌      | 28/79 [01:54<03:21,  3.94s/it, acc=24.33%]
 37%|███▋      | 29/79 [01:54<03:15,  3.90s/it, acc=24.33%]
 37%|███▋      | 29/79 [01:58<03:15,  3.90s/it, acc=24.38%]
 38%|███▊      | 30/79 [01:58<03:13,  3.94s/it, acc=24.38%]
 38%|███▊      | 30/79 [02:02<03:13,  3.94s/it, acc=24.50%]
 39%|███▉      | 31/79 [02:02<03:09,  3.96s/it, acc=24.50%]
 39%|███▉      | 31/79 [02:06<03:09,  3.96s/it, acc=24.51%]
 41%|████      | 32/79 [02:06<03:05,  3.94s/it, acc=24.51%]
 41%|████      | 32/79 [02:09<03:05,  3.94s/it, acc=24.36%]
 42%|████▏     | 33/79 [02:09<02:59,  3.90s/it, acc=24.36%]
 42%|████▏     | 33/79 [02:13<02:59,  3.90s/it, acc=24.17%]
 43%|████▎     | 34/79 [02:13<02:57,  3.95s/it, acc=24.17%]
 43%|████▎     | 34/79 [02:17<02:57,  3.95s/it, acc=24.06%]
 44%|████▍     | 35/79 [02:17<02:55,  3.99s/it, acc=24.06%]
 44%|████▍     | 35/79 [02:21<02:55,  3.99s/it, acc=24.05%]
 46%|████▌     | 36/79 [02:21<02:49,  3.95s/it, acc=24.05%]
 46%|████▌     | 36/79 [02:25<02:49,  3.95s/it, acc=23.97%]
 47%|████▋     | 37/79 [02:25<02:44,  3.91s/it, acc=23.97%]
 47%|████▋     | 37/79 [02:29<02:44,  3.91s/it, acc=23.91%]
 48%|████▊     | 38/79 [02:29<02:41,  3.95s/it, acc=23.91%]
 48%|████▊     | 38/79 [02:33<02:41,  3.95s/it, acc=23.92%]
 49%|████▉     | 39/79 [02:33<02:38,  3.96s/it, acc=23.92%]
 49%|████▉     | 39/79 [02:37<02:38,  3.96s/it, acc=23.89%]
 51%|█████     | 40/79 [02:37<02:33,  3.94s/it, acc=23.89%]
 51%|█████     | 40/79 [02:41<02:33,  3.94s/it, acc=23.82%]
 52%|█████▏    | 41/79 [02:41<02:28,  3.91s/it, acc=23.82%]
 52%|█████▏    | 41/79 [02:45<02:28,  3.91s/it, acc=23.64%]
 53%|█████▎    | 42/79 [02:45<02:25,  3.95s/it, acc=23.64%]
 53%|█████▎    | 42/79 [02:49<02:25,  3.95s/it, acc=23.58%]
 54%|█████▍    | 43/79 [02:49<02:22,  3.96s/it, acc=23.58%]
 54%|█████▍    | 43/79 [02:53<02:22,  3.96s/it, acc=23.70%]
 56%|█████▌    | 44/79 [02:53<02:17,  3.94s/it, acc=23.70%]
 56%|█████▌    | 44/79 [02:57<02:17,  3.94s/it, acc=23.78%]
 57%|█████▋    | 45/79 [02:57<02:12,  3.90s/it, acc=23.78%]
 57%|█████▋    | 45/79 [03:01<02:12,  3.90s/it, acc=23.78%]
 58%|█████▊    | 46/79 [03:01<02:10,  3.94s/it, acc=23.78%]
 58%|█████▊    | 46/79 [03:05<02:10,  3.94s/it, acc=23.74%]
 59%|█████▉    | 47/79 [03:05<02:06,  3.96s/it, acc=23.74%]
 59%|█████▉    | 47/79 [03:09<02:06,  3.96s/it, acc=23.81%]
 61%|██████    | 48/79 [03:09<02:02,  3.94s/it, acc=23.81%]
 61%|██████    | 48/79 [03:12<02:02,  3.94s/it, acc=23.84%]
 62%|██████▏   | 49/79 [03:12<01:57,  3.90s/it, acc=23.84%]
 62%|██████▏   | 49/79 [03:16<01:57,  3.90s/it, acc=23.91%]
 63%|██████▎   | 50/79 [03:16<01:54,  3.94s/it, acc=23.91%]
 63%|██████▎   | 50/79 [03:20<01:54,  3.94s/it, acc=23.90%]
 65%|██████▍   | 51/79 [03:20<01:50,  3.96s/it, acc=23.90%]
 65%|██████▍   | 51/79 [03:24<01:50,  3.96s/it, acc=23.90%]
 66%|██████▌   | 52/79 [03:24<01:46,  3.94s/it, acc=23.90%]
 66%|██████▌   | 52/79 [03:28<01:46,  3.94s/it, acc=24.03%]
 67%|██████▋   | 53/79 [03:28<01:41,  3.90s/it, acc=24.03%]
 67%|██████▋   | 53/79 [03:32<01:41,  3.90s/it, acc=24.06%]
 68%|██████▊   | 54/79 [03:32<01:38,  3.94s/it, acc=24.06%]
 68%|██████▊   | 54/79 [03:36<01:38,  3.94s/it, acc=24.06%]
 70%|██████▉   | 55/79 [03:36<01:35,  3.96s/it, acc=24.06%]
 70%|██████▉   | 55/79 [03:40<01:35,  3.96s/it, acc=24.04%]
 71%|███████   | 56/79 [03:40<01:30,  3.94s/it, acc=24.04%]
 71%|███████   | 56/79 [03:44<01:30,  3.94s/it, acc=24.01%]
 72%|███████▏  | 57/79 [03:44<01:25,  3.90s/it, acc=24.01%]
 72%|███████▏  | 57/79 [03:48<01:25,  3.90s/it, acc=24.02%]
 73%|███████▎  | 58/79 [03:48<01:22,  3.95s/it, acc=24.02%]
 73%|███████▎  | 58/79 [03:52<01:22,  3.95s/it, acc=24.10%]
 75%|███████▍  | 59/79 [03:52<01:19,  3.96s/it, acc=24.10%]
 75%|███████▍  | 59/79 [03:56<01:19,  3.96s/it, acc=24.04%]
 76%|███████▌  | 60/79 [03:56<01:14,  3.94s/it, acc=24.04%]
 76%|███████▌  | 60/79 [04:00<01:14,  3.94s/it, acc=24.07%]
 77%|███████▋  | 61/79 [04:00<01:10,  3.90s/it, acc=24.07%]
 77%|███████▋  | 61/79 [04:04<01:10,  3.90s/it, acc=24.12%]
 78%|███████▊  | 62/79 [04:04<01:07,  3.95s/it, acc=24.12%]
 78%|███████▊  | 62/79 [04:08<01:07,  3.95s/it, acc=24.22%]
 80%|███████▉  | 63/79 [04:08<01:03,  3.96s/it, acc=24.22%]
 80%|███████▉  | 63/79 [04:12<01:03,  3.96s/it, acc=24.23%]
 81%|████████  | 64/79 [04:12<00:59,  3.95s/it, acc=24.23%]
 81%|████████  | 64/79 [04:15<00:59,  3.95s/it, acc=24.21%]
 82%|████████▏ | 65/79 [04:15<00:54,  3.90s/it, acc=24.21%]
 82%|████████▏ | 65/79 [04:19<00:54,  3.90s/it, acc=24.21%]
 84%|████████▎ | 66/79 [04:19<00:51,  3.96s/it, acc=24.21%]
 84%|████████▎ | 66/79 [04:23<00:51,  3.96s/it, acc=24.27%]
 85%|████████▍ | 67/79 [04:23<00:47,  3.97s/it, acc=24.27%]
 85%|████████▍ | 67/79 [04:27<00:47,  3.97s/it, acc=24.31%]
 86%|████████▌ | 68/79 [04:27<00:43,  3.95s/it, acc=24.31%]
 86%|████████▌ | 68/79 [04:31<00:43,  3.95s/it, acc=24.39%]
 87%|████████▋ | 69/79 [04:31<00:39,  3.91s/it, acc=24.39%]
 87%|████████▋ | 69/79 [04:35<00:39,  3.91s/it, acc=24.39%]
 89%|████████▊ | 70/79 [04:35<00:35,  3.95s/it, acc=24.39%]
 89%|████████▊ | 70/79 [04:39<00:35,  3.95s/it, acc=24.42%]
 90%|████████▉ | 71/79 [04:39<00:31,  3.96s/it, acc=24.42%]
 90%|████████▉ | 71/79 [04:43<00:31,  3.96s/it, acc=24.39%]
 91%|█████████ | 72/79 [04:43<00:27,  3.95s/it, acc=24.39%]
 91%|█████████ | 72/79 [04:47<00:27,  3.95s/it, acc=24.35%]
 92%|█████████▏| 73/79 [04:47<00:23,  3.90s/it, acc=24.35%]
 92%|█████████▏| 73/79 [04:51<00:23,  3.90s/it, acc=24.30%]
 94%|█████████▎| 74/79 [04:51<00:19,  3.95s/it, acc=24.30%]
 94%|█████████▎| 74/79 [04:54<00:19,  3.95s/it, acc=24.24%]
 95%|█████████▍| 75/79 [04:54<00:14,  3.62s/it, acc=24.24%]
 95%|█████████▍| 75/79 [04:56<00:14,  3.62s/it, acc=24.31%]
 96%|█████████▌| 76/79 [04:56<00:09,  3.25s/it, acc=24.31%]
 96%|█████████▌| 76/79 [04:59<00:09,  3.25s/it, acc=24.33%]
 97%|█████████▋| 77/79 [04:59<00:06,  3.03s/it, acc=24.33%]
 97%|█████████▋| 77/79 [05:02<00:06,  3.03s/it, acc=24.40%]
 99%|█████████▊| 78/79 [05:02<00:03,  3.14s/it, acc=24.40%]
 99%|█████████▊| 78/79 [05:04<00:03,  3.14s/it, acc=24.42%]
100%|██████████| 79/79 [05:04<00:00,  2.81s/it, acc=24.42%]
100%|██████████| 79/79 [05:04<00:00,  3.86s/it, acc=24.42%]
ABLATION_RESULT case=summing_current_noise_only trial_index=1 accuracy=24.42000000
Test Accuracy at noise level 0.0 thermal noise eps None: 24.42%
----- Using :PCNetNoBatchNorm model -----
WARNING:root:Drop the first BN layer
Replacing all transposed conv with conv
WARNING:root:PcConv converted to ODEBlock, ode_params={'ode_block': <class 'ode_pc.TogglePulseODEXInitFFFB'>, 't_end': 1.75, 'method': 'dopri5', 'tol': 1e-06, 'ts_scale': 1, 'n_steps': 100.0, 'return_init': [False, False, False, False, False, False, False, False, False, False, False, False, False, False, False, False], 'switch_period': 7e-08, 'n_iters': 2, 'i_leak': 1e-09, 'sde_noise_type': 'mul', 'mismatch_type': 'mul', 'patch_node': 8, 'patch_stride': 8, 'patch_cycle': 1, 'patch_pad': 0, 'fold_scalar': 1, 'toggle_n_cycles': 5, 'toggle_time_split': 0.5, 'toggle_fast_path': True, 'enable_spin_variation': False, 'sigma_spin': 0.1, 'spin_variation_seed': 20260723, 'enable_summing_current_noise': True, 'summing_current_p': 1.273e-11, 'summing_noise_seed': 20260723}
WARNING:root:ODEBlock in network wrapped, ode_wrapper_params={'ode_wrapper': <class 'ode_pc.ToggleQATTester1State'>, 'calib_path': None, 'R': 10000.0, 'R_max': 150000.0, 'C': 4.9e-14, 'k': 1000.0, 'v_dd': 0.1, 'w_bits': 5, 'enob': 8, 'tie_cap': False, 'one_over_q': 1.0, 'nonlinear_R': False, 'mul_mismatch_mode': 'static_mismatch', 'enable_measured_activation': False, 'activation_curve_path': '/home/rongzeng/_workspce_old/repos/pcn/collaboration/ScAN-PCN/hardware_data/relu_0p3mV.csv', 'activation_corner': 'TT', 'activation_spline_parameters': 10, 'compile_measured_activation': True, 'w_quant_mode': 'min_max', 'thermal_noise': False, 'w_perc': 0.99999, 'offset_eps': None}
WARNING:root:name: PcConvs.0.FFconv.weight, clean params mean: -0.09537037461996078, median: -0.06666667014360428, min: -1.0, max: 0.2666666805744171
WARNING:root:name: PcConvs.0.FBconv.weight, clean params mean: -0.0431327149271965, median: -0.06666667014360428, min: -1.0, max: 0.800000011920929
WARNING:root:name: PcConvs.0.b0.0, clean params mean: 0.0, median: 0.0, min: 0.0, max: 0.0
WARNING:root:name: PcConvs.1.FFconv.weight, clean params mean: -0.019868826493620872, median: -0.0, min: -1.0, max: 0.6000000238418579
WARNING:root:name: PcConvs.1.FBconv.weight, clean params mean: -0.008551955223083496, median: -0.0, min: -0.8666666746139526, max: 1.0
WARNING:root:name: PcConvs.1.b0.0, clean params mean: 0.0, median: 0.0, min: 0.0, max: 0.0
WARNING:root:name: PcConvs.2.FFconv.weight, clean params mean: -0.00765174999833107, median: 0.0, min: -1.0, max: 0.8666666746139526
WARNING:root:name: PcConvs.2.FBconv.weight, clean params mean: 0.0006301437388174236, median: 0.0, min: -1.0, max: 0.8666666746139526
WARNING:root:name: PcConvs.2.b0.0, clean params mean: 0.0, median: 0.0, min: 0.0, max: 0.0
WARNING:root:name: PcConvs.3.FFconv.weight, clean params mean: -0.005426954943686724, median: 0.0, min: -0.9333333373069763, max: 1.0
WARNING:root:name: PcConvs.3.FBconv.weight, clean params mean: 0.007201645988970995, median: 0.0, min: -0.7333333492279053, max: 1.0
WARNING:root:name: PcConvs.3.b0.0, clean params mean: 0.0, median: 0.0, min: 0.0, max: 0.0
WARNING:root:name: PcConvs.4.FFconv.weight, clean params mean: -0.0029706794302910566, median: -0.0, min: -1.0, max: 0.6000000238418579
WARNING:root:name: PcConvs.4.FBconv.weight, clean params mean: 0.008461934514343739, median: 0.0, min: -0.8666666746139526, max: 1.0
WARNING:root:name: PcConvs.4.b0.0, clean params mean: 0.0, median: 0.0, min: 0.0, max: 0.0
WARNING:root:name: PcConvs.5.FFconv.weight, clean params mean: 0.001015946501865983, median: -0.0, min: -0.800000011920929, max: 1.0
WARNING:root:name: PcConvs.5.FBconv.weight, clean params mean: 0.0060056583024561405, median: -0.0, min: -1.0, max: 1.0
WARNING:root:name: PcConvs.5.b0.0, clean params mean: 0.0, median: 0.0, min: 0.0, max: 0.0
WARNING:root:name: PcConvs.6.FFconv.weight, clean params mean: 0.0006140687619335949, median: 0.0, min: -1.0, max: 0.9333333373069763
WARNING:root:name: PcConvs.6.FBconv.weight, clean params mean: 0.004793595522642136, median: 0.0, min: -0.8666666746139526, max: 1.0
WARNING:root:name: PcConvs.6.b0.0, clean params mean: 0.0, median: 0.0, min: 0.0, max: 0.0
WARNING:root:name: PcConvs.7.FFconv.weight, clean params mean: 0.002716692630201578, median: -0.0, min: -1.0, max: 0.9333333373069763
WARNING:root:name: PcConvs.7.FBconv.weight, clean params mean: 0.003954474814236164, median: 0.0, min: -0.800000011920929, max: 1.0
WARNING:root:name: PcConvs.7.b0.0, clean params mean: 0.0, median: 0.0, min: 0.0, max: 0.0
WARNING:root:name: PcConvs.8.FFconv.weight, clean params mean: -0.004128086380660534, median: -0.0, min: -0.800000011920929, max: 1.0
WARNING:root:name: PcConvs.8.FBconv.weight, clean params mean: 0.012638244777917862, median: 0.0, min: -0.8666666746139526, max: 1.0
WARNING:root:name: PcConvs.8.b0.0, clean params mean: 0.0, median: 0.0, min: 0.0, max: 0.0
WARNING:root:name: PcConvs.9.FFconv.weight, clean params mean: -0.007172711193561554, median: 0.0, min: -1.0, max: 1.0
WARNING:root:name: PcConvs.9.FBconv.weight, clean params mean: 0.010873199440538883, median: -0.0, min: -1.0, max: 0.9333333373069763
WARNING:root:name: PcConvs.9.b0.0, clean params mean: 0.0, median: 0.0, min: 0.0, max: 0.0
WARNING:root:name: PcConvs.10.FFconv.weight, clean params mean: -0.00072980992263183, median: -0.0, min: -1.0, max: 0.7333333492279053
WARNING:root:name: PcConvs.10.FBconv.weight, clean params mean: 0.010927855037152767, median: 0.0, min: -0.7333333492279053, max: 1.0
WARNING:root:name: PcConvs.10.b0.0, clean params mean: 0.0, median: 0.0, min: 0.0, max: 0.0
WARNING:root:name: PcConvs.11.FFconv.weight, clean params mean: 0.003681198228150606, median: -0.0, min: -0.8666666746139526, max: 1.0
WARNING:root:name: PcConvs.11.FBconv.weight, clean params mean: 0.005353009328246117, median: 0.0, min: -1.0, max: 0.9333333373069763
WARNING:root:name: PcConvs.11.b0.0, clean params mean: 0.0, median: 0.0, min: 0.0, max: 0.0
WARNING:root:name: PcConvs.12.FFconv.weight, clean params mean: -0.00041634502122178674, median: 0.0, min: -1.0, max: 0.8666666746139526
WARNING:root:name: PcConvs.12.FBconv.weight, clean params mean: 0.0049913194961845875, median: 0.0, min: -1.0, max: 1.0
WARNING:root:name: PcConvs.12.b0.0, clean params mean: 0.0, median: 0.0, min: 0.0, max: 0.0
WARNING:root:name: PcConvs.13.FFconv.weight, clean params mean: -0.009022955782711506, median: -0.0, min: -0.9333333373069763, max: 1.0
WARNING:root:name: PcConvs.13.FBconv.weight, clean params mean: 0.015862109139561653, median: 0.0, min: -1.0, max: 1.0
WARNING:root:name: PcConvs.13.b0.0, clean params mean: 0.0, median: 0.0, min: 0.0, max: 0.0
WARNING:root:name: PcConvs.14.FFconv.weight, clean params mean: -0.003322723787277937, median: 0.0, min: -1.0, max: 0.800000011920929
WARNING:root:name: PcConvs.14.FBconv.weight, clean params mean: 0.02038162387907505, median: -0.0, min: -0.9333333373069763, max: 1.0
WARNING:root:name: PcConvs.14.b0.0, clean params mean: 0.0, median: 0.0, min: 0.0, max: 0.0
WARNING:root:name: PcConvs.15.FFconv.weight, clean params mean: 0.008640368469059467, median: -0.0, min: -1.0, max: 0.6000000238418579
WARNING:root:name: PcConvs.15.FBconv.weight, clean params mean: -0.002095390111207962, median: -0.0, min: -0.9333333373069763, max: 1.0
WARNING:root:name: PcConvs.15.b0.0, clean params mean: 0.0, median: 0.0, min: 0.0, max: 0.0
WARNING:root:name: linear.weight, clean params mean: -0.0070163109339773655, median: -0.08245333284139633, min: -0.4270583391189575, max: 0.8377830982208252
WARNING:root:name: linear.bias, clean params mean: -0.002159359399229288, median: -0.011764620430767536, min: -0.23566970229148865, max: 0.19391556084156036
WARNING:root:----- Model loaded -----
WARNING:root:Unroll or load expanded weights finished

  0%|          | 0/79 [00:00<?, ?it/s]
  0%|          | 0/79 [00:04<?, ?it/s, acc=30.47%]
  1%|▏         | 1/79 [00:04<05:19,  4.10s/it, acc=30.47%]
  1%|▏         | 1/79 [00:07<05:19,  4.10s/it, acc=25.39%]
  3%|▎         | 2/79 [00:07<05:05,  3.97s/it, acc=25.39%]
  3%|▎         | 2/79 [00:11<05:05,  3.97s/it, acc=25.26%]
  4%|▍         | 3/79 [00:11<04:58,  3.93s/it, acc=25.26%]
  4%|▍         | 3/79 [00:15<04:58,  3.93s/it, acc=23.44%]
  5%|▌         | 4/79 [00:15<04:55,  3.94s/it, acc=23.44%]
  5%|▌         | 4/79 [00:19<04:55,  3.94s/it, acc=24.06%]
  6%|▋         | 5/79 [00:19<04:54,  3.98s/it, acc=24.06%]
  6%|▋         | 5/79 [00:23<04:54,  3.98s/it, acc=24.48%]
  8%|▊         | 6/79 [00:23<04:47,  3.94s/it, acc=24.48%]
  8%|▊         | 6/79 [00:27<04:47,  3.94s/it, acc=25.45%]
  9%|▉         | 7/79 [00:27<04:41,  3.92s/it, acc=25.45%]
  9%|▉         | 7/79 [00:31<04:41,  3.92s/it, acc=25.39%]
 10%|█         | 8/79 [00:31<04:39,  3.93s/it, acc=25.39%]
 10%|█         | 8/79 [00:35<04:39,  3.93s/it, acc=25.35%]
 11%|█▏        | 9/79 [00:35<04:36,  3.95s/it, acc=25.35%]
 11%|█▏        | 9/79 [00:39<04:36,  3.95s/it, acc=24.69%]
 13%|█▎        | 10/79 [00:39<04:30,  3.92s/it, acc=24.69%]
 13%|█▎        | 10/79 [00:43<04:30,  3.92s/it, acc=24.08%]
 14%|█▍        | 11/79 [00:43<04:25,  3.90s/it, acc=24.08%]
 14%|█▍        | 11/79 [00:47<04:25,  3.90s/it, acc=24.74%]
 15%|█▌        | 12/79 [00:47<04:23,  3.94s/it, acc=24.74%]
 15%|█▌        | 12/79 [00:51<04:23,  3.94s/it, acc=24.22%]
 16%|█▋        | 13/79 [00:51<04:20,  3.95s/it, acc=24.22%]
 16%|█▋        | 13/79 [00:55<04:20,  3.95s/it, acc=24.44%]
 18%|█▊        | 14/79 [00:55<04:16,  3.94s/it, acc=24.44%]
 18%|█▊        | 14/79 [00:59<04:16,  3.94s/it, acc=24.64%]
 19%|█▉        | 15/79 [00:59<04:10,  3.91s/it, acc=24.64%]
 19%|█▉        | 15/79 [01:03<04:10,  3.91s/it, acc=24.56%]
 20%|██        | 16/79 [01:03<04:08,  3.95s/it, acc=24.56%]
 20%|██        | 16/79 [01:07<04:08,  3.95s/it, acc=24.68%]
 22%|██▏       | 17/79 [01:07<04:05,  3.95s/it, acc=24.68%]
 22%|██▏       | 17/79 [01:10<04:05,  3.95s/it, acc=24.61%]
 23%|██▎       | 18/79 [01:10<04:00,  3.93s/it, acc=24.61%]
 23%|██▎       | 18/79 [01:14<04:00,  3.93s/it, acc=24.59%]
 24%|██▍       | 19/79 [01:14<03:54,  3.91s/it, acc=24.59%]
 24%|██▍       | 19/79 [01:18<03:54,  3.91s/it, acc=24.77%]
 25%|██▌       | 20/79 [01:18<03:52,  3.94s/it, acc=24.77%]
 25%|██▌       | 20/79 [01:22<03:52,  3.94s/it, acc=24.52%]
 27%|██▋       | 21/79 [01:22<03:48,  3.94s/it, acc=24.52%]
 27%|██▋       | 21/79 [01:26<03:48,  3.94s/it, acc=24.40%]
 28%|██▊       | 22/79 [01:26<03:43,  3.93s/it, acc=24.40%]
 28%|██▊       | 22/79 [01:30<03:43,  3.93s/it, acc=24.18%]
 29%|██▉       | 23/79 [01:30<03:39,  3.92s/it, acc=24.18%]
 29%|██▉       | 23/79 [01:34<03:39,  3.92s/it, acc=24.22%]
 30%|███       | 24/79 [01:34<03:37,  3.95s/it, acc=24.22%]
 30%|███       | 24/79 [01:38<03:37,  3.95s/it, acc=24.25%]
 32%|███▏      | 25/79 [01:38<03:32,  3.93s/it, acc=24.25%]
 32%|███▏      | 25/79 [01:42<03:32,  3.93s/it, acc=24.10%]
 33%|███▎      | 26/79 [01:42<03:27,  3.92s/it, acc=24.10%]
 33%|███▎      | 26/79 [01:46<03:27,  3.92s/it, acc=24.10%]
 34%|███▍      | 27/79 [01:46<03:24,  3.92s/it, acc=24.10%]
 34%|███▍      | 27/79 [01:50<03:24,  3.92s/it, acc=24.22%]
 35%|███▌      | 28/79 [01:50<03:21,  3.96s/it, acc=24.22%]
 35%|███▌      | 28/79 [01:54<03:21,  3.96s/it, acc=24.30%]
 37%|███▋      | 29/79 [01:54<03:16,  3.93s/it, acc=24.30%]
 37%|███▋      | 29/79 [01:58<03:16,  3.93s/it, acc=24.32%]
 38%|███▊      | 30/79 [01:58<03:11,  3.91s/it, acc=24.32%]
 38%|███▊      | 30/79 [02:01<03:11,  3.91s/it, acc=24.50%]
 39%|███▉      | 31/79 [02:01<03:08,  3.93s/it, acc=24.50%]
 39%|███▉      | 31/79 [02:06<03:08,  3.93s/it, acc=24.37%]
 41%|████      | 32/79 [02:06<03:06,  3.96s/it, acc=24.37%]
 41%|████      | 32/79 [02:09<03:06,  3.96s/it, acc=24.24%]
 42%|████▏     | 33/79 [02:09<03:00,  3.93s/it, acc=24.24%]
 42%|████▏     | 33/79 [02:13<03:00,  3.93s/it, acc=24.06%]
 43%|████▎     | 34/79 [02:13<02:56,  3.91s/it, acc=24.06%]
 43%|████▎     | 34/79 [02:17<02:56,  3.91s/it, acc=24.13%]
 44%|████▍     | 35/79 [02:17<02:52,  3.93s/it, acc=24.13%]
 44%|████▍     | 35/79 [02:21<02:52,  3.93s/it, acc=24.13%]
 46%|████▌     | 36/79 [02:21<02:50,  3.96s/it, acc=24.13%]
 46%|████▌     | 36/79 [02:25<02:50,  3.96s/it, acc=23.92%]
 47%|████▋     | 37/79 [02:25<02:45,  3.93s/it, acc=23.92%]
 47%|████▋     | 37/79 [02:29<02:45,  3.93s/it, acc=24.01%]
 48%|████▊     | 38/79 [02:29<02:40,  3.91s/it, acc=24.01%]
 48%|████▊     | 38/79 [02:33<02:40,  3.91s/it, acc=24.02%]
 49%|████▉     | 39/79 [02:33<02:37,  3.94s/it, acc=24.02%]
 49%|████▉     | 39/79 [02:37<02:37,  3.94s/it, acc=23.93%]
 51%|█████     | 40/79 [02:37<02:34,  3.96s/it, acc=23.93%]
 51%|█████     | 40/79 [02:41<02:34,  3.96s/it, acc=23.93%]
 52%|█████▏    | 41/79 [02:41<02:29,  3.93s/it, acc=23.93%]
 52%|█████▏    | 41/79 [02:45<02:29,  3.93s/it, acc=23.81%]
 53%|█████▎    | 42/79 [02:45<02:24,  3.90s/it, acc=23.81%]
 53%|█████▎    | 42/79 [02:49<02:24,  3.90s/it, acc=23.82%]
 54%|█████▍    | 43/79 [02:49<02:21,  3.94s/it, acc=23.82%]
 54%|█████▍    | 43/79 [02:53<02:21,  3.94s/it, acc=24.01%]
 56%|█████▌    | 44/79 [02:53<02:18,  3.95s/it, acc=24.01%]
 56%|█████▌    | 44/79 [02:57<02:18,  3.95s/it, acc=24.06%]
 57%|█████▋    | 45/79 [02:57<02:13,  3.93s/it, acc=24.06%]
 57%|█████▋    | 45/79 [03:00<02:13,  3.93s/it, acc=24.15%]
 58%|█████▊    | 46/79 [03:00<02:08,  3.89s/it, acc=24.15%]
 58%|█████▊    | 46/79 [03:04<02:08,  3.89s/it, acc=24.10%]
 59%|█████▉    | 47/79 [03:04<02:05,  3.93s/it, acc=24.10%]
 59%|█████▉    | 47/79 [03:08<02:05,  3.93s/it, acc=24.20%]
 61%|██████    | 48/79 [03:08<02:02,  3.95s/it, acc=24.20%]
 61%|██████    | 48/79 [03:12<02:02,  3.95s/it, acc=24.25%]
 62%|██████▏   | 49/79 [03:12<01:58,  3.94s/it, acc=24.25%]
 62%|██████▏   | 49/79 [03:16<01:58,  3.94s/it, acc=24.20%]
 63%|██████▎   | 50/79 [03:16<01:53,  3.90s/it, acc=24.20%]
 63%|██████▎   | 50/79 [03:20<01:53,  3.90s/it, acc=24.19%]
 65%|██████▍   | 51/79 [03:20<01:50,  3.94s/it, acc=24.19%]
 65%|██████▍   | 51/79 [03:24<01:50,  3.94s/it, acc=24.23%]
 66%|██████▌   | 52/79 [03:24<01:46,  3.94s/it, acc=24.23%]
 66%|██████▌   | 52/79 [03:28<01:46,  3.94s/it, acc=24.34%]
 67%|██████▋   | 53/79 [03:28<01:42,  3.93s/it, acc=24.34%]
 67%|██████▋   | 53/79 [03:32<01:42,  3.93s/it, acc=24.41%]
 68%|██████▊   | 54/79 [03:32<01:37,  3.91s/it, acc=24.41%]
 68%|██████▊   | 54/79 [03:36<01:37,  3.91s/it, acc=24.36%]
 70%|██████▉   | 55/79 [03:36<01:34,  3.94s/it, acc=24.36%]
 70%|██████▉   | 55/79 [03:40<01:34,  3.94s/it, acc=24.37%]
 71%|███████   | 56/79 [03:40<01:30,  3.94s/it, acc=24.37%]
 71%|███████   | 56/79 [03:44<01:30,  3.94s/it, acc=24.33%]
 72%|███████▏  | 57/79 [03:44<01:26,  3.93s/it, acc=24.33%]
 72%|███████▏  | 57/79 [03:48<01:26,  3.93s/it, acc=24.37%]
 73%|███████▎  | 58/79 [03:48<01:22,  3.93s/it, acc=24.37%]
 73%|███████▎  | 58/79 [03:52<01:22,  3.93s/it, acc=24.42%]
 75%|███████▍  | 59/79 [03:52<01:18,  3.95s/it, acc=24.42%]
 75%|███████▍  | 59/79 [03:56<01:18,  3.95s/it, acc=24.35%]
 76%|███████▌  | 60/79 [03:56<01:14,  3.94s/it, acc=24.35%]
 76%|███████▌  | 60/79 [03:59<01:14,  3.94s/it, acc=24.28%]
 77%|███████▋  | 61/79 [03:59<01:10,  3.93s/it, acc=24.28%]
 77%|███████▋  | 61/79 [04:03<01:10,  3.93s/it, acc=24.32%]
 78%|███████▊  | 62/79 [04:03<01:06,  3.93s/it, acc=24.32%]
 78%|███████▊  | 62/79 [04:07<01:06,  3.93s/it, acc=24.33%]
 80%|███████▉  | 63/79 [04:07<01:03,  3.95s/it, acc=24.33%]
 80%|███████▉  | 63/79 [04:11<01:03,  3.95s/it, acc=24.34%]
 81%|████████  | 64/79 [04:11<00:58,  3.93s/it, acc=24.34%]
 81%|████████  | 64/79 [04:15<00:58,  3.93s/it, acc=24.30%]
 82%|████████▏ | 65/79 [04:15<00:54,  3.91s/it, acc=24.30%]
 82%|████████▏ | 65/79 [04:19<00:54,  3.91s/it, acc=24.34%]
 84%|████████▎ | 66/79 [04:19<00:51,  3.93s/it, acc=24.34%]
 84%|████████▎ | 66/79 [04:23<00:51,  3.93s/it, acc=24.43%]
 85%|████████▍ | 67/79 [04:23<00:47,  3.96s/it, acc=24.43%]
 85%|████████▍ | 67/79 [04:27<00:47,  3.96s/it, acc=24.47%]
 86%|████████▌ | 68/79 [04:27<00:43,  3.93s/it, acc=24.47%]
 86%|████████▌ | 68/79 [04:31<00:43,  3.93s/it, acc=24.50%]
 87%|████████▋ | 69/79 [04:31<00:39,  3.91s/it, acc=24.50%]
 87%|████████▋ | 69/79 [04:35<00:39,  3.91s/it, acc=24.53%]
 89%|████████▊ | 70/79 [04:35<00:35,  3.93s/it, acc=24.53%]
 89%|████████▊ | 70/79 [04:39<00:35,  3.93s/it, acc=24.55%]
 90%|████████▉ | 71/79 [04:39<00:31,  3.95s/it, acc=24.55%]
 90%|████████▉ | 71/79 [04:43<00:31,  3.95s/it, acc=24.53%]
 91%|█████████ | 72/79 [04:43<00:27,  3.94s/it, acc=24.53%]
 91%|█████████ | 72/79 [04:47<00:27,  3.94s/it, acc=24.51%]
 92%|█████████▏| 73/79 [04:47<00:23,  3.90s/it, acc=24.51%]
 92%|█████████▏| 73/79 [04:51<00:23,  3.90s/it, acc=24.54%]
 94%|█████████▎| 74/79 [04:51<00:19,  3.94s/it, acc=24.54%]
 94%|█████████▎| 74/79 [04:55<00:19,  3.94s/it, acc=24.50%]
 95%|█████████▍| 75/79 [04:55<00:15,  3.95s/it, acc=24.50%]
 95%|█████████▍| 75/79 [04:58<00:15,  3.95s/it, acc=24.55%]
 96%|█████████▌| 76/79 [04:58<00:11,  3.94s/it, acc=24.55%]
 96%|█████████▌| 76/79 [05:02<00:11,  3.94s/it, acc=24.59%]
 97%|█████████▋| 77/79 [05:02<00:07,  3.89s/it, acc=24.59%]
 97%|█████████▋| 77/79 [05:06<00:07,  3.89s/it, acc=24.55%]
 99%|█████████▊| 78/79 [05:06<00:03,  3.94s/it, acc=24.55%]
 99%|█████████▊| 78/79 [05:09<00:03,  3.94s/it, acc=24.57%]
100%|██████████| 79/79 [05:09<00:00,  3.43s/it, acc=24.57%]
100%|██████████| 79/79 [05:09<00:00,  3.91s/it, acc=24.57%]
ABLATION_RESULT case=summing_current_noise_only trial_index=2 accuracy=24.57000000
Test Accuracy at noise level 0.0 thermal noise eps None: 24.57%
----- Using :PCNetNoBatchNorm model -----
WARNING:root:Drop the first BN layer
Replacing all transposed conv with conv
WARNING:root:PcConv converted to ODEBlock, ode_params={'ode_block': <class 'ode_pc.TogglePulseODEXInitFFFB'>, 't_end': 1.75, 'method': 'dopri5', 'tol': 1e-06, 'ts_scale': 1, 'n_steps': 100.0, 'return_init': [False, False, False, False, False, False, False, False, False, False, False, False, False, False, False, False], 'switch_period': 7e-08, 'n_iters': 2, 'i_leak': 1e-09, 'sde_noise_type': 'mul', 'mismatch_type': 'mul', 'patch_node': 8, 'patch_stride': 8, 'patch_cycle': 1, 'patch_pad': 0, 'fold_scalar': 1, 'toggle_n_cycles': 5, 'toggle_time_split': 0.5, 'toggle_fast_path': True, 'enable_spin_variation': False, 'sigma_spin': 0.1, 'spin_variation_seed': 20260724, 'enable_summing_current_noise': True, 'summing_current_p': 1.273e-11, 'summing_noise_seed': 20260724}
WARNING:root:ODEBlock in network wrapped, ode_wrapper_params={'ode_wrapper': <class 'ode_pc.ToggleQATTester1State'>, 'calib_path': None, 'R': 10000.0, 'R_max': 150000.0, 'C': 4.9e-14, 'k': 1000.0, 'v_dd': 0.1, 'w_bits': 5, 'enob': 8, 'tie_cap': False, 'one_over_q': 1.0, 'nonlinear_R': False, 'mul_mismatch_mode': 'static_mismatch', 'enable_measured_activation': False, 'activation_curve_path': '/home/rongzeng/_workspce_old/repos/pcn/collaboration/ScAN-PCN/hardware_data/relu_0p3mV.csv', 'activation_corner': 'TT', 'activation_spline_parameters': 10, 'compile_measured_activation': True, 'w_quant_mode': 'min_max', 'thermal_noise': False, 'w_perc': 0.99999, 'offset_eps': None}
WARNING:root:name: PcConvs.0.FFconv.weight, clean params mean: -0.09537037461996078, median: -0.06666667014360428, min: -1.0, max: 0.2666666805744171
WARNING:root:name: PcConvs.0.FBconv.weight, clean params mean: -0.0431327149271965, median: -0.06666667014360428, min: -1.0, max: 0.800000011920929
WARNING:root:name: PcConvs.0.b0.0, clean params mean: 0.0, median: 0.0, min: 0.0, max: 0.0
WARNING:root:name: PcConvs.1.FFconv.weight, clean params mean: -0.019868826493620872, median: -0.0, min: -1.0, max: 0.6000000238418579
WARNING:root:name: PcConvs.1.FBconv.weight, clean params mean: -0.008551955223083496, median: -0.0, min: -0.8666666746139526, max: 1.0
WARNING:root:name: PcConvs.1.b0.0, clean params mean: 0.0, median: 0.0, min: 0.0, max: 0.0
WARNING:root:name: PcConvs.2.FFconv.weight, clean params mean: -0.00765174999833107, median: 0.0, min: -1.0, max: 0.8666666746139526
WARNING:root:name: PcConvs.2.FBconv.weight, clean params mean: 0.0006301437388174236, median: 0.0, min: -1.0, max: 0.8666666746139526
WARNING:root:name: PcConvs.2.b0.0, clean params mean: 0.0, median: 0.0, min: 0.0, max: 0.0
WARNING:root:name: PcConvs.3.FFconv.weight, clean params mean: -0.005426954943686724, median: 0.0, min: -0.9333333373069763, max: 1.0
WARNING:root:name: PcConvs.3.FBconv.weight, clean params mean: 0.007201645988970995, median: 0.0, min: -0.7333333492279053, max: 1.0
WARNING:root:name: PcConvs.3.b0.0, clean params mean: 0.0, median: 0.0, min: 0.0, max: 0.0
WARNING:root:name: PcConvs.4.FFconv.weight, clean params mean: -0.0029706794302910566, median: -0.0, min: -1.0, max: 0.6000000238418579
WARNING:root:name: PcConvs.4.FBconv.weight, clean params mean: 0.008461934514343739, median: 0.0, min: -0.8666666746139526, max: 1.0
WARNING:root:name: PcConvs.4.b0.0, clean params mean: 0.0, median: 0.0, min: 0.0, max: 0.0
WARNING:root:name: PcConvs.5.FFconv.weight, clean params mean: 0.001015946501865983, median: -0.0, min: -0.800000011920929, max: 1.0
WARNING:root:name: PcConvs.5.FBconv.weight, clean params mean: 0.0060056583024561405, median: -0.0, min: -1.0, max: 1.0
WARNING:root:name: PcConvs.5.b0.0, clean params mean: 0.0, median: 0.0, min: 0.0, max: 0.0
WARNING:root:name: PcConvs.6.FFconv.weight, clean params mean: 0.0006140687619335949, median: 0.0, min: -1.0, max: 0.9333333373069763
WARNING:root:name: PcConvs.6.FBconv.weight, clean params mean: 0.004793595522642136, median: 0.0, min: -0.8666666746139526, max: 1.0
WARNING:root:name: PcConvs.6.b0.0, clean params mean: 0.0, median: 0.0, min: 0.0, max: 0.0
WARNING:root:name: PcConvs.7.FFconv.weight, clean params mean: 0.002716692630201578, median: -0.0, min: -1.0, max: 0.9333333373069763
WARNING:root:name: PcConvs.7.FBconv.weight, clean params mean: 0.003954474814236164, median: 0.0, min: -0.800000011920929, max: 1.0
WARNING:root:name: PcConvs.7.b0.0, clean params mean: 0.0, median: 0.0, min: 0.0, max: 0.0
WARNING:root:name: PcConvs.8.FFconv.weight, clean params mean: -0.004128086380660534, median: -0.0, min: -0.800000011920929, max: 1.0
WARNING:root:name: PcConvs.8.FBconv.weight, clean params mean: 0.012638244777917862, median: 0.0, min: -0.8666666746139526, max: 1.0
WARNING:root:name: PcConvs.8.b0.0, clean params mean: 0.0, median: 0.0, min: 0.0, max: 0.0
WARNING:root:name: PcConvs.9.FFconv.weight, clean params mean: -0.007172711193561554, median: 0.0, min: -1.0, max: 1.0
WARNING:root:name: PcConvs.9.FBconv.weight, clean params mean: 0.010873199440538883, median: -0.0, min: -1.0, max: 0.9333333373069763
WARNING:root:name: PcConvs.9.b0.0, clean params mean: 0.0, median: 0.0, min: 0.0, max: 0.0
WARNING:root:name: PcConvs.10.FFconv.weight, clean params mean: -0.00072980992263183, median: -0.0, min: -1.0, max: 0.7333333492279053
WARNING:root:name: PcConvs.10.FBconv.weight, clean params mean: 0.010927855037152767, median: 0.0, min: -0.7333333492279053, max: 1.0
WARNING:root:name: PcConvs.10.b0.0, clean params mean: 0.0, median: 0.0, min: 0.0, max: 0.0
WARNING:root:name: PcConvs.11.FFconv.weight, clean params mean: 0.003681198228150606, median: -0.0, min: -0.8666666746139526, max: 1.0
WARNING:root:name: PcConvs.11.FBconv.weight, clean params mean: 0.005353009328246117, median: 0.0, min: -1.0, max: 0.9333333373069763
WARNING:root:name: PcConvs.11.b0.0, clean params mean: 0.0, median: 0.0, min: 0.0, max: 0.0
WARNING:root:name: PcConvs.12.FFconv.weight, clean params mean: -0.00041634502122178674, median: 0.0, min: -1.0, max: 0.8666666746139526
WARNING:root:name: PcConvs.12.FBconv.weight, clean params mean: 0.0049913194961845875, median: 0.0, min: -1.0, max: 1.0
WARNING:root:name: PcConvs.12.b0.0, clean params mean: 0.0, median: 0.0, min: 0.0, max: 0.0
WARNING:root:name: PcConvs.13.FFconv.weight, clean params mean: -0.009022955782711506, median: -0.0, min: -0.9333333373069763, max: 1.0
WARNING:root:name: PcConvs.13.FBconv.weight, clean params mean: 0.015862109139561653, median: 0.0, min: -1.0, max: 1.0
WARNING:root:name: PcConvs.13.b0.0, clean params mean: 0.0, median: 0.0, min: 0.0, max: 0.0
WARNING:root:name: PcConvs.14.FFconv.weight, clean params mean: -0.003322723787277937, median: 0.0, min: -1.0, max: 0.800000011920929
WARNING:root:name: PcConvs.14.FBconv.weight, clean params mean: 0.02038162387907505, median: -0.0, min: -0.9333333373069763, max: 1.0
WARNING:root:name: PcConvs.14.b0.0, clean params mean: 0.0, median: 0.0, min: 0.0, max: 0.0
WARNING:root:name: PcConvs.15.FFconv.weight, clean params mean: 0.008640368469059467, median: -0.0, min: -1.0, max: 0.6000000238418579
WARNING:root:name: PcConvs.15.FBconv.weight, clean params mean: -0.002095390111207962, median: -0.0, min: -0.9333333373069763, max: 1.0
WARNING:root:name: PcConvs.15.b0.0, clean params mean: 0.0, median: 0.0, min: 0.0, max: 0.0
WARNING:root:name: linear.weight, clean params mean: -0.0070163109339773655, median: -0.08245333284139633, min: -0.4270583391189575, max: 0.8377830982208252
WARNING:root:name: linear.bias, clean params mean: -0.002159359399229288, median: -0.011764620430767536, min: -0.23566970229148865, max: 0.19391556084156036
WARNING:root:----- Model loaded -----
WARNING:root:Unroll or load expanded weights finished

  0%|          | 0/79 [00:00<?, ?it/s]
  0%|          | 0/79 [00:03<?, ?it/s, acc=31.25%]
  1%|▏         | 1/79 [00:03<05:09,  3.97s/it, acc=31.25%]
  1%|▏         | 1/79 [00:07<05:09,  3.97s/it, acc=26.17%]
  3%|▎         | 2/79 [00:07<05:00,  3.90s/it, acc=26.17%]
  3%|▎         | 2/79 [00:11<05:00,  3.90s/it, acc=24.74%]
  4%|▍         | 3/79 [00:11<04:59,  3.94s/it, acc=24.74%]
  4%|▍         | 3/79 [00:15<04:59,  3.94s/it, acc=24.41%]
  5%|▌         | 4/79 [00:15<04:55,  3.94s/it, acc=24.41%]
  5%|▌         | 4/79 [00:19<04:55,  3.94s/it, acc=24.53%]
  6%|▋         | 5/79 [00:19<04:50,  3.93s/it, acc=24.53%]
  6%|▋         | 5/79 [00:23<04:50,  3.93s/it, acc=23.83%]
  8%|▊         | 6/79 [00:23<04:46,  3.92s/it, acc=23.83%]
  8%|▊         | 6/79 [00:27<04:46,  3.92s/it, acc=24.22%]
  9%|▉         | 7/79 [00:27<04:44,  3.95s/it, acc=24.22%]
  9%|▉         | 7/79 [00:31<04:44,  3.95s/it, acc=24.71%]
 10%|█         | 8/79 [00:31<04:39,  3.94s/it, acc=24.71%]
 10%|█         | 8/79 [00:35<04:39,  3.94s/it, acc=24.65%]
 11%|█▏        | 9/79 [00:35<04:34,  3.92s/it, acc=24.65%]
 11%|█▏        | 9/79 [00:39<04:34,  3.92s/it, acc=24.38%]
 13%|█▎        | 10/79 [00:39<04:30,  3.93s/it, acc=24.38%]
 13%|█▎        | 10/79 [00:43<04:30,  3.93s/it, acc=24.15%]
 14%|█▍        | 11/79 [00:43<04:29,  3.96s/it, acc=24.15%]
 14%|█▍        | 11/79 [00:47<04:29,  3.96s/it, acc=24.54%]
 15%|█▌        | 12/79 [00:47<04:22,  3.92s/it, acc=24.54%]
 15%|█▌        | 12/79 [00:51<04:22,  3.92s/it, acc=24.52%]
 16%|█▋        | 13/79 [00:51<04:17,  3.91s/it, acc=24.52%]
 16%|█▋        | 13/79 [00:55<04:17,  3.91s/it, acc=24.78%]
 18%|█▊        | 14/79 [00:55<04:15,  3.93s/it, acc=24.78%]
 18%|█▊        | 14/79 [00:59<04:15,  3.93s/it, acc=24.90%]
 19%|█▉        | 15/79 [00:59<04:12,  3.95s/it, acc=24.90%]
 19%|█▉        | 15/79 [01:02<04:12,  3.95s/it, acc=25.00%]
 20%|██        | 16/79 [01:02<04:06,  3.92s/it, acc=25.00%]
 20%|██        | 16/79 [01:06<04:06,  3.92s/it, acc=24.86%]
 22%|██▏       | 17/79 [01:06<04:01,  3.90s/it, acc=24.86%]
 22%|██▏       | 17/79 [01:10<04:01,  3.90s/it, acc=24.61%]
 23%|██▎       | 18/79 [01:10<03:59,  3.93s/it, acc=24.61%]
 23%|██▎       | 18/79 [01:14<03:59,  3.93s/it, acc=24.75%]
 24%|██▍       | 19/79 [01:14<03:57,  3.96s/it, acc=24.75%]
 24%|██▍       | 19/79 [01:18<03:57,  3.96s/it, acc=24.69%]
 25%|██▌       | 20/79 [01:18<03:52,  3.93s/it, acc=24.69%]
 25%|██▌       | 20/79 [01:22<03:52,  3.93s/it, acc=24.48%]
 27%|██▋       | 21/79 [01:22<03:46,  3.90s/it, acc=24.48%]
 27%|██▋       | 21/79 [01:26<03:46,  3.90s/it, acc=24.54%]
 28%|██▊       | 22/79 [01:26<03:44,  3.94s/it, acc=24.54%]
 28%|██▊       | 22/79 [01:29<03:44,  3.94s/it, acc=24.46%]
 29%|██▉       | 23/79 [01:29<03:22,  3.61s/it, acc=24.46%]
 29%|██▉       | 23/79 [01:31<03:22,  3.61s/it, acc=24.51%]
 30%|███       | 24/79 [01:31<02:58,  3.25s/it, acc=24.51%]
 30%|███       | 24/79 [01:34<02:58,  3.25s/it, acc=24.41%]
 32%|███▏      | 25/79 [01:34<02:43,  3.03s/it, acc=24.41%]
 32%|███▏      | 25/79 [01:37<02:43,  3.03s/it, acc=24.37%]
 33%|███▎      | 26/79 [01:37<02:45,  3.11s/it, acc=24.37%]
 33%|███▎      | 26/79 [01:41<02:45,  3.11s/it, acc=24.36%]
 34%|███▍      | 27/79 [01:41<02:49,  3.27s/it, acc=24.36%]
 34%|███▍      | 27/79 [01:45<02:49,  3.27s/it, acc=24.33%]
 35%|███▌      | 28/79 [01:45<02:56,  3.46s/it, acc=24.33%]
 35%|███▌      | 28/79 [01:49<02:56,  3.46s/it, acc=24.38%]
 37%|███▋      | 29/79 [01:49<02:59,  3.60s/it, acc=24.38%]
 37%|███▋      | 29/79 [01:52<02:59,  3.60s/it, acc=24.38%]
 38%|███▊      | 30/79 [01:52<02:59,  3.66s/it, acc=24.38%]
 38%|███▊      | 30/79 [01:56<02:59,  3.66s/it, acc=24.50%]
 39%|███▉      | 31/79 [01:56<03:01,  3.77s/it, acc=24.50%]
 39%|███▉      | 31/79 [02:00<03:01,  3.77s/it, acc=24.27%]
 41%|████      | 32/79 [02:00<03:00,  3.84s/it, acc=24.27%]
 41%|████      | 32/79 [02:04<03:00,  3.84s/it, acc=24.15%]
 42%|████▏     | 33/79 [02:04<02:58,  3.87s/it, acc=24.15%]
 42%|████▏     | 33/79 [02:08<02:58,  3.87s/it, acc=23.90%]
 43%|████▎     | 34/79 [02:08<02:53,  3.85s/it, acc=23.90%]
 43%|████▎     | 34/79 [02:12<02:53,  3.85s/it, acc=23.93%]
 44%|████▍     | 35/79 [02:12<02:52,  3.91s/it, acc=23.93%]
 44%|████▍     | 35/79 [02:16<02:52,  3.91s/it, acc=24.02%]
 46%|████▌     | 36/79 [02:16<02:49,  3.94s/it, acc=24.02%]
 46%|████▌     | 36/79 [02:20<02:49,  3.94s/it, acc=23.92%]
 47%|████▋     | 37/79 [02:20<02:45,  3.94s/it, acc=23.92%]
 47%|████▋     | 37/79 [02:24<02:45,  3.94s/it, acc=23.89%]
 48%|████▊     | 38/79 [02:24<02:39,  3.89s/it, acc=23.89%]
 48%|████▊     | 38/79 [02:28<02:39,  3.89s/it, acc=23.78%]
 49%|████▉     | 39/79 [02:28<02:37,  3.94s/it, acc=23.78%]
 49%|████▉     | 39/79 [02:32<02:37,  3.94s/it, acc=23.69%]
 51%|█████     | 40/79 [02:32<02:34,  3.96s/it, acc=23.69%]
 51%|█████     | 40/79 [02:36<02:34,  3.96s/it, acc=23.80%]
 52%|█████▏    | 41/79 [02:36<02:30,  3.96s/it, acc=23.80%]
 52%|█████▏    | 41/79 [02:40<02:30,  3.96s/it, acc=23.53%]
 53%|█████▎    | 42/79 [02:40<02:24,  3.90s/it, acc=23.53%]
 53%|█████▎    | 42/79 [02:44<02:24,  3.90s/it, acc=23.51%]
 54%|█████▍    | 43/79 [02:44<02:22,  3.95s/it, acc=23.51%]
 54%|█████▍    | 43/79 [02:48<02:22,  3.95s/it, acc=23.65%]
 56%|█████▌    | 44/79 [02:48<02:18,  3.95s/it, acc=23.65%]
 56%|█████▌    | 44/79 [02:52<02:18,  3.95s/it, acc=23.68%]
 57%|█████▋    | 45/79 [02:52<02:13,  3.93s/it, acc=23.68%]
 57%|█████▋    | 45/79 [02:55<02:13,  3.93s/it, acc=23.69%]
 58%|█████▊    | 46/79 [02:55<02:09,  3.91s/it, acc=23.69%]
 58%|█████▊    | 46/79 [02:59<02:09,  3.91s/it, acc=23.62%]
 59%|█████▉    | 47/79 [02:59<02:06,  3.94s/it, acc=23.62%]
 59%|█████▉    | 47/79 [03:03<02:06,  3.94s/it, acc=23.78%]
 61%|██████    | 48/79 [03:03<02:02,  3.94s/it, acc=23.78%]
 61%|██████    | 48/79 [03:07<02:02,  3.94s/it, acc=23.76%]
 62%|██████▏   | 49/79 [03:07<01:57,  3.93s/it, acc=23.76%]
 62%|██████▏   | 49/79 [03:11<01:57,  3.93s/it, acc=23.80%]
 63%|██████▎   | 50/79 [03:11<01:53,  3.93s/it, acc=23.80%]
 63%|██████▎   | 50/79 [03:15<01:53,  3.93s/it, acc=23.70%]
 65%|██████▍   | 51/79 [03:15<01:50,  3.95s/it, acc=23.70%]
 65%|██████▍   | 51/79 [03:19<01:50,  3.95s/it, acc=23.63%]
 66%|██████▌   | 52/79 [03:19<01:46,  3.95s/it, acc=23.63%]
 66%|██████▌   | 52/79 [03:23<01:46,  3.95s/it, acc=23.75%]
 67%|██████▋   | 53/79 [03:23<01:42,  3.93s/it, acc=23.75%]
 67%|██████▋   | 53/79 [03:27<01:42,  3.93s/it, acc=23.74%]
 68%|██████▊   | 54/79 [03:27<01:38,  3.93s/it, acc=23.74%]
 68%|██████▊   | 54/79 [03:31<01:38,  3.93s/it, acc=23.75%]
 70%|██████▉   | 55/79 [03:31<01:35,  3.97s/it, acc=23.75%]
 70%|██████▉   | 55/79 [03:35<01:35,  3.97s/it, acc=23.77%]
 71%|███████   | 56/79 [03:35<01:31,  3.97s/it, acc=23.77%]
 71%|███████   | 56/79 [03:39<01:31,  3.97s/it, acc=23.73%]
 72%|███████▏  | 57/79 [03:39<01:26,  3.95s/it, acc=23.73%]
 72%|███████▏  | 57/79 [03:43<01:26,  3.95s/it, acc=23.64%]
 73%|███████▎  | 58/79 [03:43<01:22,  3.94s/it, acc=23.64%]
 73%|███████▎  | 58/79 [03:47<01:22,  3.94s/it, acc=23.73%]
 75%|███████▍  | 59/79 [03:47<01:19,  3.96s/it, acc=23.73%]
 75%|███████▍  | 59/79 [03:51<01:19,  3.96s/it, acc=23.67%]
 76%|███████▌  | 60/79 [03:51<01:15,  3.95s/it, acc=23.67%]
 76%|███████▌  | 60/79 [03:55<01:15,  3.95s/it, acc=23.64%]
 77%|███████▋  | 61/79 [03:55<01:10,  3.94s/it, acc=23.64%]
 77%|███████▋  | 61/79 [03:59<01:10,  3.94s/it, acc=23.68%]
 78%|███████▊  | 62/79 [03:59<01:06,  3.93s/it, acc=23.68%]
 78%|███████▊  | 62/79 [04:03<01:06,  3.93s/it, acc=23.74%]
 80%|███████▉  | 63/79 [04:03<01:03,  3.96s/it, acc=23.74%]
 80%|███████▉  | 63/79 [04:06<01:03,  3.96s/it, acc=23.78%]
 81%|████████  | 64/79 [04:06<00:59,  3.94s/it, acc=23.78%]
 81%|████████  | 64/79 [04:10<00:59,  3.94s/it, acc=23.79%]
 82%|████████▏ | 65/79 [04:10<00:54,  3.93s/it, acc=23.79%]
 82%|████████▏ | 65/79 [04:14<00:54,  3.93s/it, acc=23.78%]
 84%|████████▎ | 66/79 [04:14<00:51,  3.93s/it, acc=23.78%]
 84%|████████▎ | 66/79 [04:18<00:51,  3.93s/it, acc=23.86%]
 85%|████████▍ | 67/79 [04:18<00:47,  3.97s/it, acc=23.86%]
 85%|████████▍ | 67/79 [04:22<00:47,  3.97s/it, acc=23.90%]
 86%|████████▌ | 68/79 [04:22<00:43,  3.94s/it, acc=23.90%]
 86%|████████▌ | 68/79 [04:26<00:43,  3.94s/it, acc=23.97%]
 87%|████████▋ | 69/79 [04:26<00:39,  3.92s/it, acc=23.97%]
 87%|████████▋ | 69/79 [04:30<00:39,  3.92s/it, acc=23.95%]
 89%|████████▊ | 70/79 [04:30<00:35,  3.94s/it, acc=23.95%]
 89%|████████▊ | 70/79 [04:34<00:35,  3.94s/it, acc=23.98%]
 90%|████████▉ | 71/79 [04:34<00:31,  3.97s/it, acc=23.98%]
 90%|████████▉ | 71/79 [04:38<00:31,  3.97s/it, acc=23.93%]
 91%|█████████ | 72/79 [04:38<00:27,  3.93s/it, acc=23.93%]
 91%|█████████ | 72/79 [04:42<00:27,  3.93s/it, acc=23.97%]
 92%|█████████▏| 73/79 [04:42<00:23,  3.92s/it, acc=23.97%]
 92%|█████████▏| 73/79 [04:46<00:23,  3.92s/it, acc=24.07%]
 94%|█████████▎| 74/79 [04:46<00:19,  3.92s/it, acc=24.07%]
 94%|█████████▎| 74/79 [04:50<00:19,  3.92s/it, acc=24.02%]
 95%|█████████▍| 75/79 [04:50<00:15,  3.95s/it, acc=24.02%]
 95%|█████████▍| 75/79 [04:54<00:15,  3.95s/it, acc=24.11%]
 96%|█████████▌| 76/79 [04:54<00:11,  3.93s/it, acc=24.11%]
 96%|█████████▌| 76/79 [04:58<00:11,  3.93s/it, acc=24.06%]
 97%|█████████▋| 77/79 [04:58<00:07,  3.90s/it, acc=24.06%]
 97%|█████████▋| 77/79 [05:02<00:07,  3.90s/it, acc=24.08%]
 99%|█████████▊| 78/79 [05:02<00:03,  3.94s/it, acc=24.08%]
 99%|█████████▊| 78/79 [05:04<00:03,  3.94s/it, acc=24.10%]
100%|██████████| 79/79 [05:04<00:00,  3.44s/it, acc=24.10%]
100%|██████████| 79/79 [05:04<00:00,  3.85s/it, acc=24.10%]
ABLATION_RESULT case=summing_current_noise_only trial_index=3 accuracy=24.10000000
Test Accuracy at noise level 0.0 thermal noise eps None: 24.10%
----- Using :PCNetNoBatchNorm model -----
WARNING:root:Drop the first BN layer
Replacing all transposed conv with conv
WARNING:root:PcConv converted to ODEBlock, ode_params={'ode_block': <class 'ode_pc.TogglePulseODEXInitFFFB'>, 't_end': 1.75, 'method': 'dopri5', 'tol': 1e-06, 'ts_scale': 1, 'n_steps': 100.0, 'return_init': [False, False, False, False, False, False, False, False, False, False, False, False, False, False, False, False], 'switch_period': 7e-08, 'n_iters': 2, 'i_leak': 1e-09, 'sde_noise_type': 'mul', 'mismatch_type': 'mul', 'patch_node': 8, 'patch_stride': 8, 'patch_cycle': 1, 'patch_pad': 0, 'fold_scalar': 1, 'toggle_n_cycles': 5, 'toggle_time_split': 0.5, 'toggle_fast_path': True, 'enable_spin_variation': False, 'sigma_spin': 0.1, 'spin_variation_seed': 20260725, 'enable_summing_current_noise': True, 'summing_current_p': 1.273e-11, 'summing_noise_seed': 20260725}
WARNING:root:ODEBlock in network wrapped, ode_wrapper_params={'ode_wrapper': <class 'ode_pc.ToggleQATTester1State'>, 'calib_path': None, 'R': 10000.0, 'R_max': 150000.0, 'C': 4.9e-14, 'k': 1000.0, 'v_dd': 0.1, 'w_bits': 5, 'enob': 8, 'tie_cap': False, 'one_over_q': 1.0, 'nonlinear_R': False, 'mul_mismatch_mode': 'static_mismatch', 'enable_measured_activation': False, 'activation_curve_path': '/home/rongzeng/_workspce_old/repos/pcn/collaboration/ScAN-PCN/hardware_data/relu_0p3mV.csv', 'activation_corner': 'TT', 'activation_spline_parameters': 10, 'compile_measured_activation': True, 'w_quant_mode': 'min_max', 'thermal_noise': False, 'w_perc': 0.99999, 'offset_eps': None}
WARNING:root:name: PcConvs.0.FFconv.weight, clean params mean: -0.09537037461996078, median: -0.06666667014360428, min: -1.0, max: 0.2666666805744171
WARNING:root:name: PcConvs.0.FBconv.weight, clean params mean: -0.0431327149271965, median: -0.06666667014360428, min: -1.0, max: 0.800000011920929
WARNING:root:name: PcConvs.0.b0.0, clean params mean: 0.0, median: 0.0, min: 0.0, max: 0.0
WARNING:root:name: PcConvs.1.FFconv.weight, clean params mean: -0.019868826493620872, median: -0.0, min: -1.0, max: 0.6000000238418579
WARNING:root:name: PcConvs.1.FBconv.weight, clean params mean: -0.008551955223083496, median: -0.0, min: -0.8666666746139526, max: 1.0
WARNING:root:name: PcConvs.1.b0.0, clean params mean: 0.0, median: 0.0, min: 0.0, max: 0.0
WARNING:root:name: PcConvs.2.FFconv.weight, clean params mean: -0.00765174999833107, median: 0.0, min: -1.0, max: 0.8666666746139526
WARNING:root:name: PcConvs.2.FBconv.weight, clean params mean: 0.0006301437388174236, median: 0.0, min: -1.0, max: 0.8666666746139526
WARNING:root:name: PcConvs.2.b0.0, clean params mean: 0.0, median: 0.0, min: 0.0, max: 0.0
WARNING:root:name: PcConvs.3.FFconv.weight, clean params mean: -0.005426954943686724, median: 0.0, min: -0.9333333373069763, max: 1.0
WARNING:root:name: PcConvs.3.FBconv.weight, clean params mean: 0.007201645988970995, median: 0.0, min: -0.7333333492279053, max: 1.0
WARNING:root:name: PcConvs.3.b0.0, clean params mean: 0.0, median: 0.0, min: 0.0, max: 0.0
WARNING:root:name: PcConvs.4.FFconv.weight, clean params mean: -0.0029706794302910566, median: -0.0, min: -1.0, max: 0.6000000238418579
WARNING:root:name: PcConvs.4.FBconv.weight, clean params mean: 0.008461934514343739, median: 0.0, min: -0.8666666746139526, max: 1.0
WARNING:root:name: PcConvs.4.b0.0, clean params mean: 0.0, median: 0.0, min: 0.0, max: 0.0
WARNING:root:name: PcConvs.5.FFconv.weight, clean params mean: 0.001015946501865983, median: -0.0, min: -0.800000011920929, max: 1.0
WARNING:root:name: PcConvs.5.FBconv.weight, clean params mean: 0.0060056583024561405, median: -0.0, min: -1.0, max: 1.0
WARNING:root:name: PcConvs.5.b0.0, clean params mean: 0.0, median: 0.0, min: 0.0, max: 0.0
WARNING:root:name: PcConvs.6.FFconv.weight, clean params mean: 0.0006140687619335949, median: 0.0, min: -1.0, max: 0.9333333373069763
WARNING:root:name: PcConvs.6.FBconv.weight, clean params mean: 0.004793595522642136, median: 0.0, min: -0.8666666746139526, max: 1.0
WARNING:root:name: PcConvs.6.b0.0, clean params mean: 0.0, median: 0.0, min: 0.0, max: 0.0
WARNING:root:name: PcConvs.7.FFconv.weight, clean params mean: 0.002716692630201578, median: -0.0, min: -1.0, max: 0.9333333373069763
WARNING:root:name: PcConvs.7.FBconv.weight, clean params mean: 0.003954474814236164, median: 0.0, min: -0.800000011920929, max: 1.0
WARNING:root:name: PcConvs.7.b0.0, clean params mean: 0.0, median: 0.0, min: 0.0, max: 0.0
WARNING:root:name: PcConvs.8.FFconv.weight, clean params mean: -0.004128086380660534, median: -0.0, min: -0.800000011920929, max: 1.0
WARNING:root:name: PcConvs.8.FBconv.weight, clean params mean: 0.012638244777917862, median: 0.0, min: -0.8666666746139526, max: 1.0
WARNING:root:name: PcConvs.8.b0.0, clean params mean: 0.0, median: 0.0, min: 0.0, max: 0.0
WARNING:root:name: PcConvs.9.FFconv.weight, clean params mean: -0.007172711193561554, median: 0.0, min: -1.0, max: 1.0
WARNING:root:name: PcConvs.9.FBconv.weight, clean params mean: 0.010873199440538883, median: -0.0, min: -1.0, max: 0.9333333373069763
WARNING:root:name: PcConvs.9.b0.0, clean params mean: 0.0, median: 0.0, min: 0.0, max: 0.0
WARNING:root:name: PcConvs.10.FFconv.weight, clean params mean: -0.00072980992263183, median: -0.0, min: -1.0, max: 0.7333333492279053
WARNING:root:name: PcConvs.10.FBconv.weight, clean params mean: 0.010927855037152767, median: 0.0, min: -0.7333333492279053, max: 1.0
WARNING:root:name: PcConvs.10.b0.0, clean params mean: 0.0, median: 0.0, min: 0.0, max: 0.0
WARNING:root:name: PcConvs.11.FFconv.weight, clean params mean: 0.003681198228150606, median: -0.0, min: -0.8666666746139526, max: 1.0
WARNING:root:name: PcConvs.11.FBconv.weight, clean params mean: 0.005353009328246117, median: 0.0, min: -1.0, max: 0.9333333373069763
WARNING:root:name: PcConvs.11.b0.0, clean params mean: 0.0, median: 0.0, min: 0.0, max: 0.0
WARNING:root:name: PcConvs.12.FFconv.weight, clean params mean: -0.00041634502122178674, median: 0.0, min: -1.0, max: 0.8666666746139526
WARNING:root:name: PcConvs.12.FBconv.weight, clean params mean: 0.0049913194961845875, median: 0.0, min: -1.0, max: 1.0
WARNING:root:name: PcConvs.12.b0.0, clean params mean: 0.0, median: 0.0, min: 0.0, max: 0.0
WARNING:root:name: PcConvs.13.FFconv.weight, clean params mean: -0.009022955782711506, median: -0.0, min: -0.9333333373069763, max: 1.0
WARNING:root:name: PcConvs.13.FBconv.weight, clean params mean: 0.015862109139561653, median: 0.0, min: -1.0, max: 1.0
WARNING:root:name: PcConvs.13.b0.0, clean params mean: 0.0, median: 0.0, min: 0.0, max: 0.0
WARNING:root:name: PcConvs.14.FFconv.weight, clean params mean: -0.003322723787277937, median: 0.0, min: -1.0, max: 0.800000011920929
WARNING:root:name: PcConvs.14.FBconv.weight, clean params mean: 0.02038162387907505, median: -0.0, min: -0.9333333373069763, max: 1.0
WARNING:root:name: PcConvs.14.b0.0, clean params mean: 0.0, median: 0.0, min: 0.0, max: 0.0
WARNING:root:name: PcConvs.15.FFconv.weight, clean params mean: 0.008640368469059467, median: -0.0, min: -1.0, max: 0.6000000238418579
WARNING:root:name: PcConvs.15.FBconv.weight, clean params mean: -0.002095390111207962, median: -0.0, min: -0.9333333373069763, max: 1.0
WARNING:root:name: PcConvs.15.b0.0, clean params mean: 0.0, median: 0.0, min: 0.0, max: 0.0
WARNING:root:name: linear.weight, clean params mean: -0.0070163109339773655, median: -0.08245333284139633, min: -0.4270583391189575, max: 0.8377830982208252
WARNING:root:name: linear.bias, clean params mean: -0.002159359399229288, median: -0.011764620430767536, min: -0.23566970229148865, max: 0.19391556084156036
WARNING:root:----- Model loaded -----
WARNING:root:Unroll or load expanded weights finished

  0%|          | 0/79 [00:00<?, ?it/s]
  0%|          | 0/79 [00:03<?, ?it/s, acc=32.03%]
  1%|▏         | 1/79 [00:03<05:10,  3.98s/it, acc=32.03%]
  1%|▏         | 1/79 [00:07<05:10,  3.98s/it, acc=27.73%]
  3%|▎         | 2/79 [00:07<04:58,  3.88s/it, acc=27.73%]
  3%|▎         | 2/79 [00:11<04:58,  3.88s/it, acc=25.78%]
  4%|▍         | 3/79 [00:11<05:01,  3.96s/it, acc=25.78%]
  4%|▍         | 3/79 [00:15<05:01,  3.96s/it, acc=24.22%]
  5%|▌         | 4/79 [00:15<04:58,  3.98s/it, acc=24.22%]
  5%|▌         | 4/79 [00:19<04:58,  3.98s/it, acc=24.69%]
  6%|▋         | 5/79 [00:19<04:52,  3.96s/it, acc=24.69%]
  6%|▋         | 5/79 [00:23<04:52,  3.96s/it, acc=23.83%]
  8%|▊         | 6/79 [00:23<04:44,  3.89s/it, acc=23.83%]
  8%|▊         | 6/79 [00:27<04:44,  3.89s/it, acc=24.33%]
  9%|▉         | 7/79 [00:27<04:44,  3.95s/it, acc=24.33%]
  9%|▉         | 7/79 [00:31<04:44,  3.95s/it, acc=24.32%]
 10%|█         | 8/79 [00:31<04:41,  3.97s/it, acc=24.32%]
 10%|█         | 8/79 [00:35<04:41,  3.97s/it, acc=24.48%]
 11%|█▏        | 9/79 [00:35<04:37,  3.96s/it, acc=24.48%]
 11%|█▏        | 9/79 [00:39<04:37,  3.96s/it, acc=24.14%]
 13%|█▎        | 10/79 [00:39<04:28,  3.90s/it, acc=24.14%]
 13%|█▎        | 10/79 [00:43<04:28,  3.90s/it, acc=23.51%]
 14%|█▍        | 11/79 [00:43<04:28,  3.95s/it, acc=23.51%]
 14%|█▍        | 11/79 [00:47<04:28,  3.95s/it, acc=24.09%]
 15%|█▌        | 12/79 [00:47<04:24,  3.95s/it, acc=24.09%]
 15%|█▌        | 12/79 [00:51<04:24,  3.95s/it, acc=24.04%]
 16%|█▋        | 13/79 [00:51<04:20,  3.94s/it, acc=24.04%]
 16%|█▋        | 13/79 [00:55<04:20,  3.94s/it, acc=24.33%]
 18%|█▊        | 14/79 [00:55<04:13,  3.91s/it, acc=24.33%]
 18%|█▊        | 14/79 [00:59<04:13,  3.91s/it, acc=24.27%]
 19%|█▉        | 15/79 [00:59<04:12,  3.95s/it, acc=24.27%]
 19%|█▉        | 15/79 [01:03<04:12,  3.95s/it, acc=24.22%]
 20%|██        | 16/79 [01:03<04:09,  3.96s/it, acc=24.22%]
 20%|██        | 16/79 [01:07<04:09,  3.96s/it, acc=24.31%]
 22%|██▏       | 17/79 [01:07<04:05,  3.95s/it, acc=24.31%]
 22%|██▏       | 17/79 [01:10<04:05,  3.95s/it, acc=24.26%]
 23%|██▎       | 18/79 [01:10<03:58,  3.91s/it, acc=24.26%]
 23%|██▎       | 18/79 [01:14<03:58,  3.91s/it, acc=24.42%]
 24%|██▍       | 19/79 [01:14<03:56,  3.95s/it, acc=24.42%]
 24%|██▍       | 19/79 [01:18<03:56,  3.95s/it, acc=24.45%]
 25%|██▌       | 20/79 [01:18<03:53,  3.96s/it, acc=24.45%]
 25%|██▌       | 20/79 [01:22<03:53,  3.96s/it, acc=24.37%]
 27%|██▋       | 21/79 [01:22<03:48,  3.95s/it, acc=24.37%]
 27%|██▋       | 21/79 [01:26<03:48,  3.95s/it, acc=24.36%]
 28%|██▊       | 22/79 [01:26<03:43,  3.92s/it, acc=24.36%]
 28%|██▊       | 22/79 [01:30<03:43,  3.92s/it, acc=24.15%]
 29%|██▉       | 23/79 [01:30<03:41,  3.95s/it, acc=24.15%]
 29%|██▉       | 23/79 [01:34<03:41,  3.95s/it, acc=24.15%]
 30%|███       | 24/79 [01:34<03:37,  3.95s/it, acc=24.15%]
 30%|███       | 24/79 [01:38<03:37,  3.95s/it, acc=24.12%]
 32%|███▏      | 25/79 [01:38<03:33,  3.95s/it, acc=24.12%]
 32%|███▏      | 25/79 [01:42<03:33,  3.95s/it, acc=24.10%]
 33%|███▎      | 26/79 [01:42<03:27,  3.92s/it, acc=24.10%]
 33%|███▎      | 26/79 [01:46<03:27,  3.92s/it, acc=23.99%]
 34%|███▍      | 27/79 [01:46<03:25,  3.95s/it, acc=23.99%]
 34%|███▍      | 27/79 [01:50<03:25,  3.95s/it, acc=23.94%]
 35%|███▌      | 28/79 [01:50<03:21,  3.95s/it, acc=23.94%]
 35%|███▌      | 28/79 [01:54<03:21,  3.95s/it, acc=24.11%]
 37%|███▋      | 29/79 [01:54<03:16,  3.93s/it, acc=24.11%]
 37%|███▋      | 29/79 [01:58<03:16,  3.93s/it, acc=24.19%]
 38%|███▊      | 30/79 [01:58<03:12,  3.92s/it, acc=24.19%]
 38%|███▊      | 30/79 [02:02<03:12,  3.92s/it, acc=24.32%]
 39%|███▉      | 31/79 [02:02<03:09,  3.95s/it, acc=24.32%]
 39%|███▉      | 31/79 [02:06<03:09,  3.95s/it, acc=24.27%]
 41%|████      | 32/79 [02:06<03:05,  3.94s/it, acc=24.27%]
 41%|████      | 32/79 [02:10<03:05,  3.94s/it, acc=24.24%]
 42%|████▏     | 33/79 [02:10<03:00,  3.92s/it, acc=24.24%]
 42%|████▏     | 33/79 [02:13<03:00,  3.92s/it, acc=24.15%]
 43%|████▎     | 34/79 [02:13<02:56,  3.93s/it, acc=24.15%]
 43%|████▎     | 34/79 [02:17<02:56,  3.93s/it, acc=24.04%]
 44%|████▍     | 35/79 [02:17<02:54,  3.96s/it, acc=24.04%]
 44%|████▍     | 35/79 [02:21<02:54,  3.96s/it, acc=24.02%]
 46%|████▌     | 36/79 [02:21<02:49,  3.94s/it, acc=24.02%]
 46%|████▌     | 36/79 [02:25<02:49,  3.94s/it, acc=23.88%]
 47%|████▋     | 37/79 [02:25<02:44,  3.93s/it, acc=23.88%]
 47%|████▋     | 37/79 [02:29<02:44,  3.93s/it, acc=23.83%]
 48%|████▊     | 38/79 [02:29<02:41,  3.94s/it, acc=23.83%]
 48%|████▊     | 38/79 [02:33<02:41,  3.94s/it, acc=23.72%]
 49%|████▉     | 39/79 [02:33<02:38,  3.96s/it, acc=23.72%]
 49%|████▉     | 39/79 [02:37<02:38,  3.96s/it, acc=23.63%]
 51%|█████     | 40/79 [02:37<02:33,  3.94s/it, acc=23.63%]
 51%|█████     | 40/79 [02:41<02:33,  3.94s/it, acc=23.72%]
 52%|█████▏    | 41/79 [02:41<02:28,  3.92s/it, acc=23.72%]
 52%|█████▏    | 41/79 [02:45<02:28,  3.92s/it, acc=23.49%]
 53%|█████▎    | 42/79 [02:45<02:25,  3.94s/it, acc=23.49%]
 53%|█████▎    | 42/79 [02:49<02:25,  3.94s/it, acc=23.47%]
 54%|█████▍    | 43/79 [02:49<02:22,  3.97s/it, acc=23.47%]
 54%|█████▍    | 43/79 [02:53<02:22,  3.97s/it, acc=23.58%]
 56%|█████▌    | 44/79 [02:53<02:17,  3.94s/it, acc=23.58%]
 56%|█████▌    | 44/79 [02:57<02:17,  3.94s/it, acc=23.68%]
 57%|█████▋    | 45/79 [02:57<02:13,  3.92s/it, acc=23.68%]
 57%|█████▋    | 45/79 [03:01<02:13,  3.92s/it, acc=23.79%]
 58%|█████▊    | 46/79 [03:01<02:09,  3.94s/it, acc=23.79%]
 58%|█████▊    | 46/79 [03:05<02:09,  3.94s/it, acc=23.80%]
 59%|█████▉    | 47/79 [03:05<02:06,  3.96s/it, acc=23.80%]
 59%|█████▉    | 47/79 [03:09<02:06,  3.96s/it, acc=23.86%]
 61%|██████    | 48/79 [03:09<02:01,  3.93s/it, acc=23.86%]
 61%|██████    | 48/79 [03:13<02:01,  3.93s/it, acc=23.92%]
 62%|██████▏   | 49/79 [03:13<01:57,  3.91s/it, acc=23.92%]
 62%|██████▏   | 49/79 [03:17<01:57,  3.91s/it, acc=23.94%]
 63%|██████▎   | 50/79 [03:17<01:54,  3.94s/it, acc=23.94%]
 63%|██████▎   | 50/79 [03:19<01:54,  3.94s/it, acc=23.97%]
 65%|██████▍   | 51/79 [03:19<01:40,  3.60s/it, acc=23.97%]
 65%|██████▍   | 51/79 [03:22<01:40,  3.60s/it, acc=23.96%]
 66%|██████▌   | 52/79 [03:22<01:26,  3.21s/it, acc=23.96%]
 66%|██████▌   | 52/79 [03:24<01:26,  3.21s/it, acc=24.15%]
 67%|██████▋   | 53/79 [03:24<01:14,  2.85s/it, acc=24.15%]
 67%|██████▋   | 53/79 [03:26<01:14,  2.85s/it, acc=24.23%]
 68%|██████▊   | 54/79 [03:26<01:04,  2.60s/it, acc=24.23%]
 68%|██████▊   | 54/79 [03:28<01:04,  2.60s/it, acc=24.22%]
 70%|██████▉   | 55/79 [03:28<00:58,  2.42s/it, acc=24.22%]
 70%|██████▉   | 55/79 [03:30<00:58,  2.42s/it, acc=24.19%]
 71%|███████   | 56/79 [03:30<00:52,  2.30s/it, acc=24.19%]
 71%|███████   | 56/79 [03:32<00:52,  2.30s/it, acc=24.07%]
 72%|███████▏  | 57/79 [03:32<00:48,  2.21s/it, acc=24.07%]
 72%|███████▏  | 57/79 [03:34<00:48,  2.21s/it, acc=24.00%]
 73%|███████▎  | 58/79 [03:34<00:45,  2.15s/it, acc=24.00%]
 73%|███████▎  | 58/79 [03:36<00:45,  2.15s/it, acc=24.09%]
 75%|███████▍  | 59/79 [03:36<00:42,  2.12s/it, acc=24.09%]
 75%|███████▍  | 59/79 [03:38<00:42,  2.12s/it, acc=24.10%]
 76%|███████▌  | 60/79 [03:38<00:40,  2.15s/it, acc=24.10%]
 76%|███████▌  | 60/79 [03:40<00:40,  2.15s/it, acc=24.13%]
 77%|███████▋  | 61/79 [03:40<00:37,  2.11s/it, acc=24.13%]
 77%|███████▋  | 61/79 [03:42<00:37,  2.11s/it, acc=24.17%]
 78%|███████▊  | 62/79 [03:42<00:35,  2.08s/it, acc=24.17%]
 78%|███████▊  | 62/79 [03:44<00:35,  2.08s/it, acc=24.22%]
 80%|███████▉  | 63/79 [03:44<00:32,  2.06s/it, acc=24.22%]
 80%|███████▉  | 63/79 [03:46<00:32,  2.06s/it, acc=24.24%]
 81%|████████  | 64/79 [03:46<00:30,  2.04s/it, acc=24.24%]
 81%|████████  | 64/79 [03:48<00:30,  2.04s/it, acc=24.17%]
 82%|████████▏ | 65/79 [03:48<00:28,  2.03s/it, acc=24.17%]
 82%|████████▏ | 65/79 [03:50<00:28,  2.03s/it, acc=24.15%]
 84%|████████▎ | 66/79 [03:50<00:26,  2.03s/it, acc=24.15%]
 84%|████████▎ | 66/79 [03:52<00:26,  2.03s/it, acc=24.22%]
 85%|████████▍ | 67/79 [03:52<00:24,  2.02s/it, acc=24.22%]
 85%|████████▍ | 67/79 [03:54<00:24,  2.02s/it, acc=24.24%]
 86%|████████▌ | 68/79 [03:54<00:22,  2.02s/it, acc=24.24%]
 86%|████████▌ | 68/79 [03:56<00:22,  2.02s/it, acc=24.39%]
 87%|████████▋ | 69/79 [03:56<00:20,  2.02s/it, acc=24.39%]
 87%|████████▋ | 69/79 [03:58<00:20,  2.02s/it, acc=24.40%]
 89%|████████▊ | 70/79 [03:58<00:18,  2.01s/it, acc=24.40%]
 89%|████████▊ | 70/79 [04:00<00:18,  2.01s/it, acc=24.44%]
 90%|████████▉ | 71/79 [04:00<00:16,  2.01s/it, acc=24.44%]
 90%|████████▉ | 71/79 [04:02<00:16,  2.01s/it, acc=24.37%]
 91%|█████████ | 72/79 [04:02<00:14,  2.01s/it, acc=24.37%]
 91%|█████████ | 72/79 [04:04<00:14,  2.01s/it, acc=24.42%]
 92%|█████████▏| 73/79 [04:04<00:12,  2.01s/it, acc=24.42%]
 92%|█████████▏| 73/79 [04:06<00:12,  2.01s/it, acc=24.49%]
 94%|█████████▎| 74/79 [04:06<00:10,  2.01s/it, acc=24.49%]
 94%|█████████▎| 74/79 [04:08<00:10,  2.01s/it, acc=24.46%]
 95%|█████████▍| 75/79 [04:08<00:08,  2.01s/it, acc=24.46%]
 95%|█████████▍| 75/79 [04:10<00:08,  2.01s/it, acc=24.54%]
 96%|█████████▌| 76/79 [04:10<00:06,  2.01s/it, acc=24.54%]
 96%|█████████▌| 76/79 [04:12<00:06,  2.01s/it, acc=24.51%]
 97%|█████████▋| 77/79 [04:12<00:04,  2.01s/it, acc=24.51%]
 97%|█████████▋| 77/79 [04:14<00:04,  2.01s/it, acc=24.43%]
 99%|█████████▊| 78/79 [04:14<00:02,  2.01s/it, acc=24.43%]
 99%|█████████▊| 78/79 [04:14<00:02,  2.01s/it, acc=24.44%]
100%|██████████| 79/79 [04:14<00:00,  1.50s/it, acc=24.44%]
100%|██████████| 79/79 [04:14<00:00,  3.23s/it, acc=24.44%]
ABLATION_RESULT case=summing_current_noise_only trial_index=4 accuracy=24.44000000
Test Accuracy at noise level 0.0 thermal noise eps None: 24.44%
Average test acc over 5 trials is 24.360000000000003
-------- Final Result ODEBlock with t_end: 1.75, real_t_end: 1.75 --------
-------- Model name: TIMMQAT5b8aNT0p25mulTIMMPCNetNoBatchNorm_PCConvReLU6_0.0eps_ToggleODEXInitFFFB_dopri5Solver_1.75TEnd_0.0001Tol_0.001WD_128BS_0.01LR_C100_3K1S96C_0.25Dropout_16Layers4l5l4_2Pool_srrlDistill_a0p3_t2p0_scanGFI_1REP --------
wrapper params: {'ode_wrapper': <class 'ode_pc.ToggleQATTester1State'>, 'calib_path': None, 'R': 10000.0, 'R_max': 150000.0, 'C': 4.9e-14, 'k': 1000.0, 'v_dd': 0.1, 'w_bits': 5, 'enob': 8, 'tie_cap': False, 'one_over_q': 1.0, 'nonlinear_R': False, 'mul_mismatch_mode': 'static_mismatch', 'enable_measured_activation': False, 'activation_curve_path': '/home/rongzeng/_workspce_old/repos/pcn/collaboration/ScAN-PCN/hardware_data/relu_0p3mV.csv', 'activation_corner': 'TT', 'activation_spline_parameters': 10, 'compile_measured_activation': True, 'w_quant_mode': 'min_max', 'thermal_noise': False, 'w_perc': 0.99999, 'offset_eps': None}
Thermal noise eps: Johnson
t_end: 1.75, real_t_end: 1.75, Noise level: 0.0, Acc:24.36±0.16%
