stty: 'standard input': Inappropriate ioctl for device
/home/rongzeng/_workspce_old/repos/pcn/PCN-with-Local-Recurrent-Processing/inference_utils.py:19: FutureWarning: You are using `torch.load` with `weights_only=False` (the current default value), which uses the default pickle module implicitly. It is possible to construct malicious pickle data which will execute arbitrary code during unpickling (See https://github.com/pytorch/pytorch/blob/main/SECURITY.md#untrusted-models for more details). In a future release, the default value for `weights_only` will be flipped to `True`. This limits the functions that could be executed during unpickling. Arbitrary objects will no longer be allowed to be loaded via this mode unless they are explicitly allowlisted by the user via `torch.serialization.add_safe_globals`. We recommend you start setting `weights_only=True` for any use case where you don't have full control of the loaded file. Please open an issue on GitHub for any issues related to this experimental feature.
  checkpoint_weight = torch.load(model_path, map_location=device)  # weights_only=False
Running test with parameters:
  model_dir: ./saved_ckpt
  model_name: 
  weight: ./expanded_weights
  plot_path: ./loss_plot
  w_type: fb_flip
  noise_to_ff: True
  noise_to_bp: True
  test_only: True
Files already downloaded and verified
Traceback (most recent call last):
  File "/home/rongzeng/_workspce_old/repos/pcn/PCN-with-Local-Recurrent-Processing/run_test.py", line 88, in <module>
    run_test()
  File "/home/rongzeng/_workspce_old/repos/pcn/PCN-with-Local-Recurrent-Processing/run_test.py", line 67, in run_test
    net_ = load_and_prepare_model(model_path=ckpt_path, device=device, model_struct=PCNet,
           ^^^^^^^^^^^^^^^^^^^^^^^^^^^^^^^^^^^^^^^^^^^^^^^^^^^^^^^^^^^^^^^^^^^^^^^^^^^^^^^
  File "/home/rongzeng/_workspce_old/repos/pcn/PCN-with-Local-Recurrent-Processing/inference_utils.py", line 19, in load_and_prepare_model
    checkpoint_weight = torch.load(model_path, map_location=device)  # weights_only=False
                        ^^^^^^^^^^^^^^^^^^^^^^^^^^^^^^^^^^^^^^^^^^^
  File "/home/rongzeng/anaconda3/envs/pcn/lib/python3.12/site-packages/torch/serialization.py", line 1319, in load
    with _open_file_like(f, "rb") as opened_file:
         ^^^^^^^^^^^^^^^^^^^^^^^^
  File "/home/rongzeng/anaconda3/envs/pcn/lib/python3.12/site-packages/torch/serialization.py", line 659, in _open_file_like
    return _open_file(name_or_buffer, mode)
           ^^^^^^^^^^^^^^^^^^^^^^^^^^^^^^^^
  File "/home/rongzeng/anaconda3/envs/pcn/lib/python3.12/site-packages/torch/serialization.py", line 640, in __init__
    super().__init__(open(name, mode))
                     ^^^^^^^^^^^^^^^^
FileNotFoundError: [Errno 2] No such file or directory: './saved_ckpt/_best_ckpt.pth'
stty: 'standard input': Inappropriate ioctl for device
INFO:root:Running one forward pass for model: 
/home/rongzeng/_workspce_old/repos/pcn/PCN-with-Local-Recurrent-Processing/inference_utils.py:19: FutureWarning: You are using `torch.load` with `weights_only=False` (the current default value), which uses the default pickle module implicitly. It is possible to construct malicious pickle data which will execute arbitrary code during unpickling (See https://github.com/pytorch/pytorch/blob/main/SECURITY.md#untrusted-models for more details). In a future release, the default value for `weights_only` will be flipped to `True`. This limits the functions that could be executed during unpickling. Arbitrary objects will no longer be allowed to be loaded via this mode unless they are explicitly allowlisted by the user via `torch.serialization.add_safe_globals`. We recommend you start setting `weights_only=True` for any use case where you don't have full control of the loaded file. Please open an issue on GitHub for any issues related to this experimental feature.
  checkpoint_weight = torch.load(model_path, map_location=device)  # weights_only=False
Running test with parameters:
  model_dir: ./saved_ckpt
  model_name: 
  weight: ./expanded_weights
  plot_path: ./loss_plot
  w_type: fb_flip
  noise_to_ff: True
  noise_to_bp: True
  test_only: True
Files already downloaded and verified
Traceback (most recent call last):
  File "/home/rongzeng/_workspce_old/repos/pcn/PCN-with-Local-Recurrent-Processing/run_test.py", line 92, in <module>
    run_test()
  File "/home/rongzeng/_workspce_old/repos/pcn/PCN-with-Local-Recurrent-Processing/run_test.py", line 70, in run_test
    net_ = load_and_prepare_model(model_path=ckpt_path, device=device, model_struct=PCNet,
           ^^^^^^^^^^^^^^^^^^^^^^^^^^^^^^^^^^^^^^^^^^^^^^^^^^^^^^^^^^^^^^^^^^^^^^^^^^^^^^^
  File "/home/rongzeng/_workspce_old/repos/pcn/PCN-with-Local-Recurrent-Processing/inference_utils.py", line 19, in load_and_prepare_model
    checkpoint_weight = torch.load(model_path, map_location=device)  # weights_only=False
                        ^^^^^^^^^^^^^^^^^^^^^^^^^^^^^^^^^^^^^^^^^^^
  File "/home/rongzeng/anaconda3/envs/pcn/lib/python3.12/site-packages/torch/serialization.py", line 1319, in load
    with _open_file_like(f, "rb") as opened_file:
         ^^^^^^^^^^^^^^^^^^^^^^^^
  File "/home/rongzeng/anaconda3/envs/pcn/lib/python3.12/site-packages/torch/serialization.py", line 659, in _open_file_like
    return _open_file(name_or_buffer, mode)
           ^^^^^^^^^^^^^^^^^^^^^^^^^^^^^^^^
  File "/home/rongzeng/anaconda3/envs/pcn/lib/python3.12/site-packages/torch/serialization.py", line 640, in __init__
    super().__init__(open(name, mode))
                     ^^^^^^^^^^^^^^^^
FileNotFoundError: [Errno 2] No such file or directory: './saved_ckpt/_best_ckpt.pth'
stty: 'standard input': Inappropriate ioctl for device
INFO:root:Running one forward pass for model: PPCN_5CLS_1.0LRPC_0.001WD_withTied_noBPtied_noRelu_noBP_noReluBP_noPC_9Layers_1REP
/home/rongzeng/_workspce_old/repos/pcn/PCN-with-Local-Recurrent-Processing/inference_utils.py:19: FutureWarning: You are using `torch.load` with `weights_only=False` (the current default value), which uses the default pickle module implicitly. It is possible to construct malicious pickle data which will execute arbitrary code during unpickling (See https://github.com/pytorch/pytorch/blob/main/SECURITY.md#untrusted-models for more details). In a future release, the default value for `weights_only` will be flipped to `True`. This limits the functions that could be executed during unpickling. Arbitrary objects will no longer be allowed to be loaded via this mode unless they are explicitly allowlisted by the user via `torch.serialization.add_safe_globals`. We recommend you start setting `weights_only=True` for any use case where you don't have full control of the loaded file. Please open an issue on GitHub for any issues related to this experimental feature.
  checkpoint_weight = torch.load(model_path, map_location=device)  # weights_only=False
INFO:pc_conv:Initializing PC layer 0 with noise level: 0.4
Running test with parameters:
  model_dir: ./saved_ckpt
  model_name: PPCN_5CLS_1.0LRPC_0.001WD_withTied_noBPtied_noRelu_noBP_noReluBP_noPC_9Layers_1REP
  weight: ./expanded_weights
  plot_path: ./loss_plot
  w_type: fb_flip
  noise_to_ff: True
  noise_to_bp: True
  test_only: True
Files already downloaded and verified
Traceback (most recent call last):
  File "/home/rongzeng/_workspce_old/repos/pcn/PCN-with-Local-Recurrent-Processing/run_test.py", line 92, in <module>
    run_test()
  File "/home/rongzeng/_workspce_old/repos/pcn/PCN-with-Local-Recurrent-Processing/run_test.py", line 70, in run_test
    net_ = load_and_prepare_model(model_path=ckpt_path, device=device, model_struct=PCNet,
           ^^^^^^^^^^^^^^^^^^^^^^^^^^^^^^^^^^^^^^^^^^^^^^^^^^^^^^^^^^^^^^^^^^^^^^^^^^^^^^^
  File "/home/rongzeng/_workspce_old/repos/pcn/PCN-with-Local-Recurrent-Processing/inference_utils.py", line 36, in load_and_prepare_model
    net_ = model_struct(**init_kwargs)
           ^^^^^^^^^^^^^^^^^^^^^^^^^^^
  File "/home/rongzeng/_workspce_old/repos/pcn/PCN-with-Local-Recurrent-Processing/pc_model.py", line 26, in __init__
    [pc_conv_layer(inp_chan=self.ics[i], out_chan=self.ocs[i], layer_idx=i, **kwargs) for i in range(self.num_layers)])
     ^^^^^^^^^^^^^^^^^^^^^^^^^^^^^^^^^^^^^^^^^^^^^^^^^^^^^^^^^^^^^^^^^^^^^^^^^^^^^^^^
  File "/home/rongzeng/_workspce_old/repos/pcn/PCN-with-Local-Recurrent-Processing/pc_conv.py", line 134, in __init__
    self._load_expanded_weights(noise_level)
  File "/home/rongzeng/_workspce_old/repos/pcn/PCN-with-Local-Recurrent-Processing/pc_conv.py", line 234, in _load_expanded_weights
    expanded_weights = torch.load(
                       ^^^^^^^^^^^
  File "/home/rongzeng/anaconda3/envs/pcn/lib/python3.12/site-packages/torch/serialization.py", line 1319, in load
    with _open_file_like(f, "rb") as opened_file:
         ^^^^^^^^^^^^^^^^^^^^^^^^
  File "/home/rongzeng/anaconda3/envs/pcn/lib/python3.12/site-packages/torch/serialization.py", line 659, in _open_file_like
    return _open_file(name_or_buffer, mode)
           ^^^^^^^^^^^^^^^^^^^^^^^^^^^^^^^^
  File "/home/rongzeng/anaconda3/envs/pcn/lib/python3.12/site-packages/torch/serialization.py", line 640, in __init__
    super().__init__(open(name, mode))
                     ^^^^^^^^^^^^^^^^
FileNotFoundError: [Errno 2] No such file or directory: './expanded_weights/PPCN_5CLS_1.0LRPC_0.001WD_withTied_noBPtied_noRelu_noBP_noReluBP_noPC_9Layers_1REP/expanded_weights_layer_fb_1_flip.pt'
